2026-07-18T13:26:37  INFO     ============================================================
2026-07-18T13:26:37  INFO     Run 03531bc5 started
2026-07-18T13:26:37  INFO     ============================================================
2026-07-18T13:26:37  INFO     Loading eICU tables…
2026-07-18T13:26:38  INFO     Loaded 2,119 patients | 358 readmissions (16.9%)
2026-07-18T13:26:38  INFO     Splitting global held-out test set (20% of data)…
2026-07-18T13:26:38  INFO     Train: 1,695 | Test: 424 (shared across all strategies)
2026-07-18T13:26:38  INFO     Running Strategy 1 — Centralized (oracle baseline)…
2026-07-18T13:26:56  INFO     [METRIC]   Strategy 1 (Centralized): global_AUROC=0.7627  CV_AUROC=0.7408±0.0400
2026-07-18T13:26:56  INFO       Centralized AUROC=0.7627  (warm-start weights captured for FL strategies)
2026-07-18T13:26:56  INFO     Running Strategy 2 — FedAvg by Region…
2026-07-18T13:26:57  INFO         Clients: ['Region: Midwest', 'Region: Northeast', 'Region: South', 'Region: Unknown', 'Region: West']
2026-07-18T13:26:57  INFO       FL server warm-started from Centralized weights
2026-07-18T13:26:57  INFO       ── Round 1/3 ──
2026-07-18T13:26:58  INFO     [METRIC]     Round 1: global_AUROC=0.7637  local_wt_AUROC(in-sample)=1.0000  participants=5  (0.99s)
2026-07-18T13:26:58  INFO       ── Round 2/3 ──
2026-07-18T13:26:59  INFO     [METRIC]     Round 2: global_AUROC=0.7618  local_wt_AUROC(in-sample)=1.0000  participants=5  (0.97s)
2026-07-18T13:26:59  INFO       ── Round 3/3 ──
2026-07-18T13:27:00  INFO     [METRIC]     Round 3: global_AUROC=0.7613  local_wt_AUROC(in-sample)=1.0000  participants=5  (0.97s)
2026-07-18T13:27:00  INFO     [METRIC]   Final global model: AUROC=0.7613  AP=0.4638  F1=0.4409
2026-07-18T13:27:00  INFO     Running Strategy 3 — FedAvg by Hospital Cluster…
2026-07-18T13:27:00  INFO         Clients: ['Cluster 1 (rate 13.6%)', 'Cluster 2 (rate 15.3%)', 'Cluster 3 (rate 23.0%)']
2026-07-18T13:27:00  INFO       FL server warm-started from Centralized weights
2026-07-18T13:27:00  INFO       ── Round 1/3 ──
2026-07-18T13:27:01  INFO     [METRIC]     Round 1: global_AUROC=0.7668  local_wt_AUROC(in-sample)=1.0000  participants=3  (1.08s)
2026-07-18T13:27:01  INFO       ── Round 2/3 ──
2026-07-18T13:27:03  INFO     [METRIC]     Round 2: global_AUROC=0.7651  local_wt_AUROC(in-sample)=1.0000  participants=3  (1.12s)
2026-07-18T13:27:03  INFO       ── Round 3/3 ──
2026-07-18T13:27:04  INFO     [METRIC]     Round 3: global_AUROC=0.7629  local_wt_AUROC(in-sample)=1.0000  participants=3  (1.06s)
2026-07-18T13:27:04  INFO     [METRIC]   Final global model: AUROC=0.7629  AP=0.4772  F1=0.4571
2026-07-18T13:27:04  INFO     Running Strategy 4 — Quality-Gated Hospital FL (gate=0.55)…
2026-07-18T13:27:04  INFO       Strategy 4: screening 31 candidate hospitals (gate AUROC≥0.55)
2026-07-18T13:27:04  INFO       FL server warm-started from Centralized weights
2026-07-18T13:27:04  INFO       ── Round 1/1 ──
2026-07-18T13:27:07  INFO     [METRIC]     Round 1: global_AUROC=0.7542  local_wt_AUROC(in-sample)=1.0000  participants=31  (3.26s)
2026-07-18T13:27:08  INFO     [METRIC]   Final global model: AUROC=0.7542  AP=0.4714  F1=0.4559
2026-07-18T13:27:08  INFO       Strategy 4: 31 hospitals passed gate, 0 filtered
2026-07-18T13:27:08  INFO         Clients: ['Hospital 56 (n=11)', 'Hospital 59 (n=10)', 'Hospital 63 (n=10)', 'Hospital 67 (n=10)', 'Hospital 69 (n=13)', 'Hospital 108 (n=10)', 'Hospital 122 (n=10)', 'Hospital 123 (n=18)', 'Hospital 125 (n=10)', 'Hospital 142 (n=10)', 'Hospital 144 (n=11)', 'Hospital 146 (n=18)', 'Hospital 154 (n=10)', 'Hospital 164 (n=10)', 'Hospital 171 (n=11)', 'Hospital 174 (n=11)', 'Hospital 175 (n=11)', 'Hospital 179 (n=10)', 'Hospital 181 (n=11)', 'Hospital 224 (n=12)', 'Hospital 243 (n=18)', 'Hospital 283 (n=13)', 'Hospital 312 (n=13)', 'Hospital 328 (n=12)', 'Hospital 404 (n=12)', 'Hospital 420 (n=11)', 'Hospital 433 (n=10)', 'Hospital 437 (n=11)', 'Hospital 444 (n=10)', 'Hospital 458 (n=12)', 'Hospital 459 (n=10)']
2026-07-18T13:27:08  INFO       FL server warm-started from Centralized weights
2026-07-18T13:27:08  INFO       ── Round 1/3 ──
2026-07-18T13:27:11  INFO     [METRIC]     Round 1: global_AUROC=0.7542  local_wt_AUROC(in-sample)=1.0000  participants=31  (3.35s)
2026-07-18T13:27:11  INFO       ── Round 2/3 ──
2026-07-18T13:27:15  INFO     [METRIC]     Round 2: global_AUROC=0.7363  local_wt_AUROC(in-sample)=1.0000  participants=31  (3.81s)
2026-07-18T13:27:15  INFO       ── Round 3/3 ──
2026-07-18T13:27:19  INFO     [METRIC]     Round 3: global_AUROC=0.7146  local_wt_AUROC(in-sample)=1.0000  participants=31  (4.2s)
2026-07-18T13:27:20  INFO     [METRIC]   Final global model: AUROC=0.7146  AP=0.3974  F1=0.3511
2026-07-18T13:27:20  INFO     Running Strategy 5 — FedProx (μ=0.01)…
2026-07-18T13:27:20  INFO         Clients: ['Region: Midwest', 'Region: Northeast', 'Region: South', 'Region: Unknown', 'Region: West']
2026-07-18T13:27:20  INFO       FL server warm-started from Centralized weights
2026-07-18T13:27:20  INFO       ── Round 1/3 ──
2026-07-18T13:27:21  INFO     [METRIC]     Round 1: global_AUROC=0.7637  local_wt_AUROC(in-sample)=1.0000  participants=5  (1.02s)
2026-07-18T13:27:21  INFO       ── Round 2/3 ──
2026-07-18T13:27:22  INFO     [METRIC]     Round 2: global_AUROC=0.7618  local_wt_AUROC(in-sample)=1.0000  participants=5  (0.91s)
2026-07-18T13:27:22  INFO       ── Round 3/3 ──
2026-07-18T13:27:23  INFO     [METRIC]     Round 3: global_AUROC=0.7613  local_wt_AUROC(in-sample)=1.0000  participants=5  (1.03s)
2026-07-18T13:27:23  INFO     [METRIC]   Final global model: AUROC=0.7613  AP=0.4638  F1=0.4409
2026-07-18T13:27:23  INFO     Running Strategy 6 — Non-IID Simulation (α=0.5)…
2026-07-18T13:27:23  INFO         Clients: ['Synth-Hospital 1 (rate 0.2%)', 'Synth-Hospital 2 (rate 0.0%)', 'Synth-Hospital 3 (rate 2.8%)', 'Synth-Hospital 4 (rate 92.8%)', 'Synth-Hospital 5 (rate 80.0%)']
2026-07-18T13:27:23  INFO       FL server warm-started from Centralized weights
2026-07-18T13:27:23  INFO       ── Round 1/3 ──
2026-07-18T13:27:24  INFO     [METRIC]     Round 1: global_AUROC=0.7705  local_wt_AUROC(in-sample)=1.0000  participants=4  (0.77s)
2026-07-18T13:27:24  INFO       ── Round 2/3 ──
2026-07-18T13:27:25  INFO     [METRIC]     Round 2: global_AUROC=0.7645  local_wt_AUROC(in-sample)=1.0000  participants=4  (0.8s)
2026-07-18T13:27:25  INFO       ── Round 3/3 ──
2026-07-18T13:27:25  INFO     [METRIC]     Round 3: global_AUROC=0.7658  local_wt_AUROC(in-sample)=1.0000  participants=4  (0.7s)
2026-07-18T13:27:26  INFO     [METRIC]   Final global model: AUROC=0.7658  AP=0.4788  F1=0.2796
2026-07-18T13:27:26  INFO     All strategies complete in 48.5s
2026-07-18T13:27:26  INFO     Run 03531bc5 finished in 48.51s
