2026-08-08T23:04:23  INFO     ============================================================
2026-08-08T23:04:23  INFO     Run 058ceba0 started
2026-08-08T23:04:23  INFO     ============================================================
2026-08-08T23:04:23  INFO     Loading dataset: eICU — ICU Readmission (5 US regions)…
2026-08-08T23:04:24  INFO     Loaded 2,119 records | 358 positives (16.9%)  [Healthcare]
2026-08-08T23:04:24  INFO     Splitting global held-out test set from real data only (20% of 2,119 real patients)…
2026-08-08T23:04:24  INFO     Real data split — Train: 1,695 | Test: 424 real patients (no synthetic records in test set)
2026-08-08T23:04:24  INFO     Running Strategy 1 — Centralized (oracle baseline)…
2026-08-08T23:05:23  INFO     [METRIC]   Strategy 1 (Centralized): global_AUROC=0.7627  CV_AUROC=0.7408±0.0400
2026-08-08T23:05:23  INFO       Centralized AUROC=0.7627  (warm-start weights captured for FL strategies)
2026-08-08T23:05:23  INFO     Running Strategy 2 — FedAvg by Region…
2026-08-08T23:05:23  INFO         Clients: ['Region: Midwest', 'Region: Northeast', 'Region: South', 'Region: Unknown', 'Region: West']
2026-08-08T23:05:23  INFO       FL server warm-started from Centralized weights
2026-08-08T23:05:23  INFO       ── Round 1/3 ──
2026-08-08T23:05:25  INFO     [METRIC]     Round 1: global_AUROC=0.7637  local_wt_AUROC(in-sample)=1.0000  participants=5  (2.18s)
2026-08-08T23:05:25  INFO       ── Round 2/3 ──
2026-08-08T23:05:27  INFO     [METRIC]     Round 2: global_AUROC=0.7618  local_wt_AUROC(in-sample)=1.0000  participants=5  (1.99s)
2026-08-08T23:05:27  INFO       ── Round 3/3 ──
2026-08-08T23:05:30  INFO     [METRIC]     Round 3: global_AUROC=0.7613  local_wt_AUROC(in-sample)=1.0000  participants=5  (2.38s)
2026-08-08T23:05:31  INFO     [METRIC]   Final global model: AUROC=0.7613  AP=0.4638  F1=0.4409
2026-08-08T23:05:31  INFO     Running Strategy 3 — Quality-Gated Hospital FL (gate=0.55)…
2026-08-08T23:05:31  INFO       Strategy 3: screening 31 candidate hospitals (gate AUROC≥0.55)
2026-08-08T23:05:31  INFO       FL server warm-started from Centralized weights
2026-08-08T23:05:31  INFO       ── Round 1/1 ──
2026-08-08T23:05:40  INFO     [METRIC]     Round 1: global_AUROC=0.7542  local_wt_AUROC(in-sample)=1.0000  participants=31  (9.0s)
2026-08-08T23:05:41  INFO     [METRIC]   Final global model: AUROC=0.7542  AP=0.4714  F1=0.4559
2026-08-08T23:05:41  INFO       Strategy 3: 31 hospitals passed gate, 0 filtered
2026-08-08T23:05:41  INFO         Clients: ['Hospital 56 (n=11)', 'Hospital 59 (n=10)', 'Hospital 63 (n=10)', 'Hospital 67 (n=10)', 'Hospital 69 (n=13)', 'Hospital 108 (n=10)', 'Hospital 122 (n=10)', 'Hospital 123 (n=18)', 'Hospital 125 (n=10)', 'Hospital 142 (n=10)', 'Hospital 144 (n=11)', 'Hospital 146 (n=18)', 'Hospital 154 (n=10)', 'Hospital 164 (n=10)', 'Hospital 171 (n=11)', 'Hospital 174 (n=11)', 'Hospital 175 (n=11)', 'Hospital 179 (n=10)', 'Hospital 181 (n=11)', 'Hospital 224 (n=12)', 'Hospital 243 (n=18)', 'Hospital 283 (n=13)', 'Hospital 312 (n=13)', 'Hospital 328 (n=12)', 'Hospital 404 (n=12)', 'Hospital 420 (n=11)', 'Hospital 433 (n=10)', 'Hospital 437 (n=11)', 'Hospital 444 (n=10)', 'Hospital 458 (n=12)', 'Hospital 459 (n=10)']
2026-08-08T23:05:41  INFO       FL server warm-started from Centralized weights
2026-08-08T23:05:41  INFO       ── Round 1/3 ──
2026-08-08T23:05:51  INFO     [METRIC]     Round 1: global_AUROC=0.7542  local_wt_AUROC(in-sample)=1.0000  participants=31  (9.51s)
2026-08-08T23:05:51  INFO       ── Round 2/3 ──
2026-08-08T23:06:03  INFO     [METRIC]     Round 2: global_AUROC=0.7363  local_wt_AUROC(in-sample)=1.0000  participants=31  (12.54s)
2026-08-08T23:06:03  INFO       ── Round 3/3 ──
2026-08-08T23:06:15  INFO     [METRIC]     Round 3: global_AUROC=0.7146  local_wt_AUROC(in-sample)=1.0000  participants=31  (12.0s)
2026-08-08T23:06:16  INFO     [METRIC]   Final global model: AUROC=0.7146  AP=0.3974  F1=0.3511
2026-08-08T23:06:16  INFO     Running Strategy 4 — FedProx (μ=0.01)…
2026-08-08T23:06:16  INFO         Clients: ['Region: Midwest', 'Region: Northeast', 'Region: South', 'Region: Unknown', 'Region: West']
2026-08-08T23:06:17  INFO       FL server warm-started from Centralized weights
2026-08-08T23:06:17  INFO       ── Round 1/3 ──
2026-08-08T23:06:20  INFO     [METRIC]     Round 1: global_AUROC=0.7637  local_wt_AUROC(in-sample)=1.0000  participants=5  (3.31s)
2026-08-08T23:06:20  INFO       ── Round 2/3 ──
2026-08-08T23:06:23  INFO     [METRIC]     Round 2: global_AUROC=0.7618  local_wt_AUROC(in-sample)=1.0000  participants=5  (2.91s)
2026-08-08T23:06:23  INFO       ── Round 3/3 ──
2026-08-08T23:06:27  INFO     [METRIC]     Round 3: global_AUROC=0.7613  local_wt_AUROC(in-sample)=1.0000  participants=5  (3.67s)
2026-08-08T23:06:27  INFO     [METRIC]   Final global model: AUROC=0.7613  AP=0.4638  F1=0.4409
2026-08-08T23:06:27  INFO     Running Strategy 5 — Non-IID Simulation (α=0.5)…
2026-08-08T23:06:27  INFO         Clients: ['Synth-Hospital 1 (rate 0.2%)', 'Synth-Hospital 2 (rate 0.0%)', 'Synth-Hospital 3 (rate 2.8%)', 'Synth-Hospital 4 (rate 92.8%)', 'Synth-Hospital 5 (rate 80.0%)']
2026-08-08T23:06:28  INFO       FL server warm-started from Centralized weights
2026-08-08T23:06:28  INFO       ── Round 1/3 ──
2026-08-08T23:06:30  INFO     [METRIC]     Round 1: global_AUROC=0.7705  local_wt_AUROC(in-sample)=1.0000  participants=4  (2.28s)
2026-08-08T23:06:30  INFO       ── Round 2/3 ──
2026-08-08T23:06:32  INFO     [METRIC]     Round 2: global_AUROC=0.7645  local_wt_AUROC(in-sample)=1.0000  participants=4  (1.92s)
2026-08-08T23:06:32  INFO       ── Round 3/3 ──
2026-08-08T23:06:34  INFO     [METRIC]     Round 3: global_AUROC=0.7658  local_wt_AUROC(in-sample)=1.0000  participants=4  (2.28s)
2026-08-08T23:06:35  INFO     [METRIC]   Final global model: AUROC=0.7658  AP=0.4788  F1=0.2796
2026-08-08T23:06:35  INFO     All strategies complete in 132.1s
2026-08-08T23:06:35  INFO     Run 058ceba0 finished in 132.05s
