2026-07-18T23:43:54  INFO     ============================================================
2026-07-18T23:43:54  INFO     Run 087b5943 started
2026-07-18T23:43:54  INFO     ============================================================
2026-07-18T23:43:54  INFO     Loading eICU tables…
2026-07-18T23:43:54  INFO     Loaded 2,119 patients | 358 readmissions (16.9%)
2026-07-18T23:43:54  INFO     Splitting global held-out test set (20% of data)…
2026-07-18T23:43:55  INFO     Train: 1,695 | Test: 424 (shared across all strategies)
2026-07-18T23:43:55  INFO     Running Strategy 1 — Centralized (oracle baseline)…
2026-07-18T23:44:35  INFO     [METRIC]   Strategy 1 (Centralized): global_AUROC=0.7627  CV_AUROC=0.7408±0.0400
2026-07-18T23:44:35  INFO       Centralized AUROC=0.7627  (warm-start weights captured for FL strategies)
2026-07-18T23:44:35  INFO     Running Strategy 2 — FedAvg by Region…
2026-07-18T23:44:35  INFO         Clients: ['Region: Midwest', 'Region: Northeast', 'Region: South', 'Region: Unknown', 'Region: West']
2026-07-18T23:44:36  INFO       FL server warm-started from Centralized weights
2026-07-18T23:44:36  INFO       ── Round 1/3 ──
2026-07-18T23:44:38  INFO     [METRIC]     Round 1: global_AUROC=0.7637  local_wt_AUROC(in-sample)=1.0000  participants=5  (2.1s)
2026-07-18T23:44:38  INFO       ── Round 2/3 ──
2026-07-18T23:44:39  INFO     [METRIC]     Round 2: global_AUROC=0.7618  local_wt_AUROC(in-sample)=1.0000  participants=5  (1.77s)
2026-07-18T23:44:39  INFO       ── Round 3/3 ──
2026-07-18T23:44:41  INFO     [METRIC]     Round 3: global_AUROC=0.7613  local_wt_AUROC(in-sample)=1.0000  participants=5  (1.87s)
2026-07-18T23:44:42  INFO     [METRIC]   Final global model: AUROC=0.7613  AP=0.4638  F1=0.4409
2026-07-18T23:44:42  INFO     Running Strategy 4 — Quality-Gated Hospital FL (gate=0.55)…
2026-07-18T23:44:42  INFO       Strategy 4: screening 31 candidate hospitals (gate AUROC≥0.55)
2026-07-18T23:44:43  INFO       FL server warm-started from Centralized weights
2026-07-18T23:44:43  INFO       ── Round 1/1 ──
2026-07-18T23:44:49  INFO     [METRIC]     Round 1: global_AUROC=0.7542  local_wt_AUROC(in-sample)=1.0000  participants=31  (6.07s)
2026-07-18T23:44:49  INFO     [METRIC]   Final global model: AUROC=0.7542  AP=0.4714  F1=0.4559
2026-07-18T23:44:49  INFO       Strategy 4: 31 hospitals passed gate, 0 filtered
2026-07-18T23:44:49  INFO         Clients: ['Hospital 56 (n=11)', 'Hospital 59 (n=10)', 'Hospital 63 (n=10)', 'Hospital 67 (n=10)', 'Hospital 69 (n=13)', 'Hospital 108 (n=10)', 'Hospital 122 (n=10)', 'Hospital 123 (n=18)', 'Hospital 125 (n=10)', 'Hospital 142 (n=10)', 'Hospital 144 (n=11)', 'Hospital 146 (n=18)', 'Hospital 154 (n=10)', 'Hospital 164 (n=10)', 'Hospital 171 (n=11)', 'Hospital 174 (n=11)', 'Hospital 175 (n=11)', 'Hospital 179 (n=10)', 'Hospital 181 (n=11)', 'Hospital 224 (n=12)', 'Hospital 243 (n=18)', 'Hospital 283 (n=13)', 'Hospital 312 (n=13)', 'Hospital 328 (n=12)', 'Hospital 404 (n=12)', 'Hospital 420 (n=11)', 'Hospital 433 (n=10)', 'Hospital 437 (n=11)', 'Hospital 444 (n=10)', 'Hospital 458 (n=12)', 'Hospital 459 (n=10)']
2026-07-18T23:44:50  INFO       FL server warm-started from Centralized weights
2026-07-18T23:44:50  INFO       ── Round 1/3 ──
2026-07-18T23:44:55  INFO     [METRIC]     Round 1: global_AUROC=0.7542  local_wt_AUROC(in-sample)=1.0000  participants=31  (5.49s)
2026-07-18T23:44:55  INFO       ── Round 2/3 ──
2026-07-18T23:45:02  INFO     [METRIC]     Round 2: global_AUROC=0.7363  local_wt_AUROC(in-sample)=1.0000  participants=31  (6.59s)
2026-07-18T23:45:02  INFO       ── Round 3/3 ──
2026-07-18T23:45:08  INFO     [METRIC]     Round 3: global_AUROC=0.7146  local_wt_AUROC(in-sample)=1.0000  participants=31  (6.67s)
2026-07-18T23:45:09  INFO     [METRIC]   Final global model: AUROC=0.7146  AP=0.3974  F1=0.3511
2026-07-18T23:45:10  INFO     Running Strategy 5 — FedProx (μ=0.01)…
2026-07-18T23:45:10  INFO         Clients: ['Region: Midwest', 'Region: Northeast', 'Region: South', 'Region: Unknown', 'Region: West']
2026-07-18T23:45:10  INFO       FL server warm-started from Centralized weights
2026-07-18T23:45:10  INFO       ── Round 1/3 ──
2026-07-18T23:45:12  INFO     [METRIC]     Round 1: global_AUROC=0.7637  local_wt_AUROC(in-sample)=1.0000  participants=5  (2.0s)
2026-07-18T23:45:12  INFO       ── Round 2/3 ──
2026-07-18T23:45:14  INFO     [METRIC]     Round 2: global_AUROC=0.7618  local_wt_AUROC(in-sample)=1.0000  participants=5  (2.13s)
2026-07-18T23:45:14  INFO       ── Round 3/3 ──
2026-07-18T23:45:16  INFO     [METRIC]     Round 3: global_AUROC=0.7613  local_wt_AUROC(in-sample)=1.0000  participants=5  (2.09s)
2026-07-18T23:45:17  INFO     [METRIC]   Final global model: AUROC=0.7613  AP=0.4638  F1=0.4409
2026-07-18T23:45:17  INFO     Running Strategy 6 — Non-IID Simulation (α=0.5, 5 clients)…
2026-07-18T23:45:17  INFO         Clients: ['Synth-Hospital 1 (rate 0.2%)', 'Synth-Hospital 2 (rate 0.0%)', 'Synth-Hospital 3 (rate 2.8%)', 'Synth-Hospital 4 (rate 92.8%)', 'Synth-Hospital 5 (rate 80.0%)']
2026-07-18T23:45:17  INFO       ── Round 1/3 ──
2026-07-18T23:45:19  INFO     [METRIC]     Round 1: global_AUROC=0.5818  local_wt_AUROC(in-sample)=0.7684  participants=4  (1.72s)
2026-07-18T23:45:19  INFO       ── Round 2/3 ──
2026-07-18T23:45:21  INFO     [METRIC]     Round 2: global_AUROC=0.6653  local_wt_AUROC(in-sample)=0.9221  participants=4  (1.62s)
2026-07-18T23:45:21  INFO       ── Round 3/3 ──
2026-07-18T23:45:22  INFO     [METRIC]     Round 3: global_AUROC=0.6491  local_wt_AUROC(in-sample)=0.9436  participants=4  (1.78s)
2026-07-18T23:45:23  INFO     [METRIC]   Final global model: AUROC=0.6491  AP=0.3212  F1=0.0270
2026-07-18T23:45:23  INFO     All strategies complete in 89.7s
2026-07-18T23:45:23  INFO     Run 087b5943 finished in 89.72s
