2026-07-04T16:23:16  INFO     ============================================================
2026-07-04T16:23:16  INFO     Run 2c1ed9eb started
2026-07-04T16:23:16  INFO     ============================================================
2026-07-04T16:23:16  INFO     Loading eICU tables…
2026-07-04T16:23:16  INFO     Loaded 2,119 patients | 358 readmissions (16.9%)
2026-07-04T16:23:16  INFO     Splitting global held-out test set (20% of data)…
2026-07-04T16:23:16  INFO     Train: 1,695 | Test: 424 (shared across all strategies)
2026-07-04T16:23:16  INFO     Running Strategy 1 — Centralized (oracle baseline)…
2026-07-04T16:23:16  INFO     [METRIC]   Strategy 1 (Centralized): global_AUROC=0.7353  CV_AUROC=0.7308±0.0383
2026-07-04T16:23:16  INFO     Running Strategy 2 — FedAvg by Region…
2026-07-04T16:23:16  INFO         Clients: ['Region: Midwest', 'Region: Northeast', 'Region: South', 'Region: West']
2026-07-04T16:23:16  INFO       ── Round 1/3 ──
2026-07-04T16:23:17  INFO     [METRIC]     Round 1: global_AUROC=0.7351  local_wt_AUROC=0.7796  participants=4  (0.09s)
2026-07-04T16:23:17  INFO       ── Round 2/3 ──
2026-07-04T16:23:17  INFO     [METRIC]     Round 2: global_AUROC=0.7220  local_wt_AUROC=0.7790  participants=4  (0.1s)
2026-07-04T16:23:17  INFO       ── Round 3/3 ──
2026-07-04T16:23:17  INFO     [METRIC]     Round 3: global_AUROC=0.7385  local_wt_AUROC=0.7863  participants=4  (0.1s)
2026-07-04T16:23:17  INFO     [METRIC]   Final global model: AUROC=0.7385  AP=0.3687
2026-07-04T16:23:17  INFO     Running Strategy 3 — FedAvg by Hospital Cluster…
2026-07-04T16:23:20  INFO         Clients: ['Cluster 1 (rate 13.1%)', 'Cluster 2 (rate 16.8%)', 'Cluster 3 (rate 22.8%)']
2026-07-04T16:23:20  INFO       ── Round 1/3 ──
2026-07-04T16:23:20  INFO     [METRIC]     Round 1: global_AUROC=0.7092  local_wt_AUROC=0.7289  participants=3  (0.07s)
2026-07-04T16:23:20  INFO       ── Round 2/3 ──
2026-07-04T16:23:20  INFO     [METRIC]     Round 2: global_AUROC=0.7191  local_wt_AUROC=0.7587  participants=3  (0.08s)
2026-07-04T16:23:20  INFO       ── Round 3/3 ──
2026-07-04T16:23:20  INFO     [METRIC]     Round 3: global_AUROC=0.7135  local_wt_AUROC=0.7531  participants=3  (0.08s)
2026-07-04T16:23:20  INFO     [METRIC]   Final global model: AUROC=0.7135  AP=0.3600
2026-07-04T16:23:20  INFO     Running Strategy 4 — Quality-Gated Hospital FL (gate=0.75)…
2026-07-04T16:23:20  INFO       Strategy 4: screening 31 candidate hospitals (gate AUROC≥0.75)
2026-07-04T16:23:20  INFO       ── Round 1/1 ──
2026-07-04T16:23:20  INFO     [METRIC]     Round 1: global_AUROC=0.7199  local_wt_AUROC=0.6751  participants=19  (0.53s)
2026-07-04T16:23:20  INFO     [METRIC]   Final global model: AUROC=0.7199  AP=0.3660
2026-07-04T16:23:20  INFO       Strategy 4: 12 hospitals passed gate, 19 filtered
2026-07-04T16:23:20  INFO         Clients: ['Hospital 59 (n=11)', 'Hospital 60 (n=10)', 'Hospital 68 (n=11)', 'Hospital 69 (n=11)', 'Hospital 122 (n=11)', 'Hospital 123 (n=18)', 'Hospital 175 (n=12)', 'Hospital 183 (n=10)', 'Hospital 224 (n=12)', 'Hospital 443 (n=13)', 'Hospital 458 (n=13)', 'Hospital 459 (n=10)']
2026-07-04T16:23:20  INFO       ── Round 1/3 ──
2026-07-04T16:23:21  INFO     [METRIC]     Round 1: global_AUROC=0.6980  local_wt_AUROC=1.0000  participants=12  (0.26s)
2026-07-04T16:23:21  INFO       ── Round 2/3 ──
2026-07-04T16:23:21  INFO     [METRIC]     Round 2: global_AUROC=0.7137  local_wt_AUROC=1.0000  participants=12  (0.26s)
2026-07-04T16:23:21  INFO       ── Round 3/3 ──
2026-07-04T16:23:21  INFO     [METRIC]     Round 3: global_AUROC=0.7298  local_wt_AUROC=0.8345  participants=12  (0.28s)
2026-07-04T16:23:21  INFO     [METRIC]   Final global model: AUROC=0.7298  AP=0.3456
2026-07-04T16:23:21  INFO     All strategies complete in 5.4s
2026-07-04T16:23:21  INFO     Run 2c1ed9eb finished in 5.41s
