2026-08-08T23:11:43  INFO     ============================================================
2026-08-08T23:11:43  INFO     Run 2f7843ce started
2026-08-08T23:11:43  INFO     ============================================================
2026-08-08T23:11:43  INFO     Loading dataset: eICU — ICU Readmission (5 US regions)…
2026-08-08T23:11:44  INFO     Loaded 2,119 records | 358 positives (16.9%)  [Healthcare]
2026-08-08T23:11:44  INFO     Splitting global held-out test set from real data only (20% of 2,119 real patients)…
2026-08-08T23:11:44  INFO     Real data split — Train: 1,695 | Test: 424 real patients (no synthetic records in test set)
2026-08-08T23:11:44  INFO     Running Strategy 1 — Centralized (oracle baseline)…
2026-08-08T23:11:44  INFO     [METRIC]   Strategy 1 (Centralized): global_AUROC=0.7540  CV_AUROC=0.7596±0.0398
2026-08-08T23:11:44  INFO       Centralized AUROC=0.7540  (warm-start weights captured for FL strategies)
2026-08-08T23:11:44  INFO     Running Strategy 2 — FedAvg by Region…
2026-08-08T23:11:44  INFO         Clients: ['Region: Midwest', 'Region: Northeast', 'Region: South', 'Region: Unknown', 'Region: West']
2026-08-08T23:11:44  INFO       FL server warm-started from Centralized weights
2026-08-08T23:11:44  INFO       ── Round 1/3 ──
2026-08-08T23:11:45  INFO     [METRIC]     Round 1: global_AUROC=0.7401  local_wt_AUROC(in-sample)=0.8197  participants=5  (0.83s)
2026-08-08T23:11:45  INFO       ── Round 2/3 ──
2026-08-08T23:11:46  INFO     [METRIC]     Round 2: global_AUROC=0.7400  local_wt_AUROC(in-sample)=0.8196  participants=5  (0.78s)
2026-08-08T23:11:46  INFO       ── Round 3/3 ──
2026-08-08T23:11:47  INFO     [METRIC]     Round 3: global_AUROC=0.7400  local_wt_AUROC(in-sample)=0.8196  participants=5  (0.83s)
2026-08-08T23:11:47  INFO     [METRIC]   Final global model: AUROC=0.7400  AP=0.3611  F1=0.4195
2026-08-08T23:11:47  INFO     All strategies complete in 4.8s
2026-08-08T23:11:47  INFO     Run 2f7843ce finished in 4.84s
