2026-07-18T22:45:32  INFO     ============================================================
2026-07-18T22:45:32  INFO     Run 63617c31 started
2026-07-18T22:45:32  INFO     ============================================================
2026-07-18T22:45:32  INFO     Loading eICU tables…
2026-07-18T22:45:32  INFO     Loaded 2,119 patients | 358 readmissions (16.9%)
2026-07-18T22:45:32  INFO     Splitting global held-out test set (20% of data)…
2026-07-18T22:45:32  INFO     Train: 1,695 | Test: 424 (shared across all strategies)
2026-07-18T22:45:32  INFO     Running Strategy 1 — Centralized (oracle baseline)…
2026-07-18T22:46:15  INFO     [METRIC]   Strategy 1 (Centralized): global_AUROC=0.7627  CV_AUROC=0.7408±0.0400
2026-07-18T22:46:15  INFO       Centralized AUROC=0.7627  (warm-start weights captured for FL strategies)
2026-07-18T22:46:15  INFO     Running Strategy 2 — FedAvg by Region…
2026-07-18T22:46:15  INFO         Clients: ['Region: Midwest', 'Region: Northeast', 'Region: South', 'Region: Unknown', 'Region: West']
2026-07-18T22:46:15  INFO       FL server warm-started from Centralized weights
2026-07-18T22:46:15  INFO       ── Round 1/3 ──
2026-07-18T22:46:17  INFO     [METRIC]     Round 1: global_AUROC=0.7637  local_wt_AUROC(in-sample)=1.0000  participants=5  (1.94s)
2026-07-18T22:46:17  INFO       ── Round 2/3 ──
2026-07-18T22:46:19  INFO     [METRIC]     Round 2: global_AUROC=0.7618  local_wt_AUROC(in-sample)=1.0000  participants=5  (1.88s)
2026-07-18T22:46:19  INFO       ── Round 3/3 ──
2026-07-18T22:46:20  INFO     [METRIC]     Round 3: global_AUROC=0.7613  local_wt_AUROC(in-sample)=1.0000  participants=5  (1.86s)
2026-07-18T22:46:21  INFO     [METRIC]   Final global model: AUROC=0.7613  AP=0.4638  F1=0.4409
2026-07-18T22:46:21  INFO     Running Strategy 4 — Quality-Gated Hospital FL (gate=0.55)…
2026-07-18T22:46:22  INFO       Strategy 4: screening 31 candidate hospitals (gate AUROC≥0.55)
2026-07-18T22:46:22  INFO       FL server warm-started from Centralized weights
2026-07-18T22:46:22  INFO       ── Round 1/1 ──
2026-07-18T22:46:29  INFO     [METRIC]     Round 1: global_AUROC=0.7542  local_wt_AUROC(in-sample)=1.0000  participants=31  (6.73s)
2026-07-18T22:46:30  INFO     [METRIC]   Final global model: AUROC=0.7542  AP=0.4714  F1=0.4559
2026-07-18T22:46:30  INFO       Strategy 4: 31 hospitals passed gate, 0 filtered
2026-07-18T22:46:30  INFO         Clients: ['Hospital 56 (n=11)', 'Hospital 59 (n=10)', 'Hospital 63 (n=10)', 'Hospital 67 (n=10)', 'Hospital 69 (n=13)', 'Hospital 108 (n=10)', 'Hospital 122 (n=10)', 'Hospital 123 (n=18)', 'Hospital 125 (n=10)', 'Hospital 142 (n=10)', 'Hospital 144 (n=11)', 'Hospital 146 (n=18)', 'Hospital 154 (n=10)', 'Hospital 164 (n=10)', 'Hospital 171 (n=11)', 'Hospital 174 (n=11)', 'Hospital 175 (n=11)', 'Hospital 179 (n=10)', 'Hospital 181 (n=11)', 'Hospital 224 (n=12)', 'Hospital 243 (n=18)', 'Hospital 283 (n=13)', 'Hospital 312 (n=13)', 'Hospital 328 (n=12)', 'Hospital 404 (n=12)', 'Hospital 420 (n=11)', 'Hospital 433 (n=10)', 'Hospital 437 (n=11)', 'Hospital 444 (n=10)', 'Hospital 458 (n=12)', 'Hospital 459 (n=10)']
2026-07-18T22:46:30  INFO       FL server warm-started from Centralized weights
2026-07-18T22:46:30  INFO       ── Round 1/3 ──
2026-07-18T22:46:36  INFO     [METRIC]     Round 1: global_AUROC=0.7542  local_wt_AUROC(in-sample)=1.0000  participants=31  (6.34s)
2026-07-18T22:46:36  INFO       ── Round 2/3 ──
2026-07-18T22:46:43  INFO     [METRIC]     Round 2: global_AUROC=0.7363  local_wt_AUROC(in-sample)=1.0000  participants=31  (6.64s)
2026-07-18T22:46:43  INFO       ── Round 3/3 ──
2026-07-18T22:46:50  INFO     [METRIC]     Round 3: global_AUROC=0.7146  local_wt_AUROC(in-sample)=1.0000  participants=31  (7.0s)
2026-07-18T22:46:51  INFO     [METRIC]   Final global model: AUROC=0.7146  AP=0.3974  F1=0.3511
2026-07-18T22:46:51  INFO     Running Strategy 5 — FedProx (μ=0.01)…
2026-07-18T22:46:51  INFO         Clients: ['Region: Midwest', 'Region: Northeast', 'Region: South', 'Region: Unknown', 'Region: West']
2026-07-18T22:46:52  INFO       FL server warm-started from Centralized weights
2026-07-18T22:46:52  INFO       ── Round 1/3 ──
2026-07-18T22:46:54  INFO     [METRIC]     Round 1: global_AUROC=0.7637  local_wt_AUROC(in-sample)=1.0000  participants=5  (2.09s)
2026-07-18T22:46:54  INFO       ── Round 2/3 ──
2026-07-18T22:46:56  INFO     [METRIC]     Round 2: global_AUROC=0.7618  local_wt_AUROC(in-sample)=1.0000  participants=5  (2.02s)
2026-07-18T22:46:56  INFO       ── Round 3/3 ──
2026-07-18T22:46:58  INFO     [METRIC]     Round 3: global_AUROC=0.7613  local_wt_AUROC(in-sample)=1.0000  participants=5  (2.09s)
2026-07-18T22:46:59  INFO     [METRIC]   Final global model: AUROC=0.7613  AP=0.4638  F1=0.4409
2026-07-18T22:46:59  INFO     All strategies complete in 87.3s
2026-07-18T22:46:59  INFO     Run 63617c31 finished in 87.29s
