2026-07-18T23:22:47  INFO     ============================================================
2026-07-18T23:22:47  INFO     Run 919170e4 started
2026-07-18T23:22:47  INFO     ============================================================
2026-07-18T23:22:47  INFO     Loading eICU tables…
2026-07-18T23:22:48  INFO     Loaded 2,119 patients | 358 readmissions (16.9%)
2026-07-18T23:22:48  INFO     Splitting global held-out test set (20% of data)…
2026-07-18T23:22:48  INFO     Train: 1,695 | Test: 424 (shared across all strategies)
2026-07-18T23:22:48  INFO     Running Strategy 1 — Centralized (oracle baseline)…
2026-07-18T23:23:10  INFO     [METRIC]   Strategy 1 (Centralized): global_AUROC=0.7627  CV_AUROC=0.7408±0.0400
2026-07-18T23:23:10  INFO       Centralized AUROC=0.7627  (warm-start weights captured for FL strategies)
2026-07-18T23:23:10  INFO     Running Strategy 2 — FedAvg by Region…
2026-07-18T23:23:10  INFO         Clients: ['Region: Midwest', 'Region: Northeast', 'Region: South', 'Region: Unknown', 'Region: West']
2026-07-18T23:23:10  INFO       FL server warm-started from Centralized weights
2026-07-18T23:23:10  INFO       ── Round 1/3 ──
2026-07-18T23:23:12  INFO     [METRIC]     Round 1: global_AUROC=0.7637  local_wt_AUROC(in-sample)=1.0000  participants=5  (1.69s)
2026-07-18T23:23:12  INFO       ── Round 2/3 ──
2026-07-18T23:23:13  INFO     [METRIC]     Round 2: global_AUROC=0.7618  local_wt_AUROC(in-sample)=1.0000  participants=5  (1.16s)
2026-07-18T23:23:13  INFO       ── Round 3/3 ──
2026-07-18T23:23:16  INFO     [METRIC]     Round 3: global_AUROC=0.7613  local_wt_AUROC(in-sample)=1.0000  participants=5  (2.6s)
2026-07-18T23:23:17  INFO     [METRIC]   Final global model: AUROC=0.7613  AP=0.4638  F1=0.4409
2026-07-18T23:23:17  INFO     Running Strategy 3 — FedAvg by Hospital Cluster…
2026-07-18T23:23:17  INFO         Clients: ['Cluster 1 (rate 13.6%)', 'Cluster 2 (rate 15.3%)', 'Cluster 3 (rate 23.0%)']
2026-07-18T23:23:17  INFO       FL server warm-started from Centralized weights
2026-07-18T23:23:17  INFO       ── Round 1/3 ──
2026-07-18T23:23:18  INFO     [METRIC]     Round 1: global_AUROC=0.7668  local_wt_AUROC(in-sample)=1.0000  participants=3  (1.54s)
2026-07-18T23:23:18  INFO       ── Round 2/3 ──
2026-07-18T23:23:20  INFO     [METRIC]     Round 2: global_AUROC=0.7651  local_wt_AUROC(in-sample)=1.0000  participants=3  (1.28s)
2026-07-18T23:23:20  INFO       ── Round 3/3 ──
2026-07-18T23:23:21  INFO     [METRIC]     Round 3: global_AUROC=0.7629  local_wt_AUROC(in-sample)=1.0000  participants=3  (1.3s)
2026-07-18T23:23:21  INFO     [METRIC]   Final global model: AUROC=0.7629  AP=0.4772  F1=0.4571
2026-07-18T23:23:21  INFO     Running Strategy 4 — Quality-Gated Hospital FL (gate=0.55)…
2026-07-18T23:23:22  INFO       Strategy 4: screening 31 candidate hospitals (gate AUROC≥0.55)
2026-07-18T23:23:22  INFO       FL server warm-started from Centralized weights
2026-07-18T23:23:22  INFO       ── Round 1/1 ──
2026-07-18T23:23:25  INFO     [METRIC]     Round 1: global_AUROC=0.7542  local_wt_AUROC(in-sample)=1.0000  participants=31  (3.09s)
2026-07-18T23:23:25  INFO     [METRIC]   Final global model: AUROC=0.7542  AP=0.4714  F1=0.4559
2026-07-18T23:23:25  INFO       Strategy 4: 31 hospitals passed gate, 0 filtered
2026-07-18T23:23:25  INFO         Clients: ['Hospital 56 (n=11)', 'Hospital 59 (n=10)', 'Hospital 63 (n=10)', 'Hospital 67 (n=10)', 'Hospital 69 (n=13)', 'Hospital 108 (n=10)', 'Hospital 122 (n=10)', 'Hospital 123 (n=18)', 'Hospital 125 (n=10)', 'Hospital 142 (n=10)', 'Hospital 144 (n=11)', 'Hospital 146 (n=18)', 'Hospital 154 (n=10)', 'Hospital 164 (n=10)', 'Hospital 171 (n=11)', 'Hospital 174 (n=11)', 'Hospital 175 (n=11)', 'Hospital 179 (n=10)', 'Hospital 181 (n=11)', 'Hospital 224 (n=12)', 'Hospital 243 (n=18)', 'Hospital 283 (n=13)', 'Hospital 312 (n=13)', 'Hospital 328 (n=12)', 'Hospital 404 (n=12)', 'Hospital 420 (n=11)', 'Hospital 433 (n=10)', 'Hospital 437 (n=11)', 'Hospital 444 (n=10)', 'Hospital 458 (n=12)', 'Hospital 459 (n=10)']
2026-07-18T23:23:25  INFO       FL server warm-started from Centralized weights
2026-07-18T23:23:25  INFO       ── Round 1/3 ──
2026-07-18T23:23:28  INFO     [METRIC]     Round 1: global_AUROC=0.7542  local_wt_AUROC(in-sample)=1.0000  participants=31  (3.28s)
2026-07-18T23:23:28  INFO       ── Round 2/3 ──
2026-07-18T23:23:32  INFO     [METRIC]     Round 2: global_AUROC=0.7363  local_wt_AUROC(in-sample)=1.0000  participants=31  (3.79s)
2026-07-18T23:23:32  INFO       ── Round 3/3 ──
2026-07-18T23:23:37  INFO     [METRIC]     Round 3: global_AUROC=0.7146  local_wt_AUROC(in-sample)=1.0000  participants=31  (4.54s)
2026-07-18T23:23:37  INFO     [METRIC]   Final global model: AUROC=0.7146  AP=0.3974  F1=0.3511
2026-07-18T23:23:38  INFO     Running Strategy 5 — FedProx (μ=0.01)…
2026-07-18T23:23:38  INFO         Clients: ['Region: Midwest', 'Region: Northeast', 'Region: South', 'Region: Unknown', 'Region: West']
2026-07-18T23:23:38  INFO       FL server warm-started from Centralized weights
2026-07-18T23:23:38  INFO       ── Round 1/3 ──
2026-07-18T23:23:39  INFO     [METRIC]     Round 1: global_AUROC=0.7637  local_wt_AUROC(in-sample)=1.0000  participants=5  (0.99s)
2026-07-18T23:23:39  INFO       ── Round 2/3 ──
2026-07-18T23:23:40  INFO     [METRIC]     Round 2: global_AUROC=0.7618  local_wt_AUROC(in-sample)=1.0000  participants=5  (0.87s)
2026-07-18T23:23:40  INFO       ── Round 3/3 ──
2026-07-18T23:23:41  INFO     [METRIC]     Round 3: global_AUROC=0.7613  local_wt_AUROC(in-sample)=1.0000  participants=5  (0.87s)
2026-07-18T23:23:41  INFO     [METRIC]   Final global model: AUROC=0.7613  AP=0.4638  F1=0.4409
2026-07-18T23:23:41  INFO     Running Strategy 6 — Non-IID Simulation (α=0.1)…
2026-07-18T23:23:41  INFO         Clients: ['Synth-Hospital 1 (rate 0.0%)', 'Synth-Hospital 2 (rate 0.0%)', 'Synth-Hospital 3 (rate 0.0%)', 'Synth-Hospital 4 (rate 100.0%)', 'Synth-Hospital 5 (rate 50.0%)']
2026-07-18T23:23:41  INFO       FL server warm-started from Centralized weights
2026-07-18T23:23:41  INFO       ── Round 1/3 ──
2026-07-18T23:23:42  INFO     [METRIC]     Round 1: global_AUROC=0.7627  local_wt_AUROC(in-sample)=0.0000  participants=0  (0.37s)
2026-07-18T23:23:42  INFO       ── Round 2/3 ──
2026-07-18T23:23:42  INFO     [METRIC]     Round 2: global_AUROC=0.7627  local_wt_AUROC(in-sample)=0.0000  participants=0  (0.45s)
2026-07-18T23:23:42  INFO       ── Round 3/3 ──
2026-07-18T23:23:43  INFO     [METRIC]     Round 3: global_AUROC=0.7627  local_wt_AUROC(in-sample)=0.0000  participants=0  (0.43s)
2026-07-18T23:23:43  INFO     [METRIC]   Final global model: AUROC=0.7627  AP=0.4732  F1=0.4857
2026-07-18T23:23:43  INFO     All strategies complete in 55.9s
2026-07-18T23:23:43  INFO     Run 919170e4 finished in 55.86s
