2026-07-18T13:47:19  INFO     ============================================================
2026-07-18T13:47:19  INFO     Run a154dbd0 started
2026-07-18T13:47:19  INFO     ============================================================
2026-07-18T13:47:19  INFO     Loading eICU tables…
2026-07-18T13:47:20  INFO     Loaded 2,119 patients | 358 readmissions (16.9%)
2026-07-18T13:47:20  INFO     Splitting global held-out test set (20% of data)…
2026-07-18T13:47:20  INFO     Train: 1,695 | Test: 424 (shared across all strategies)
2026-07-18T13:47:20  INFO     Running Strategy 1 — Centralized (oracle baseline)…
2026-07-18T13:47:21  INFO     [METRIC]   Strategy 1 (Centralized): global_AUROC=0.7540  CV_AUROC=0.7596±0.0398
2026-07-18T13:47:21  INFO       Centralized AUROC=0.7540  (warm-start weights captured for FL strategies)
2026-07-18T13:47:21  INFO     Running Strategy 2 — FedAvg by Region…
2026-07-18T13:47:21  INFO         Clients: ['Region: Midwest', 'Region: Northeast', 'Region: South', 'Region: Unknown', 'Region: West']
2026-07-18T13:47:21  INFO       FL server warm-started from Centralized weights
2026-07-18T13:47:21  INFO       ── Round 1/3 ──
2026-07-18T13:47:21  INFO     [METRIC]     Round 1: global_AUROC=0.7401  local_wt_AUROC(in-sample)=0.8197  participants=5  (0.58s)
2026-07-18T13:47:21  INFO       ── Round 2/3 ──
2026-07-18T13:47:22  INFO     [METRIC]     Round 2: global_AUROC=0.7400  local_wt_AUROC(in-sample)=0.8196  participants=5  (0.44s)
2026-07-18T13:47:22  INFO       ── Round 3/3 ──
2026-07-18T13:47:22  INFO     [METRIC]     Round 3: global_AUROC=0.7400  local_wt_AUROC(in-sample)=0.8196  participants=5  (0.64s)
2026-07-18T13:47:23  INFO     [METRIC]   Final global model: AUROC=0.7400  AP=0.3611  F1=0.4195
2026-07-18T13:47:23  INFO     Running Strategy 4 — Quality-Gated Hospital FL (gate=0.55)…
2026-07-18T13:47:23  INFO       Strategy 4: screening 31 candidate hospitals (gate AUROC≥0.55)
2026-07-18T13:47:23  INFO       FL server warm-started from Centralized weights
2026-07-18T13:47:23  INFO       ── Round 1/1 ──
2026-07-18T13:47:24  INFO     [METRIC]     Round 1: global_AUROC=0.6867  local_wt_AUROC(in-sample)=0.9402  participants=31  (1.24s)
2026-07-18T13:47:24  INFO     [METRIC]   Final global model: AUROC=0.6867  AP=0.2880  F1=0.0000
2026-07-18T13:47:24  INFO       Strategy 4: 31 hospitals passed gate, 0 filtered
2026-07-18T13:47:24  INFO         Clients: ['Hospital 56 (n=11)', 'Hospital 59 (n=10)', 'Hospital 63 (n=10)', 'Hospital 67 (n=10)', 'Hospital 69 (n=13)', 'Hospital 108 (n=10)', 'Hospital 122 (n=10)', 'Hospital 123 (n=18)', 'Hospital 125 (n=10)', 'Hospital 142 (n=10)', 'Hospital 144 (n=11)', 'Hospital 146 (n=18)', 'Hospital 154 (n=10)', 'Hospital 164 (n=10)', 'Hospital 171 (n=11)', 'Hospital 174 (n=11)', 'Hospital 175 (n=11)', 'Hospital 179 (n=10)', 'Hospital 181 (n=11)', 'Hospital 224 (n=12)', 'Hospital 243 (n=18)', 'Hospital 283 (n=13)', 'Hospital 312 (n=13)', 'Hospital 328 (n=12)', 'Hospital 404 (n=12)', 'Hospital 420 (n=11)', 'Hospital 433 (n=10)', 'Hospital 437 (n=11)', 'Hospital 444 (n=10)', 'Hospital 458 (n=12)', 'Hospital 459 (n=10)']
2026-07-18T13:47:24  INFO       FL server warm-started from Centralized weights
2026-07-18T13:47:24  INFO       ── Round 1/3 ──
2026-07-18T13:47:25  INFO     [METRIC]     Round 1: global_AUROC=0.6867  local_wt_AUROC(in-sample)=0.9402  participants=31  (1.09s)
2026-07-18T13:47:25  INFO       ── Round 2/3 ──
2026-07-18T13:47:27  INFO     [METRIC]     Round 2: global_AUROC=0.6868  local_wt_AUROC(in-sample)=0.9402  participants=31  (1.21s)
2026-07-18T13:47:27  INFO       ── Round 3/3 ──
2026-07-18T13:47:28  INFO     [METRIC]     Round 3: global_AUROC=0.6867  local_wt_AUROC(in-sample)=0.9402  participants=31  (1.12s)
2026-07-18T13:47:28  INFO     [METRIC]   Final global model: AUROC=0.6867  AP=0.2880  F1=0.0000
2026-07-18T13:47:28  INFO     All strategies complete in 9.1s
2026-07-18T13:47:28  INFO     Run a154dbd0 finished in 9.07s
