2026-07-04T16:35:24  INFO     ============================================================
2026-07-04T16:35:24  INFO     Run b950c6ef started
2026-07-04T16:35:24  INFO     ============================================================
2026-07-04T16:35:24  INFO     Loading eICU tables…
2026-07-04T16:35:24  INFO     Loaded 2,119 patients | 358 readmissions (16.9%)
2026-07-04T16:35:24  INFO     Splitting global held-out test set (20% of data)…
2026-07-04T16:35:24  INFO     Train: 1,695 | Test: 424 (shared across all strategies)
2026-07-04T16:35:24  INFO     Running Strategy 1 — Centralized (oracle baseline)…
2026-07-04T16:35:24  INFO     [METRIC]   Strategy 1 (Centralized): global_AUROC=0.7353  CV_AUROC=0.7308±0.0383
2026-07-04T16:35:24  INFO     Running Strategy 2 — FedAvg by Region…
2026-07-04T16:35:24  INFO         Clients: ['Region: Midwest', 'Region: Northeast', 'Region: South', 'Region: West']
2026-07-04T16:35:24  INFO       ── Round 1/3 ──
2026-07-04T16:35:24  INFO     [METRIC]     Round 1: global_AUROC=0.7351  local_wt_AUROC=0.7796  participants=4  (0.1s)
2026-07-04T16:35:24  INFO       ── Round 2/3 ──
2026-07-04T16:35:24  INFO     [METRIC]     Round 2: global_AUROC=0.7220  local_wt_AUROC=0.7790  participants=4  (0.08s)
2026-07-04T16:35:24  INFO       ── Round 3/3 ──
2026-07-04T16:35:24  INFO     [METRIC]     Round 3: global_AUROC=0.7385  local_wt_AUROC=0.7863  participants=4  (0.1s)
2026-07-04T16:35:24  INFO     [METRIC]   Final global model: AUROC=0.7385  AP=0.3687
2026-07-04T16:35:24  INFO     Running Strategy 3 — FedAvg by Hospital Cluster…
2026-07-04T16:35:24  INFO         Clients: ['Cluster 1 (rate 13.1%)', 'Cluster 2 (rate 16.8%)', 'Cluster 3 (rate 22.8%)']
2026-07-04T16:35:24  INFO       ── Round 1/3 ──
2026-07-04T16:35:24  INFO     [METRIC]     Round 1: global_AUROC=0.7092  local_wt_AUROC=0.7289  participants=3  (0.09s)
2026-07-04T16:35:24  INFO       ── Round 2/3 ──
2026-07-04T16:35:25  INFO     [METRIC]     Round 2: global_AUROC=0.7191  local_wt_AUROC=0.7587  participants=3  (0.07s)
2026-07-04T16:35:25  INFO       ── Round 3/3 ──
2026-07-04T16:35:25  INFO     [METRIC]     Round 3: global_AUROC=0.7135  local_wt_AUROC=0.7531  participants=3  (0.07s)
2026-07-04T16:35:25  INFO     [METRIC]   Final global model: AUROC=0.7135  AP=0.3600
2026-07-04T16:35:25  INFO     Running Strategy 4 — Quality-Gated Hospital FL (gate=0.7)…
2026-07-04T16:35:25  INFO       Strategy 4: screening 31 candidate hospitals (gate AUROC≥0.7)
2026-07-04T16:35:25  INFO       ── Round 1/1 ──
2026-07-04T16:35:25  INFO     [METRIC]     Round 1: global_AUROC=0.5793  local_wt_AUROC=0.0000  participants=1  (0.34s)
2026-07-04T16:35:25  INFO     [METRIC]   Final global model: AUROC=0.5793  AP=0.2250
2026-07-04T16:35:25  INFO       Strategy 4: 0 hospitals passed gate, 31 filtered
2026-07-04T16:35:25  INFO     Running Strategy 5 — FedProx (μ=0.01)…
2026-07-04T16:35:25  INFO         Clients: ['Region: Midwest', 'Region: Northeast', 'Region: South', 'Region: West']
2026-07-04T16:35:25  INFO       ── Round 1/3 ──
2026-07-04T16:35:25  INFO     [METRIC]     Round 1: global_AUROC=0.7341  local_wt_AUROC=0.7784  participants=4  (0.09s)
2026-07-04T16:35:25  INFO       ── Round 2/3 ──
2026-07-04T16:35:25  INFO     [METRIC]     Round 2: global_AUROC=0.7220  local_wt_AUROC=0.7785  participants=4  (0.09s)
2026-07-04T16:35:25  INFO       ── Round 3/3 ──
2026-07-04T16:35:25  INFO     [METRIC]     Round 3: global_AUROC=0.7381  local_wt_AUROC=0.7856  participants=4  (0.08s)
2026-07-04T16:35:25  INFO     [METRIC]   Final global model: AUROC=0.7381  AP=0.3678
2026-07-04T16:35:25  INFO     Running Strategy 6 — Non-IID Simulation (α=0.5)…
2026-07-04T16:35:25  INFO         Clients: ['Synth-Hospital 1 (rate 1.4%)', 'Synth-Hospital 2 (rate 8.3%)', 'Synth-Hospital 3 (rate 0.0%)', 'Synth-Hospital 4 (rate 60.9%)', 'Synth-Hospital 5 (rate 3.7%)']
2026-07-04T16:35:25  INFO       ── Round 1/3 ──
2026-07-04T16:35:26  INFO     [METRIC]     Round 1: global_AUROC=0.6401  local_wt_AUROC=0.6314  participants=4  (0.1s)
2026-07-04T16:35:26  INFO       ── Round 2/3 ──
2026-07-04T16:35:26  INFO     [METRIC]     Round 2: global_AUROC=0.6990  local_wt_AUROC=0.7816  participants=4  (0.1s)
2026-07-04T16:35:26  INFO       ── Round 3/3 ──
2026-07-04T16:35:26  INFO     [METRIC]     Round 3: global_AUROC=0.6795  local_wt_AUROC=0.5385  participants=4  (0.1s)
2026-07-04T16:35:26  INFO     [METRIC]   Final global model: AUROC=0.6795  AP=0.4168
2026-07-04T16:35:26  INFO     All strategies complete in 2.1s
2026-07-04T16:35:26  INFO     Run b950c6ef finished in 2.13s
