2026-07-04T16:29:52  INFO     ============================================================
2026-07-04T16:29:52  INFO     Run bde861bb started
2026-07-04T16:29:52  INFO     ============================================================
2026-07-04T16:29:52  INFO     Loading eICU tables…
2026-07-04T16:29:52  INFO     Loaded 2,119 patients | 358 readmissions (16.9%)
2026-07-04T16:29:52  INFO     Splitting global held-out test set (20% of data)…
2026-07-04T16:29:52  INFO     Train: 1,695 | Test: 424 (shared across all strategies)
2026-07-04T16:29:52  INFO     Running Strategy 1 — Centralized (oracle baseline)…
2026-07-04T16:29:52  INFO     [METRIC]   Strategy 1 (Centralized): global_AUROC=0.7353  CV_AUROC=0.7308±0.0383
2026-07-04T16:29:52  INFO     Running Strategy 2 — FedAvg by Region…
2026-07-04T16:29:52  INFO         Clients: ['Region: Midwest', 'Region: Northeast', 'Region: South', 'Region: West']
2026-07-04T16:29:52  INFO       ── Round 1/3 ──
2026-07-04T16:29:52  INFO     [METRIC]     Round 1: global_AUROC=0.7351  local_wt_AUROC=0.7796  participants=4  (0.1s)
2026-07-04T16:29:52  INFO       ── Round 2/3 ──
2026-07-04T16:29:52  INFO     [METRIC]     Round 2: global_AUROC=0.7220  local_wt_AUROC=0.7790  participants=4  (0.09s)
2026-07-04T16:29:52  INFO       ── Round 3/3 ──
2026-07-04T16:29:52  INFO     [METRIC]     Round 3: global_AUROC=0.7385  local_wt_AUROC=0.7863  participants=4  (0.09s)
2026-07-04T16:29:52  INFO     [METRIC]   Final global model: AUROC=0.7385  AP=0.3687
2026-07-04T16:29:52  INFO     Running Strategy 3 — FedAvg by Hospital Cluster…
2026-07-04T16:29:55  INFO         Clients: ['Cluster 1 (rate 13.1%)', 'Cluster 2 (rate 16.8%)', 'Cluster 3 (rate 22.8%)']
2026-07-04T16:29:55  INFO       ── Round 1/3 ──
2026-07-04T16:29:55  INFO     [METRIC]     Round 1: global_AUROC=0.7092  local_wt_AUROC=0.7289  participants=3  (0.08s)
2026-07-04T16:29:55  INFO       ── Round 2/3 ──
2026-07-04T16:29:56  INFO     [METRIC]     Round 2: global_AUROC=0.7191  local_wt_AUROC=0.7587  participants=3  (0.08s)
2026-07-04T16:29:56  INFO       ── Round 3/3 ──
2026-07-04T16:29:56  INFO     [METRIC]     Round 3: global_AUROC=0.7135  local_wt_AUROC=0.7531  participants=3  (0.07s)
2026-07-04T16:29:56  INFO     [METRIC]   Final global model: AUROC=0.7135  AP=0.3600
2026-07-04T16:29:56  INFO     Running Strategy 4 — Quality-Gated Hospital FL (gate=0.75)…
2026-07-04T16:29:56  INFO       Strategy 4: screening 31 candidate hospitals (gate AUROC≥0.75)
2026-07-04T16:29:56  INFO       ── Round 1/1 ──
2026-07-04T16:29:56  INFO     [METRIC]     Round 1: global_AUROC=0.7199  local_wt_AUROC=0.6751  participants=19  (0.54s)
2026-07-04T16:29:56  INFO     [METRIC]   Final global model: AUROC=0.7199  AP=0.3660
2026-07-04T16:29:56  INFO       Strategy 4: 12 hospitals passed gate, 19 filtered
2026-07-04T16:29:56  INFO         Clients: ['Hospital 59 (n=11)', 'Hospital 60 (n=10)', 'Hospital 68 (n=11)', 'Hospital 69 (n=11)', 'Hospital 122 (n=11)', 'Hospital 123 (n=18)', 'Hospital 175 (n=12)', 'Hospital 183 (n=10)', 'Hospital 224 (n=12)', 'Hospital 443 (n=13)', 'Hospital 458 (n=13)', 'Hospital 459 (n=10)']
2026-07-04T16:29:56  INFO       ── Round 1/3 ──
2026-07-04T16:29:57  INFO     [METRIC]     Round 1: global_AUROC=0.6980  local_wt_AUROC=1.0000  participants=12  (0.28s)
2026-07-04T16:29:57  INFO       ── Round 2/3 ──
2026-07-04T16:29:57  INFO     [METRIC]     Round 2: global_AUROC=0.7137  local_wt_AUROC=1.0000  participants=12  (0.26s)
2026-07-04T16:29:57  INFO       ── Round 3/3 ──
2026-07-04T16:29:57  INFO     [METRIC]     Round 3: global_AUROC=0.7298  local_wt_AUROC=0.8345  participants=12  (0.27s)
2026-07-04T16:29:57  INFO     [METRIC]   Final global model: AUROC=0.7298  AP=0.3456
2026-07-04T16:29:57  INFO     Running Strategy 5 — FedProx (μ=0.01)…
2026-07-04T16:29:57  INFO         Clients: ['Region: Midwest', 'Region: Northeast', 'Region: South', 'Region: West']
2026-07-04T16:29:57  INFO       ── Round 1/3 ──
2026-07-04T16:29:57  INFO     [METRIC]     Round 1: global_AUROC=0.7341  local_wt_AUROC=0.7784  participants=4  (0.09s)
2026-07-04T16:29:57  INFO       ── Round 2/3 ──
2026-07-04T16:29:57  INFO     [METRIC]     Round 2: global_AUROC=0.7220  local_wt_AUROC=0.7785  participants=4  (0.09s)
2026-07-04T16:29:57  INFO       ── Round 3/3 ──
2026-07-04T16:29:57  INFO     [METRIC]     Round 3: global_AUROC=0.7381  local_wt_AUROC=0.7856  participants=4  (0.1s)
2026-07-04T16:29:57  INFO     [METRIC]   Final global model: AUROC=0.7381  AP=0.3678
2026-07-04T16:29:57  INFO     Running Strategy 6 — Non-IID Simulation (α=0.5)…
2026-07-04T16:29:58  INFO         Clients: ['Synth-Hospital 1 (rate 1.4%)', 'Synth-Hospital 2 (rate 8.3%)', 'Synth-Hospital 3 (rate 0.0%)', 'Synth-Hospital 4 (rate 60.9%)', 'Synth-Hospital 5 (rate 3.7%)']
2026-07-04T16:29:58  INFO       ── Round 1/3 ──
2026-07-04T16:29:58  INFO     [METRIC]     Round 1: global_AUROC=0.6401  local_wt_AUROC=0.6314  participants=4  (0.11s)
2026-07-04T16:29:58  INFO       ── Round 2/3 ──
2026-07-04T16:29:58  INFO     [METRIC]     Round 2: global_AUROC=0.6990  local_wt_AUROC=0.7816  participants=4  (0.1s)
2026-07-04T16:29:58  INFO       ── Round 3/3 ──
2026-07-04T16:29:58  INFO     [METRIC]     Round 3: global_AUROC=0.6795  local_wt_AUROC=0.5385  participants=4  (0.12s)
2026-07-04T16:29:58  INFO     [METRIC]   Final global model: AUROC=0.6795  AP=0.4168
2026-07-04T16:29:58  INFO     All strategies complete in 6.3s
2026-07-04T16:29:58  INFO     Run bde861bb finished in 6.32s
