2026-07-05T16:04:20  INFO     ============================================================
2026-07-05T16:04:20  INFO     Run ccd6980e started
2026-07-05T16:04:20  INFO     ============================================================
2026-07-05T16:04:20  INFO     Loading eICU tables…
2026-07-05T16:04:21  INFO     Loaded 2,119 patients | 358 readmissions (16.9%)
2026-07-05T16:04:21  INFO     Splitting global held-out test set (20% of data)…
2026-07-05T16:04:21  INFO     Train: 1,695 | Test: 424 (shared across all strategies)
2026-07-05T16:04:21  INFO     Running Strategy 1 — Centralized (oracle baseline)…
2026-07-05T16:04:21  INFO     [METRIC]   Strategy 1 (Centralized): global_AUROC=0.8026  CV_AUROC=0.7497±0.0510
2026-07-05T16:04:21  INFO     Running Strategy 4 — Quality-Gated Hospital FL (gate=0.55)…
2026-07-05T16:04:21  INFO       Strategy 4: screening 31 candidate hospitals (gate AUROC≥0.55)
2026-07-05T16:04:21  INFO       ── Round 1/1 ──
2026-07-05T16:04:22  INFO     [METRIC]     Round 1: global_AUROC=0.7720  local_wt_AUROC=0.5598  participants=31  (0.61s)
2026-07-05T16:04:22  INFO     [METRIC]   Final global model: AUROC=0.7720  AP=0.3944
2026-07-05T16:04:22  INFO       Strategy 4: 17 hospitals passed gate, 14 filtered
2026-07-05T16:04:22  INFO         Clients: ['Hospital 59 (n=11)', 'Hospital 60 (n=10)', 'Hospital 68 (n=11)', 'Hospital 69 (n=11)', 'Hospital 122 (n=11)', 'Hospital 123 (n=18)', 'Hospital 146 (n=21)', 'Hospital 175 (n=12)', 'Hospital 179 (n=11)', 'Hospital 183 (n=10)', 'Hospital 209 (n=11)', 'Hospital 224 (n=12)', 'Hospital 312 (n=12)', 'Hospital 440 (n=12)', 'Hospital 443 (n=13)', 'Hospital 458 (n=13)', 'Hospital 459 (n=10)']
2026-07-05T16:04:22  INFO       ── Round 1/3 ──
2026-07-05T16:04:22  INFO     [METRIC]     Round 1: global_AUROC=0.7264  local_wt_AUROC=0.9462  participants=17  (0.34s)
2026-07-05T16:04:22  INFO       ── Round 2/3 ──
2026-07-05T16:04:23  INFO     [METRIC]     Round 2: global_AUROC=0.7370  local_wt_AUROC=0.7871  participants=17  (0.35s)
2026-07-05T16:04:23  INFO       ── Round 3/3 ──
2026-07-05T16:04:23  INFO     [METRIC]     Round 3: global_AUROC=0.7401  local_wt_AUROC=0.8098  participants=17  (0.37s)
2026-07-05T16:04:23  INFO     [METRIC]   Final global model: AUROC=0.7401  AP=0.3552
2026-07-05T16:04:23  INFO     All strategies complete in 2.7s
2026-07-05T16:04:23  INFO     Run ccd6980e finished in 2.73s
