2026-07-05T10:55:14  INFO     ============================================================
2026-07-05T10:55:14  INFO     Run e1d234d5 started
2026-07-05T10:55:14  INFO     ============================================================
2026-07-05T10:55:14  INFO     Loading eICU tables…
2026-07-05T10:55:15  INFO     Loaded 2,119 patients | 358 readmissions (16.9%)
2026-07-05T10:55:15  INFO     Splitting global held-out test set (20% of data)…
2026-07-05T10:55:15  INFO     Train: 1,695 | Test: 424 (shared across all strategies)
2026-07-05T10:55:15  INFO     Running Strategy 1 — Centralized (oracle baseline)…
2026-07-05T10:55:15  INFO     [METRIC]   Strategy 1 (Centralized): global_AUROC=0.8026  CV_AUROC=0.7497±0.0510
2026-07-05T10:55:15  INFO     Running Strategy 2 — FedAvg by Region…
2026-07-05T10:55:15  INFO         Clients: ['Region: Midwest', 'Region: Northeast', 'Region: South', 'Region: West']
2026-07-05T10:55:15  INFO       ── Round 1/2 ──
2026-07-05T10:55:15  INFO     [METRIC]     Round 1: global_AUROC=0.8011  local_wt_AUROC=0.7857  participants=4  (0.14s)
2026-07-05T10:55:15  INFO       ── Round 2/2 ──
2026-07-05T10:55:16  INFO     [METRIC]     Round 2: global_AUROC=0.7867  local_wt_AUROC=0.7461  participants=4  (0.12s)
2026-07-05T10:55:16  INFO     [METRIC]   Final global model: AUROC=0.7867  AP=0.4219
2026-07-05T10:55:16  INFO     Running Strategy 3 — FedAvg by Hospital Cluster…
2026-07-05T10:55:16  INFO         Clients: ['Cluster 1 (rate 13.1%)', 'Cluster 2 (rate 16.8%)', 'Cluster 3 (rate 22.8%)']
2026-07-05T10:55:16  INFO       ── Round 1/2 ──
2026-07-05T10:55:16  INFO     [METRIC]     Round 1: global_AUROC=0.7737  local_wt_AUROC=0.7412  participants=3  (0.11s)
2026-07-05T10:55:16  INFO       ── Round 2/2 ──
2026-07-05T10:55:16  INFO     [METRIC]     Round 2: global_AUROC=0.7764  local_wt_AUROC=0.7552  participants=3  (0.12s)
2026-07-05T10:55:16  INFO     [METRIC]   Final global model: AUROC=0.7764  AP=0.4428
2026-07-05T10:55:16  INFO     Running Strategy 4 — Quality-Gated Hospital FL (gate=0.55)…
2026-07-05T10:55:16  INFO       Strategy 4: screening 31 candidate hospitals (gate AUROC≥0.55)
2026-07-05T10:55:16  INFO       ── Round 1/1 ──
2026-07-05T10:55:17  INFO     [METRIC]     Round 1: global_AUROC=0.7720  local_wt_AUROC=0.5598  participants=31  (0.95s)
2026-07-05T10:55:17  INFO     [METRIC]   Final global model: AUROC=0.7720  AP=0.3944
2026-07-05T10:55:17  INFO       Strategy 4: 17 hospitals passed gate, 14 filtered
2026-07-05T10:55:17  INFO         Clients: ['Hospital 59 (n=11)', 'Hospital 60 (n=10)', 'Hospital 68 (n=11)', 'Hospital 69 (n=11)', 'Hospital 122 (n=11)', 'Hospital 123 (n=18)', 'Hospital 146 (n=21)', 'Hospital 175 (n=12)', 'Hospital 179 (n=11)', 'Hospital 183 (n=10)', 'Hospital 209 (n=11)', 'Hospital 224 (n=12)', 'Hospital 312 (n=12)', 'Hospital 440 (n=12)', 'Hospital 443 (n=13)', 'Hospital 458 (n=13)', 'Hospital 459 (n=10)']
2026-07-05T10:55:17  INFO       ── Round 1/2 ──
2026-07-05T10:55:18  INFO     [METRIC]     Round 1: global_AUROC=0.7264  local_wt_AUROC=0.9462  participants=17  (0.56s)
2026-07-05T10:55:18  INFO       ── Round 2/2 ──
2026-07-05T10:55:18  INFO     [METRIC]     Round 2: global_AUROC=0.7370  local_wt_AUROC=0.7871  participants=17  (0.52s)
2026-07-05T10:55:19  INFO     [METRIC]   Final global model: AUROC=0.7370  AP=0.3380
2026-07-05T10:55:19  INFO     Running Strategy 5 — FedProx (μ=0.01)…
2026-07-05T10:55:19  INFO         Clients: ['Region: Midwest', 'Region: Northeast', 'Region: South', 'Region: West']
2026-07-05T10:55:19  INFO       ── Round 1/2 ──
2026-07-05T10:55:19  INFO     [METRIC]     Round 1: global_AUROC=0.8011  local_wt_AUROC=0.7853  participants=4  (0.15s)
2026-07-05T10:55:19  INFO       ── Round 2/2 ──
2026-07-05T10:55:19  INFO     [METRIC]     Round 2: global_AUROC=0.7869  local_wt_AUROC=0.7466  participants=4  (0.14s)
2026-07-05T10:55:19  INFO     [METRIC]   Final global model: AUROC=0.7869  AP=0.4219
2026-07-05T10:55:19  INFO     Running Strategy 6 — Non-IID Simulation (α=0.5)…
2026-07-05T10:55:19  INFO         Clients: ['Synth-Hospital 1 (rate 1.4%)', 'Synth-Hospital 2 (rate 8.3%)', 'Synth-Hospital 3 (rate 0.0%)', 'Synth-Hospital 4 (rate 60.9%)', 'Synth-Hospital 5 (rate 3.7%)']
2026-07-05T10:55:19  INFO       ── Round 1/2 ──
2026-07-05T10:55:19  INFO     [METRIC]     Round 1: global_AUROC=0.7221  local_wt_AUROC=0.5907  participants=4  (0.23s)
2026-07-05T10:55:19  INFO       ── Round 2/2 ──
2026-07-05T10:55:19  INFO     [METRIC]     Round 2: global_AUROC=0.7678  local_wt_AUROC=0.7783  participants=4  (0.17s)
2026-07-05T10:55:19  INFO     [METRIC]   Final global model: AUROC=0.7678  AP=0.4277
2026-07-05T10:55:19  INFO     All strategies complete in 5.4s
2026-07-05T10:55:19  INFO     Run e1d234d5 finished in 5.45s
