2026-08-08T23:13:28  INFO     ============================================================
2026-08-08T23:13:28  INFO     Run f6246f2e started
2026-08-08T23:13:28  INFO     ============================================================
2026-08-08T23:13:28  INFO     Loading dataset: UCI Heart Disease (4 hospital sites)…
2026-08-08T23:13:28  INFO     Loaded 920 records | 509 positives (55.3%)  [Healthcare]
2026-08-08T23:13:28  INFO     Splitting global held-out test set from real data only (20% of 920 real patients)…
2026-08-08T23:13:28  INFO     Real data split — Train: 736 | Test: 184 real patients (no synthetic records in test set)
2026-08-08T23:13:28  INFO     Heart Disease dataset: enforcing S1 (Centralized) + S2 (FedAvg Region only)
2026-08-08T23:13:28  INFO     Running Strategy 1 — Centralized (oracle baseline)…
2026-08-08T23:13:36  INFO     [METRIC]   Strategy 1 (Centralized): global_AUROC=0.8771  CV_AUROC=0.7899±0.0381
2026-08-08T23:13:36  INFO       Centralized AUROC=0.8771  (warm-start weights captured for FL strategies)
2026-08-08T23:13:36  INFO     Running Strategy 2 — FedAvg by Region…
2026-08-08T23:13:36  INFO         Clients: ['Region: Cleveland', 'Region: Hungarian', 'Region: Switzerland', 'Region: VA']
2026-08-08T23:13:36  INFO       FL server warm-started from Centralized weights
2026-08-08T23:13:36  INFO       ── Round 1/3 ──
2026-08-08T23:13:37  INFO     [METRIC]     Round 1: global_AUROC=0.8789  local_wt_AUROC(in-sample)=1.0000  participants=4  (1.05s)
2026-08-08T23:13:37  INFO       ── Round 2/3 ──
2026-08-08T23:13:38  INFO     [METRIC]     Round 2: global_AUROC=0.8774  local_wt_AUROC(in-sample)=1.0000  participants=4  (0.98s)
2026-08-08T23:13:38  INFO       ── Round 3/3 ──
2026-08-08T23:13:39  INFO     [METRIC]     Round 3: global_AUROC=0.8746  local_wt_AUROC(in-sample)=1.0000  participants=4  (0.99s)
2026-08-08T23:13:40  INFO     [METRIC]   Final global model: AUROC=0.8746  AP=0.8938  F1=0.8218
2026-08-08T23:13:40  INFO     All strategies complete in 11.6s
2026-08-08T23:13:40  INFO     Run f6246f2e finished in 11.58s
