2026-07-05T10:48:49  INFO     ============================================================
2026-07-05T10:48:49  INFO     Run fb560ead started
2026-07-05T10:48:49  INFO     ============================================================
2026-07-05T10:48:49  INFO     Loading eICU tables…
2026-07-05T10:48:50  INFO     Loaded 2,119 patients | 358 readmissions (16.9%)
2026-07-05T10:48:50  INFO     Splitting global held-out test set (20% of data)…
2026-07-05T10:48:50  INFO     Train: 1,695 | Test: 424 (shared across all strategies)
2026-07-05T10:48:50  INFO     Running Strategy 1 — Centralized (oracle baseline)…
2026-07-05T10:48:50  INFO     [METRIC]   Strategy 1 (Centralized): global_AUROC=0.8026  CV_AUROC=0.7497±0.0510
2026-07-05T10:48:50  INFO     Running Strategy 2 — FedAvg by Region…
2026-07-05T10:48:51  INFO         Clients: ['Region: Midwest', 'Region: Northeast', 'Region: South', 'Region: West']
2026-07-05T10:48:51  INFO       ── Round 1/3 ──
2026-07-05T10:48:51  INFO     [METRIC]     Round 1: global_AUROC=0.8011  local_wt_AUROC=0.7857  participants=4  (0.14s)
2026-07-05T10:48:51  INFO       ── Round 2/3 ──
2026-07-05T10:48:51  INFO     [METRIC]     Round 2: global_AUROC=0.7867  local_wt_AUROC=0.7461  participants=4  (0.14s)
2026-07-05T10:48:51  INFO       ── Round 3/3 ──
2026-07-05T10:48:51  INFO     [METRIC]     Round 3: global_AUROC=0.8031  local_wt_AUROC=0.7615  participants=4  (0.13s)
2026-07-05T10:48:51  INFO     [METRIC]   Final global model: AUROC=0.8031  AP=0.4384
2026-07-05T10:48:51  INFO     Running Strategy 3 — FedAvg by Hospital Cluster…
2026-07-05T10:48:55  INFO         Clients: ['Cluster 1 (rate 13.1%)', 'Cluster 2 (rate 16.8%)', 'Cluster 3 (rate 22.8%)']
2026-07-05T10:48:55  INFO       ── Round 1/3 ──
2026-07-05T10:48:55  INFO     [METRIC]     Round 1: global_AUROC=0.7737  local_wt_AUROC=0.7412  participants=3  (0.12s)
2026-07-05T10:48:55  INFO       ── Round 2/3 ──
2026-07-05T10:48:55  INFO     [METRIC]     Round 2: global_AUROC=0.7764  local_wt_AUROC=0.7552  participants=3  (0.13s)
2026-07-05T10:48:55  INFO       ── Round 3/3 ──
2026-07-05T10:48:55  INFO     [METRIC]     Round 3: global_AUROC=0.7551  local_wt_AUROC=0.7407  participants=3  (0.11s)
2026-07-05T10:48:55  INFO     [METRIC]   Final global model: AUROC=0.7551  AP=0.4221
2026-07-05T10:48:55  INFO     Running Strategy 4 — Quality-Gated Hospital FL (gate=0.55)…
2026-07-05T10:48:55  INFO       Strategy 4: screening 31 candidate hospitals (gate AUROC≥0.55)
2026-07-05T10:48:55  INFO       ── Round 1/1 ──
2026-07-05T10:48:56  INFO     [METRIC]     Round 1: global_AUROC=0.7720  local_wt_AUROC=0.5598  participants=31  (1.04s)
2026-07-05T10:48:56  INFO     [METRIC]   Final global model: AUROC=0.7720  AP=0.3944
2026-07-05T10:48:56  INFO       Strategy 4: 17 hospitals passed gate, 14 filtered
2026-07-05T10:48:56  INFO         Clients: ['Hospital 59 (n=11)', 'Hospital 60 (n=10)', 'Hospital 68 (n=11)', 'Hospital 69 (n=11)', 'Hospital 122 (n=11)', 'Hospital 123 (n=18)', 'Hospital 146 (n=21)', 'Hospital 175 (n=12)', 'Hospital 179 (n=11)', 'Hospital 183 (n=10)', 'Hospital 209 (n=11)', 'Hospital 224 (n=12)', 'Hospital 312 (n=12)', 'Hospital 440 (n=12)', 'Hospital 443 (n=13)', 'Hospital 458 (n=13)', 'Hospital 459 (n=10)']
2026-07-05T10:48:56  INFO       ── Round 1/3 ──
2026-07-05T10:48:57  INFO     [METRIC]     Round 1: global_AUROC=0.7264  local_wt_AUROC=0.9462  participants=17  (0.68s)
2026-07-05T10:48:57  INFO       ── Round 2/3 ──
2026-07-05T10:48:58  INFO     [METRIC]     Round 2: global_AUROC=0.7370  local_wt_AUROC=0.7871  participants=17  (0.6s)
2026-07-05T10:48:58  INFO       ── Round 3/3 ──
2026-07-05T10:48:58  INFO     [METRIC]     Round 3: global_AUROC=0.7401  local_wt_AUROC=0.8098  participants=17  (0.64s)
2026-07-05T10:48:58  INFO     [METRIC]   Final global model: AUROC=0.7401  AP=0.3552
2026-07-05T10:48:58  INFO     All strategies complete in 9.1s
2026-07-05T10:48:58  INFO     Run fb560ead finished in 9.08s
