2026-07-26T13:36:07  INFO     ============================================================
2026-07-26T13:36:07  INFO     Run 1f5b5135 started
2026-07-26T13:36:07  INFO     ============================================================
2026-07-26T13:36:07  INFO     Loading eICU tables…
2026-07-26T13:36:07  INFO     Loaded 2,119 patients | 358 readmissions (16.9%)
2026-07-26T13:36:07  INFO     Splitting global held-out test set from real data only (20% of 2,119 real patients)…
2026-07-26T13:36:07  INFO     Real data split — Train: 1,695 | Test: 424 real patients (no synthetic records in test set)
2026-07-26T13:36:07  INFO     Augmenting training data to ≥1000 patients/hospital via Gaussian-noise perturbation (train only)…
2026-07-26T13:36:15  INFO     After augmentation — Train: 186,000 patients (184,305 synthetic, 1,695 real) | Test: 424 real patients only
2026-07-26T13:36:15  INFO     Running Strategy 1 — Centralized (oracle baseline)…
2026-07-26T13:43:14  INFO     [METRIC]   Strategy 1 (Centralized): global_AUROC=0.7566  CV_AUROC=1.0000±0.0000
2026-07-26T13:43:15  INFO       Centralized AUROC=0.7566  (warm-start weights captured for FL strategies)
2026-07-26T13:43:15  INFO     Running Strategy 2 — FedAvg by Region…
2026-07-26T13:43:17  INFO         Clients: ['Region: Midwest', 'Region: Northeast', 'Region: South', 'Region: Unknown', 'Region: West']
2026-07-26T13:43:17  INFO       FL server warm-started from Centralized weights
2026-07-26T13:43:17  INFO       ── Round 1/3 ──
2026-07-26T13:44:03  INFO     [METRIC]     Round 1: global_AUROC=0.7136  local_wt_AUROC(in-sample)=1.0000  participants=5  (46.36s)
2026-07-26T13:44:04  INFO       ── Round 2/3 ──
2026-07-26T13:44:28  INFO     [METRIC]     Round 2: global_AUROC=0.7147  local_wt_AUROC(in-sample)=1.0000  participants=5  (23.88s)
2026-07-26T13:44:28  INFO       ── Round 3/3 ──
2026-07-26T13:44:49  INFO     [METRIC]     Round 3: global_AUROC=0.7140  local_wt_AUROC(in-sample)=1.0000  participants=5  (21.35s)
2026-07-26T13:44:49  INFO     [METRIC]   Final global model: AUROC=0.7140  AP=0.3926  F1=0.3238
2026-07-26T13:44:50  INFO     Running Strategy 3 — Quality-Gated Hospital FL (gate=0.55)…
2026-07-26T13:44:50  INFO       Strategy 3: screening 100 candidate hospitals (gate AUROC≥0.55)
2026-07-26T13:44:50  INFO       FL server warm-started from Centralized weights
2026-07-26T13:44:50  INFO       ── Round 1/1 ──
2026-07-26T13:45:07  INFO     [METRIC]     Round 1: global_AUROC=0.7418  local_wt_AUROC(in-sample)=1.0000  participants=100  (16.22s)
2026-07-26T13:45:07  INFO     [METRIC]   Final global model: AUROC=0.7418  AP=0.4564  F1=0.4478
2026-07-26T13:45:07  INFO       Strategy 3: 100 hospitals passed gate, 0 filtered
2026-07-26T13:45:07  INFO         Clients: ['Hospital 56 (n=1000)', 'Hospital 58 (n=1000)', 'Hospital 59 (n=1000)', 'Hospital 60 (n=1000)', 'Hospital 61 (n=1000)', 'Hospital 63 (n=1000)', 'Hospital 67 (n=1000)', 'Hospital 68 (n=1000)', 'Hospital 69 (n=1000)', 'Hospital 71 (n=1000)', 'Hospital 73 (n=1000)', 'Hospital 95 (n=1000)', 'Hospital 108 (n=1000)', 'Hospital 115 (n=1000)', 'Hospital 120 (n=1000)', 'Hospital 122 (n=1000)', 'Hospital 123 (n=1000)', 'Hospital 125 (n=1000)', 'Hospital 131 (n=1000)', 'Hospital 141 (n=1000)', 'Hospital 142 (n=1000)', 'Hospital 144 (n=1000)', 'Hospital 146 (n=1000)', 'Hospital 148 (n=1000)', 'Hospital 152 (n=1000)', 'Hospital 154 (n=1000)', 'Hospital 155 (n=1000)', 'Hospital 157 (n=1000)', 'Hospital 158 (n=1000)', 'Hospital 164 (n=1000)', 'Hospital 165 (n=1000)', 'Hospital 167 (n=1000)', 'Hospital 171 (n=1000)', 'Hospital 174 (n=1000)', 'Hospital 175 (n=1000)', 'Hospital 179 (n=1000)', 'Hospital 181 (n=1000)', 'Hospital 182 (n=1000)', 'Hospital 183 (n=1000)', 'Hospital 188 (n=1000)', 'Hospital 195 (n=1000)', 'Hospital 196 (n=1000)', 'Hospital 197 (n=1000)', 'Hospital 198 (n=1000)', 'Hospital 199 (n=1000)', 'Hospital 202 (n=1000)', 'Hospital 205 (n=1000)', 'Hospital 206 (n=1000)', 'Hospital 207 (n=1000)', 'Hospital 208 (n=1000)', 'Hospital 209 (n=1000)', 'Hospital 210 (n=1000)', 'Hospital 220 (n=1000)', 'Hospital 224 (n=1000)', 'Hospital 243 (n=1000)', 'Hospital 248 (n=1000)', 'Hospital 254 (n=1000)', 'Hospital 258 (n=1000)', 'Hospital 262 (n=1000)', 'Hospital 269 (n=1000)', 'Hospital 272 (n=1000)', 'Hospital 273 (n=1000)', 'Hospital 275 (n=1000)', 'Hospital 281 (n=1000)', 'Hospital 283 (n=1000)', 'Hospital 300 (n=1000)', 'Hospital 301 (n=1000)', 'Hospital 307 (n=1000)', 'Hospital 312 (n=1000)', 'Hospital 328 (n=1000)', 'Hospital 338 (n=1000)', 'Hospital 342 (n=1000)', 'Hospital 352 (n=1000)', 'Hospital 353 (n=1000)', 'Hospital 365 (n=1000)', 'Hospital 386 (n=1000)', 'Hospital 387 (n=1000)', 'Hospital 388 (n=1000)', 'Hospital 389 (n=1000)', 'Hospital 390 (n=1000)', 'Hospital 392 (n=1000)', 'Hospital 403 (n=1000)', 'Hospital 404 (n=1000)', 'Hospital 407 (n=1000)', 'Hospital 411 (n=1000)', 'Hospital 413 (n=1000)', 'Hospital 417 (n=1000)', 'Hospital 420 (n=1000)', 'Hospital 422 (n=1000)', 'Hospital 433 (n=1000)', 'Hospital 435 (n=1000)', 'Hospital 436 (n=1000)', 'Hospital 437 (n=1000)', 'Hospital 439 (n=1000)', 'Hospital 440 (n=1000)', 'Hospital 443 (n=1000)', 'Hospital 444 (n=1000)', 'Hospital 445 (n=1000)', 'Hospital 458 (n=1000)', 'Hospital 459 (n=1000)']
2026-07-26T13:45:07  INFO       FL server warm-started from Centralized weights
2026-07-26T13:45:07  INFO       ── Round 1/3 ──
2026-07-26T13:45:17  INFO     [METRIC]     Round 1: global_AUROC=0.7418  local_wt_AUROC(in-sample)=1.0000  participants=100  (10.12s)
2026-07-26T13:45:17  INFO       ── Round 2/3 ──
