2026-07-26T14:01:44  INFO     ============================================================
2026-07-26T14:01:44  INFO     Run 283409c9 started
2026-07-26T14:01:44  INFO     ============================================================
2026-07-26T14:01:44  INFO     Loading eICU tables…
2026-07-26T14:01:45  INFO     Loaded 2,119 patients | 358 readmissions (16.9%)
2026-07-26T14:01:45  INFO     Splitting global held-out test set from real data only (20% of 2,119 real patients)…
2026-07-26T14:01:45  INFO     Real data split — Train: 1,695 | Test: 424 real patients (no synthetic records in test set)
2026-07-26T14:01:45  INFO     Augmenting training data to ≥50 patients/hospital via Gaussian-noise perturbation (train only)…
2026-07-26T14:01:50  INFO     After augmentation — Train: 9,300 patients (7,605 synthetic, 1,695 real) | Test: 424 real patients only
2026-07-26T14:01:50  INFO     Running Strategy 1 — Centralized (oracle baseline)…
2026-07-26T14:01:51  INFO     [METRIC]   Strategy 1 (Centralized): global_AUROC=0.7537  CV_AUROC=0.7825±0.0112
2026-07-26T14:01:51  INFO       Centralized AUROC=0.7537  (warm-start weights captured for FL strategies)
2026-07-26T14:01:51  INFO     Running Strategy 2 — FedAvg by Region…
2026-07-26T14:01:51  INFO         Clients: ['Region: Midwest', 'Region: Northeast', 'Region: South', 'Region: Unknown', 'Region: West']
2026-07-26T14:01:51  INFO       FL server warm-started from Centralized weights
2026-07-26T14:01:51  INFO       ── Round 1/10 ──
2026-07-26T14:01:51  INFO     [METRIC]     Round 1: global_AUROC=0.7338  local_wt_AUROC(in-sample)=0.8458  participants=5  (0.49s)
2026-07-26T14:01:51  INFO       ── Round 2/10 ──
2026-07-26T14:01:52  INFO     [METRIC]     Round 2: global_AUROC=0.7339  local_wt_AUROC(in-sample)=0.8458  participants=5  (0.47s)
2026-07-26T14:01:52  INFO       ── Round 3/10 ──
2026-07-26T14:01:52  INFO     [METRIC]     Round 3: global_AUROC=0.7339  local_wt_AUROC(in-sample)=0.8458  participants=5  (0.41s)
2026-07-26T14:01:52  INFO       ── Round 4/10 ──
2026-07-26T14:01:53  INFO     [METRIC]     Round 4: global_AUROC=0.7339  local_wt_AUROC(in-sample)=0.8458  participants=5  (0.51s)
2026-07-26T14:01:53  INFO       ── Round 5/10 ──
2026-07-26T14:01:53  INFO     [METRIC]     Round 5: global_AUROC=0.7339  local_wt_AUROC(in-sample)=0.8458  participants=5  (0.56s)
2026-07-26T14:01:53  INFO       ── Round 6/10 ──
2026-07-26T14:01:54  INFO     [METRIC]     Round 6: global_AUROC=0.7339  local_wt_AUROC(in-sample)=0.8458  participants=5  (0.46s)
2026-07-26T14:01:54  INFO       ── Round 7/10 ──
2026-07-26T14:01:54  INFO     [METRIC]     Round 7: global_AUROC=0.7339  local_wt_AUROC(in-sample)=0.8458  participants=5  (0.44s)
2026-07-26T14:01:54  INFO       ── Round 8/10 ──
2026-07-26T14:01:55  INFO     [METRIC]     Round 8: global_AUROC=0.7339  local_wt_AUROC(in-sample)=0.8458  participants=5  (0.52s)
2026-07-26T14:01:55  INFO       ── Round 9/10 ──
2026-07-26T14:01:55  INFO     [METRIC]     Round 9: global_AUROC=0.7339  local_wt_AUROC(in-sample)=0.8458  participants=5  (0.48s)
2026-07-26T14:01:55  INFO       ── Round 10/10 ──
2026-07-26T14:01:56  INFO     [METRIC]     Round 10: global_AUROC=0.7339  local_wt_AUROC(in-sample)=0.8458  participants=5  (0.49s)
2026-07-26T14:01:56  INFO     [METRIC]   Final global model: AUROC=0.7339  AP=0.3322  F1=0.4444
2026-07-26T14:01:56  INFO     Running Strategy 3 — Quality-Gated Hospital FL (gate=0.55)…
2026-07-26T14:01:56  INFO       Strategy 3: screening 100 candidate hospitals (gate AUROC≥0.55)
2026-07-26T14:01:56  INFO       FL server warm-started from Centralized weights
2026-07-26T14:01:56  INFO       ── Round 1/1 ──
2026-07-26T14:02:00  INFO     [METRIC]     Round 1: global_AUROC=0.6531  local_wt_AUROC(in-sample)=0.9748  participants=100  (3.14s)
2026-07-26T14:02:00  INFO     [METRIC]   Final global model: AUROC=0.6531  AP=0.2815  F1=0.0000
2026-07-26T14:02:00  INFO       Strategy 3: 100 hospitals passed gate, 0 filtered
2026-07-26T14:02:00  INFO         Clients: ['Hospital 56 (n=50)', 'Hospital 58 (n=50)', 'Hospital 59 (n=50)', 'Hospital 60 (n=50)', 'Hospital 61 (n=50)', 'Hospital 63 (n=50)', 'Hospital 67 (n=50)', 'Hospital 68 (n=50)', 'Hospital 69 (n=50)', 'Hospital 71 (n=50)', 'Hospital 73 (n=50)', 'Hospital 95 (n=50)', 'Hospital 108 (n=50)', 'Hospital 115 (n=50)', 'Hospital 120 (n=50)', 'Hospital 122 (n=50)', 'Hospital 123 (n=50)', 'Hospital 125 (n=50)', 'Hospital 131 (n=50)', 'Hospital 141 (n=50)', 'Hospital 142 (n=50)', 'Hospital 144 (n=50)', 'Hospital 146 (n=50)', 'Hospital 148 (n=50)', 'Hospital 152 (n=50)', 'Hospital 154 (n=50)', 'Hospital 155 (n=50)', 'Hospital 157 (n=50)', 'Hospital 158 (n=50)', 'Hospital 164 (n=50)', 'Hospital 165 (n=50)', 'Hospital 167 (n=50)', 'Hospital 171 (n=50)', 'Hospital 174 (n=50)', 'Hospital 175 (n=50)', 'Hospital 179 (n=50)', 'Hospital 181 (n=50)', 'Hospital 182 (n=50)', 'Hospital 183 (n=50)', 'Hospital 188 (n=50)', 'Hospital 195 (n=50)', 'Hospital 196 (n=50)', 'Hospital 197 (n=50)', 'Hospital 198 (n=50)', 'Hospital 199 (n=50)', 'Hospital 202 (n=50)', 'Hospital 205 (n=50)', 'Hospital 206 (n=50)', 'Hospital 207 (n=50)', 'Hospital 208 (n=50)', 'Hospital 209 (n=50)', 'Hospital 210 (n=50)', 'Hospital 220 (n=50)', 'Hospital 224 (n=50)', 'Hospital 243 (n=50)', 'Hospital 248 (n=50)', 'Hospital 254 (n=50)', 'Hospital 258 (n=50)', 'Hospital 262 (n=50)', 'Hospital 269 (n=50)', 'Hospital 272 (n=50)', 'Hospital 273 (n=50)', 'Hospital 275 (n=50)', 'Hospital 281 (n=50)', 'Hospital 283 (n=50)', 'Hospital 300 (n=50)', 'Hospital 301 (n=50)', 'Hospital 307 (n=50)', 'Hospital 312 (n=50)', 'Hospital 328 (n=50)', 'Hospital 338 (n=50)', 'Hospital 342 (n=50)', 'Hospital 352 (n=50)', 'Hospital 353 (n=50)', 'Hospital 365 (n=50)', 'Hospital 386 (n=50)', 'Hospital 387 (n=50)', 'Hospital 388 (n=50)', 'Hospital 389 (n=50)', 'Hospital 390 (n=50)', 'Hospital 392 (n=50)', 'Hospital 403 (n=50)', 'Hospital 404 (n=50)', 'Hospital 407 (n=50)', 'Hospital 411 (n=50)', 'Hospital 413 (n=50)', 'Hospital 417 (n=50)', 'Hospital 420 (n=50)', 'Hospital 422 (n=50)', 'Hospital 433 (n=50)', 'Hospital 435 (n=50)', 'Hospital 436 (n=50)', 'Hospital 437 (n=50)', 'Hospital 439 (n=50)', 'Hospital 440 (n=50)', 'Hospital 443 (n=50)', 'Hospital 444 (n=50)', 'Hospital 445 (n=50)', 'Hospital 458 (n=50)', 'Hospital 459 (n=50)']
2026-07-26T14:02:00  INFO       FL server warm-started from Centralized weights
2026-07-26T14:02:00  INFO       ── Round 1/10 ──
2026-07-26T14:02:03  INFO     [METRIC]     Round 1: global_AUROC=0.6531  local_wt_AUROC(in-sample)=0.9748  participants=100  (3.21s)
2026-07-26T14:02:03  INFO       ── Round 2/10 ──
2026-07-26T14:02:06  INFO     [METRIC]     Round 2: global_AUROC=0.6531  local_wt_AUROC(in-sample)=0.9748  participants=100  (3.27s)
2026-07-26T14:02:06  INFO       ── Round 3/10 ──
2026-07-26T14:02:10  INFO     [METRIC]     Round 3: global_AUROC=0.6531  local_wt_AUROC(in-sample)=0.9748  participants=100  (3.12s)
2026-07-26T14:02:10  INFO       ── Round 4/10 ──
2026-07-26T14:02:13  INFO     [METRIC]     Round 4: global_AUROC=0.6531  local_wt_AUROC(in-sample)=0.9748  participants=100  (3.25s)
2026-07-26T14:02:13  INFO       ── Round 5/10 ──
2026-07-26T14:02:16  INFO     [METRIC]     Round 5: global_AUROC=0.6531  local_wt_AUROC(in-sample)=0.9748  participants=100  (3.23s)
2026-07-26T14:02:16  INFO       ── Round 6/10 ──
2026-07-26T14:02:19  INFO     [METRIC]     Round 6: global_AUROC=0.6531  local_wt_AUROC(in-sample)=0.9748  participants=100  (3.07s)
2026-07-26T14:02:19  INFO       ── Round 7/10 ──
2026-07-26T14:02:22  INFO     [METRIC]     Round 7: global_AUROC=0.6531  local_wt_AUROC(in-sample)=0.9748  participants=100  (3.1s)
2026-07-26T14:02:22  INFO       ── Round 8/10 ──
2026-07-26T14:02:25  INFO     [METRIC]     Round 8: global_AUROC=0.6531  local_wt_AUROC(in-sample)=0.9748  participants=100  (3.25s)
2026-07-26T14:02:25  INFO       ── Round 9/10 ──
2026-07-26T14:02:29  INFO     [METRIC]     Round 9: global_AUROC=0.6531  local_wt_AUROC(in-sample)=0.9748  participants=100  (3.29s)
2026-07-26T14:02:29  INFO       ── Round 10/10 ──
2026-07-26T14:02:32  INFO     [METRIC]     Round 10: global_AUROC=0.6531  local_wt_AUROC(in-sample)=0.9748  participants=100  (3.18s)
2026-07-26T14:02:32  INFO     [METRIC]   Final global model: AUROC=0.6531  AP=0.2815  F1=0.0000
2026-07-26T14:02:32  INFO     Running Strategy 4 — FedProx (μ=0.01)…
2026-07-26T14:02:32  INFO         Clients: ['Region: Midwest', 'Region: Northeast', 'Region: South', 'Region: Unknown', 'Region: West']
2026-07-26T14:02:32  INFO       FL server warm-started from Centralized weights
2026-07-26T14:02:32  INFO       ── Round 1/10 ──
2026-07-26T14:02:33  INFO     [METRIC]     Round 1: global_AUROC=0.7343  local_wt_AUROC(in-sample)=0.8456  participants=5  (0.53s)
2026-07-26T14:02:33  INFO       ── Round 2/10 ──
2026-07-26T14:02:34  INFO     [METRIC]     Round 2: global_AUROC=0.7339  local_wt_AUROC(in-sample)=0.8456  participants=5  (0.6s)
2026-07-26T14:02:34  INFO       ── Round 3/10 ──
2026-07-26T14:02:34  INFO     [METRIC]     Round 3: global_AUROC=0.7339  local_wt_AUROC(in-sample)=0.8456  participants=5  (0.53s)
2026-07-26T14:02:34  INFO       ── Round 4/10 ──
2026-07-26T14:02:35  INFO     [METRIC]     Round 4: global_AUROC=0.7339  local_wt_AUROC(in-sample)=0.8456  participants=5  (0.48s)
2026-07-26T14:02:35  INFO       ── Round 5/10 ──
2026-07-26T14:02:35  INFO     [METRIC]     Round 5: global_AUROC=0.7339  local_wt_AUROC(in-sample)=0.8456  participants=5  (0.39s)
2026-07-26T14:02:35  INFO       ── Round 6/10 ──
2026-07-26T14:02:35  INFO     [METRIC]     Round 6: global_AUROC=0.7339  local_wt_AUROC(in-sample)=0.8456  participants=5  (0.41s)
2026-07-26T14:02:35  INFO       ── Round 7/10 ──
2026-07-26T14:02:36  INFO     [METRIC]     Round 7: global_AUROC=0.7339  local_wt_AUROC(in-sample)=0.8456  participants=5  (0.55s)
2026-07-26T14:02:36  INFO       ── Round 8/10 ──
2026-07-26T14:02:36  INFO     [METRIC]     Round 8: global_AUROC=0.7339  local_wt_AUROC(in-sample)=0.8456  participants=5  (0.48s)
2026-07-26T14:02:36  INFO       ── Round 9/10 ──
2026-07-26T14:02:37  INFO     [METRIC]     Round 9: global_AUROC=0.7339  local_wt_AUROC(in-sample)=0.8456  participants=5  (0.6s)
2026-07-26T14:02:37  INFO       ── Round 10/10 ──
2026-07-26T14:02:37  INFO     [METRIC]     Round 10: global_AUROC=0.7339  local_wt_AUROC(in-sample)=0.8456  participants=5  (0.48s)
2026-07-26T14:02:38  INFO     [METRIC]   Final global model: AUROC=0.7339  AP=0.3322  F1=0.4444
2026-07-26T14:02:38  INFO     Running Strategy 5 — Non-IID Simulation (α=0.5)…
2026-07-26T14:02:38  INFO         Clients: ['Synth-Hospital 1 (rate 0.0%)', 'Synth-Hospital 2 (rate 6.7%)', 'Synth-Hospital 3 (rate 68.8%)', 'Synth-Hospital 4 (rate 53.1%)', 'Synth-Hospital 5 (rate 0.8%)']
2026-07-26T14:02:38  INFO       FL server warm-started from Centralized weights
2026-07-26T14:02:38  INFO       ── Round 1/10 ──
2026-07-26T14:02:38  INFO     [METRIC]     Round 1: global_AUROC=0.7424  local_wt_AUROC(in-sample)=0.8296  participants=4  (0.49s)
2026-07-26T14:02:38  INFO       ── Round 2/10 ──
2026-07-26T14:02:39  INFO     [METRIC]     Round 2: global_AUROC=0.7425  local_wt_AUROC(in-sample)=0.8296  participants=4  (0.57s)
2026-07-26T14:02:39  INFO       ── Round 3/10 ──
2026-07-26T14:02:39  INFO     [METRIC]     Round 3: global_AUROC=0.7425  local_wt_AUROC(in-sample)=0.8296  participants=4  (0.4s)
2026-07-26T14:02:39  INFO       ── Round 4/10 ──
2026-07-26T14:02:40  INFO     [METRIC]     Round 4: global_AUROC=0.7425  local_wt_AUROC(in-sample)=0.8296  participants=4  (0.5s)
2026-07-26T14:02:40  INFO       ── Round 5/10 ──
2026-07-26T14:02:40  INFO     [METRIC]     Round 5: global_AUROC=0.7425  local_wt_AUROC(in-sample)=0.8296  participants=4  (0.53s)
2026-07-26T14:02:40  INFO       ── Round 6/10 ──
2026-07-26T14:02:41  INFO     [METRIC]     Round 6: global_AUROC=0.7425  local_wt_AUROC(in-sample)=0.8296  participants=4  (0.52s)
2026-07-26T14:02:41  INFO       ── Round 7/10 ──
2026-07-26T14:02:41  INFO     [METRIC]     Round 7: global_AUROC=0.7425  local_wt_AUROC(in-sample)=0.8296  participants=4  (0.52s)
2026-07-26T14:02:41  INFO       ── Round 8/10 ──
2026-07-26T14:02:42  INFO     [METRIC]     Round 8: global_AUROC=0.7425  local_wt_AUROC(in-sample)=0.8296  participants=4  (0.49s)
2026-07-26T14:02:42  INFO       ── Round 9/10 ──
2026-07-26T14:02:42  INFO     [METRIC]     Round 9: global_AUROC=0.7425  local_wt_AUROC(in-sample)=0.8296  participants=4  (0.5s)
2026-07-26T14:02:42  INFO       ── Round 10/10 ──
2026-07-26T14:02:43  INFO     [METRIC]     Round 10: global_AUROC=0.7425  local_wt_AUROC(in-sample)=0.8296  participants=4  (0.43s)
2026-07-26T14:02:43  INFO     [METRIC]   Final global model: AUROC=0.7425  AP=0.3600  F1=0.4466
2026-07-26T14:02:43  INFO     All strategies complete in 59.1s
2026-07-26T14:02:43  INFO     Run 283409c9 finished in 59.15s
