2026-08-08T23:14:00  INFO     ============================================================
2026-08-08T23:14:00  INFO     Run 2e1165a4 started
2026-08-08T23:14:00  INFO     ============================================================
2026-08-08T23:14:00  INFO     Loading dataset: Bank Customer Churn (3 geographies)…
2026-08-08T23:14:01  INFO     Loaded 10,000 records | 2,037 positives (20.4%)  [Finance / Banking]
2026-08-08T23:14:01  INFO     Splitting global held-out test set from real data only (20% of 10,000 real patients)…
2026-08-08T23:14:01  INFO     Real data split — Train: 8,000 | Test: 2,000 real patients (no synthetic records in test set)
2026-08-08T23:14:01  INFO     Bank Churn dataset: enforcing S1 (Centralized) + S2 (FedAvg Region only)
2026-08-08T23:14:01  INFO     Running Strategy 1 — Centralized (oracle baseline)…
2026-08-08T23:14:01  INFO     [METRIC]   Strategy 1 (Centralized): global_AUROC=0.7532  CV_AUROC=0.7596±0.0107
2026-08-08T23:14:01  INFO       Centralized AUROC=0.7532  (warm-start weights captured for FL strategies)
2026-08-08T23:14:01  INFO     Running Strategy 2 — FedAvg by Region…
2026-08-08T23:14:01  INFO         Clients: ['Region: France', 'Region: Germany', 'Region: Spain']
2026-08-08T23:14:01  INFO       FL server warm-started from Centralized weights
2026-08-08T23:14:01  INFO       ── Round 1/3 ──
2026-08-08T23:14:02  INFO     [METRIC]     Round 1: global_AUROC=0.7483  local_wt_AUROC(in-sample)=0.7576  participants=3  (0.58s)
2026-08-08T23:14:02  INFO       ── Round 2/3 ──
2026-08-08T23:14:02  INFO     [METRIC]     Round 2: global_AUROC=0.7483  local_wt_AUROC(in-sample)=0.7576  participants=3  (0.51s)
2026-08-08T23:14:02  INFO       ── Round 3/3 ──
2026-08-08T23:14:03  INFO     [METRIC]     Round 3: global_AUROC=0.7483  local_wt_AUROC(in-sample)=0.7576  participants=3  (0.6s)
2026-08-08T23:14:03  INFO     [METRIC]   Final global model: AUROC=0.7483  AP=0.4208  F1=0.4762
2026-08-08T23:14:03  INFO     All strategies complete in 3.4s
2026-08-08T23:14:03  INFO     Run 2e1165a4 finished in 3.37s
