2026-08-07T18:17:05  INFO     ============================================================
2026-08-07T18:17:05  INFO     Run 44607322 started
2026-08-07T18:17:05  INFO     ============================================================
2026-08-07T18:17:05  INFO     Loading eICU tables…
2026-08-07T18:17:06  INFO     Loaded 2,119 patients | 358 readmissions (16.9%)
2026-08-07T18:17:06  INFO     Splitting global held-out test set from real data only (20% of 2,119 real patients)…
2026-08-07T18:17:06  INFO     Real data split — Train: 1,695 | Test: 424 real patients (no synthetic records in test set)
2026-08-07T18:17:06  INFO     Running Strategy 1 — Centralized (oracle baseline)…
2026-08-07T18:17:07  INFO     [METRIC]   Strategy 1 (Centralized): global_AUROC=0.7540  CV_AUROC=0.7596±0.0398
2026-08-07T18:17:07  INFO       Centralized AUROC=0.7540  (warm-start weights captured for FL strategies)
2026-08-07T18:17:07  INFO     Running Strategy 2 — FedAvg by Region…
2026-08-07T18:17:07  INFO         Clients: ['Region: Midwest', 'Region: Northeast', 'Region: South', 'Region: Unknown', 'Region: West']
2026-08-07T18:17:07  INFO       FL server warm-started from Centralized weights
2026-08-07T18:17:07  INFO       ── Round 1/3 ──
2026-08-07T18:17:07  INFO     [METRIC]     Round 1: global_AUROC=0.7401  local_wt_AUROC(in-sample)=0.8197  participants=5  (0.52s)
2026-08-07T18:17:07  INFO       ── Round 2/3 ──
2026-08-07T18:17:08  INFO     [METRIC]     Round 2: global_AUROC=0.7400  local_wt_AUROC(in-sample)=0.8196  participants=5  (0.47s)
2026-08-07T18:17:08  INFO       ── Round 3/3 ──
2026-08-07T18:17:08  INFO     [METRIC]     Round 3: global_AUROC=0.7400  local_wt_AUROC(in-sample)=0.8196  participants=5  (0.46s)
2026-08-07T18:17:09  INFO     [METRIC]   Final global model: AUROC=0.7400  AP=0.3611  F1=0.4195
2026-08-07T18:17:09  INFO     Running Strategy 3 — Quality-Gated Hospital FL (gate=0.55)…
2026-08-07T18:17:09  INFO       Strategy 3: screening 31 candidate hospitals (gate AUROC≥0.55)
2026-08-07T18:17:09  INFO       FL server warm-started from Centralized weights
2026-08-07T18:17:09  INFO       ── Round 1/1 ──
2026-08-07T18:17:10  INFO     [METRIC]     Round 1: global_AUROC=0.6867  local_wt_AUROC(in-sample)=0.9402  participants=31  (1.23s)
2026-08-07T18:17:10  INFO     [METRIC]   Final global model: AUROC=0.6867  AP=0.2880  F1=0.0000
2026-08-07T18:17:10  INFO       Strategy 3: 31 hospitals passed gate, 0 filtered
2026-08-07T18:17:10  INFO         Clients: ['Hospital 56 (n=11)', 'Hospital 59 (n=10)', 'Hospital 63 (n=10)', 'Hospital 67 (n=10)', 'Hospital 69 (n=13)', 'Hospital 108 (n=10)', 'Hospital 122 (n=10)', 'Hospital 123 (n=18)', 'Hospital 125 (n=10)', 'Hospital 142 (n=10)', 'Hospital 144 (n=11)', 'Hospital 146 (n=18)', 'Hospital 154 (n=10)', 'Hospital 164 (n=10)', 'Hospital 171 (n=11)', 'Hospital 174 (n=11)', 'Hospital 175 (n=11)', 'Hospital 179 (n=10)', 'Hospital 181 (n=11)', 'Hospital 224 (n=12)', 'Hospital 243 (n=18)', 'Hospital 283 (n=13)', 'Hospital 312 (n=13)', 'Hospital 328 (n=12)', 'Hospital 404 (n=12)', 'Hospital 420 (n=11)', 'Hospital 433 (n=10)', 'Hospital 437 (n=11)', 'Hospital 444 (n=10)', 'Hospital 458 (n=12)', 'Hospital 459 (n=10)']
2026-08-07T18:17:10  INFO       FL server warm-started from Centralized weights
2026-08-07T18:17:10  INFO       ── Round 1/3 ──
2026-08-07T18:17:11  INFO     [METRIC]     Round 1: global_AUROC=0.6867  local_wt_AUROC(in-sample)=0.9402  participants=31  (0.72s)
2026-08-07T18:17:11  INFO       ── Round 2/3 ──
2026-08-07T18:17:12  INFO     [METRIC]     Round 2: global_AUROC=0.6868  local_wt_AUROC(in-sample)=0.9402  participants=31  (0.73s)
2026-08-07T18:17:12  INFO       ── Round 3/3 ──
2026-08-07T18:17:12  INFO     [METRIC]     Round 3: global_AUROC=0.6867  local_wt_AUROC(in-sample)=0.9402  participants=31  (0.74s)
2026-08-07T18:17:13  INFO     [METRIC]   Final global model: AUROC=0.6867  AP=0.2880  F1=0.0000
2026-08-07T18:17:13  INFO     Running Strategy 4 — FedProx (μ=0.01)…
2026-08-07T18:17:13  INFO         Clients: ['Region: Midwest', 'Region: Northeast', 'Region: South', 'Region: Unknown', 'Region: West']
2026-08-07T18:17:13  INFO       FL server warm-started from Centralized weights
2026-08-07T18:17:13  INFO       ── Round 1/3 ──
2026-08-07T18:17:13  INFO     [METRIC]     Round 1: global_AUROC=0.7405  local_wt_AUROC(in-sample)=0.8192  participants=5  (0.28s)
2026-08-07T18:17:13  INFO       ── Round 2/3 ──
2026-08-07T18:17:13  INFO     [METRIC]     Round 2: global_AUROC=0.7400  local_wt_AUROC(in-sample)=0.8193  participants=5  (0.28s)
2026-08-07T18:17:13  INFO       ── Round 3/3 ──
2026-08-07T18:17:14  INFO     [METRIC]     Round 3: global_AUROC=0.7400  local_wt_AUROC(in-sample)=0.8193  participants=5  (0.27s)
2026-08-07T18:17:14  INFO     [METRIC]   Final global model: AUROC=0.7400  AP=0.3611  F1=0.4195
2026-08-07T18:17:14  INFO     Running Strategy 5 — Non-IID Simulation (α=0.5)…
2026-08-07T18:17:14  INFO         Clients: ['Synth-Hospital 1 (rate 0.2%)', 'Synth-Hospital 2 (rate 0.0%)', 'Synth-Hospital 3 (rate 2.8%)', 'Synth-Hospital 4 (rate 92.8%)', 'Synth-Hospital 5 (rate 80.0%)']
2026-08-07T18:17:14  INFO       FL server warm-started from Centralized weights
2026-08-07T18:17:14  INFO       ── Round 1/3 ──
2026-08-07T18:17:14  INFO     [METRIC]     Round 1: global_AUROC=0.7112  local_wt_AUROC(in-sample)=0.9462  participants=4  (0.26s)
2026-08-07T18:17:14  INFO       ── Round 2/3 ──
2026-08-07T18:17:14  INFO     [METRIC]     Round 2: global_AUROC=0.7112  local_wt_AUROC(in-sample)=0.9461  participants=4  (0.27s)
2026-08-07T18:17:14  INFO       ── Round 3/3 ──
2026-08-07T18:17:15  INFO     [METRIC]     Round 3: global_AUROC=0.7112  local_wt_AUROC(in-sample)=0.9461  participants=4  (0.26s)
2026-08-07T18:17:15  INFO     [METRIC]   Final global model: AUROC=0.7112  AP=0.3322  F1=0.1149
2026-08-07T18:17:15  INFO     All strategies complete in 9.3s
2026-08-07T18:17:15  INFO     Run 44607322 finished in 9.32s
