2026-07-04T16:40:04  INFO     ============================================================
2026-07-04T16:40:04  INFO     Run 6ab1b40c started
2026-07-04T16:40:04  INFO     ============================================================
2026-07-04T16:40:04  INFO     Loading eICU tables…
2026-07-04T16:40:05  INFO     Loaded 2,119 patients | 358 readmissions (16.9%)
2026-07-04T16:40:05  INFO     Splitting global held-out test set (20% of data)…
2026-07-04T16:40:05  INFO     Train: 1,695 | Test: 424 (shared across all strategies)
2026-07-04T16:40:05  INFO     Running Strategy 1 — Centralized (oracle baseline)…
2026-07-04T16:40:16  INFO     [METRIC]   Strategy 1 (Centralized): global_AUROC=0.7252  CV_AUROC=0.7456±0.0661
2026-07-04T16:40:16  INFO     Running Strategy 2 — FedAvg by Region…
2026-07-04T16:40:16  INFO         Clients: ['Region: Midwest', 'Region: Northeast', 'Region: South', 'Region: West']
2026-07-04T16:40:16  INFO       ── Round 1/3 ──
2026-07-04T16:40:18  INFO     [METRIC]     Round 1: global_AUROC=0.7362  local_wt_AUROC=0.8340  participants=4  (2.33s)
2026-07-04T16:40:18  INFO       ── Round 2/3 ──
2026-07-04T16:40:20  INFO     [METRIC]     Round 2: global_AUROC=0.7219  local_wt_AUROC=0.7228  participants=4  (1.97s)
2026-07-04T16:40:20  INFO       ── Round 3/3 ──
2026-07-04T16:40:22  INFO     [METRIC]     Round 3: global_AUROC=0.7341  local_wt_AUROC=0.7901  participants=4  (2.14s)
2026-07-04T16:40:22  INFO     [METRIC]   Final global model: AUROC=0.7341  AP=0.3682
2026-07-04T16:40:22  INFO     Running Strategy 3 — FedAvg by Hospital Cluster…
2026-07-04T16:40:22  INFO         Clients: ['Cluster 1 (rate 13.1%)', 'Cluster 2 (rate 16.8%)', 'Cluster 3 (rate 22.8%)']
2026-07-04T16:40:23  INFO       ── Round 1/3 ──
2026-07-04T16:40:25  INFO     [METRIC]     Round 1: global_AUROC=0.6989  local_wt_AUROC=0.7976  participants=3  (2.27s)
2026-07-04T16:40:25  INFO       ── Round 2/3 ──
2026-07-04T16:40:27  INFO     [METRIC]     Round 2: global_AUROC=0.6984  local_wt_AUROC=0.7767  participants=3  (2.12s)
2026-07-04T16:40:27  INFO       ── Round 3/3 ──
2026-07-04T16:40:29  INFO     [METRIC]     Round 3: global_AUROC=0.6731  local_wt_AUROC=0.7303  participants=3  (2.0s)
2026-07-04T16:40:29  INFO     [METRIC]   Final global model: AUROC=0.6731  AP=0.3838
2026-07-04T16:40:29  INFO     Running Strategy 4 — Quality-Gated Hospital FL (gate=0.75)…
2026-07-04T16:40:29  INFO       Strategy 4: screening 31 candidate hospitals (gate AUROC≥0.75)
2026-07-04T16:40:29  INFO       ── Round 1/1 ──
2026-07-04T16:40:34  INFO     [METRIC]     Round 1: global_AUROC=0.6844  local_wt_AUROC=0.4952  participants=31  (4.42s)
2026-07-04T16:40:34  INFO     [METRIC]   Final global model: AUROC=0.6844  AP=0.2723
2026-07-04T16:40:34  INFO       Strategy 4: 13 hospitals passed gate, 18 filtered
2026-07-04T16:40:34  INFO         Clients: ['Hospital 59 (n=11)', 'Hospital 60 (n=10)', 'Hospital 68 (n=11)', 'Hospital 69 (n=11)', 'Hospital 123 (n=18)', 'Hospital 146 (n=21)', 'Hospital 175 (n=12)', 'Hospital 179 (n=11)', 'Hospital 183 (n=10)', 'Hospital 209 (n=11)', 'Hospital 443 (n=13)', 'Hospital 458 (n=13)', 'Hospital 459 (n=10)']
2026-07-04T16:40:34  INFO       ── Round 1/3 ──
2026-07-04T16:40:35  INFO     [METRIC]     Round 1: global_AUROC=0.7204  local_wt_AUROC=0.9676  participants=13  (1.71s)
2026-07-04T16:40:35  INFO       ── Round 2/3 ──
2026-07-04T16:40:37  INFO     [METRIC]     Round 2: global_AUROC=0.7198  local_wt_AUROC=1.0000  participants=13  (1.94s)
2026-07-04T16:40:37  INFO       ── Round 3/3 ──
2026-07-04T16:40:39  INFO     [METRIC]     Round 3: global_AUROC=0.7341  local_wt_AUROC=0.8966  participants=13  (1.75s)
2026-07-04T16:40:39  INFO     [METRIC]   Final global model: AUROC=0.7341  AP=0.3459
2026-07-04T16:40:39  INFO     Running Strategy 5 — FedProx (μ=0.01)…
2026-07-04T16:40:39  INFO         Clients: ['Region: Midwest', 'Region: Northeast', 'Region: South', 'Region: West']
2026-07-04T16:40:39  INFO       ── Round 1/3 ──
2026-07-04T16:40:41  INFO     [METRIC]     Round 1: global_AUROC=0.7362  local_wt_AUROC=0.8340  participants=4  (2.24s)
2026-07-04T16:40:41  INFO       ── Round 2/3 ──
2026-07-04T16:40:43  INFO     [METRIC]     Round 2: global_AUROC=0.7219  local_wt_AUROC=0.7228  participants=4  (2.08s)
2026-07-04T16:40:43  INFO       ── Round 3/3 ──
2026-07-04T16:40:46  INFO     [METRIC]     Round 3: global_AUROC=0.7341  local_wt_AUROC=0.7901  participants=4  (2.31s)
2026-07-04T16:40:46  INFO     [METRIC]   Final global model: AUROC=0.7341  AP=0.3682
2026-07-04T16:40:46  INFO     Running Strategy 6 — Non-IID Simulation (α=0.5)…
2026-07-04T16:40:46  INFO         Clients: ['Synth-Hospital 1 (rate 1.4%)', 'Synth-Hospital 2 (rate 8.3%)', 'Synth-Hospital 3 (rate 0.0%)', 'Synth-Hospital 4 (rate 60.9%)', 'Synth-Hospital 5 (rate 3.7%)']
2026-07-04T16:40:46  INFO       ── Round 1/3 ──
2026-07-04T16:40:48  INFO     [METRIC]     Round 1: global_AUROC=0.6986  local_wt_AUROC=0.6041  participants=4  (1.85s)
2026-07-04T16:40:48  INFO       ── Round 2/3 ──
2026-07-04T16:40:50  INFO     [METRIC]     Round 2: global_AUROC=0.7312  local_wt_AUROC=0.8491  participants=4  (1.83s)
2026-07-04T16:40:50  INFO       ── Round 3/3 ──
2026-07-04T16:40:51  INFO     [METRIC]     Round 3: global_AUROC=0.7216  local_wt_AUROC=0.6551  participants=4  (1.77s)
2026-07-04T16:40:51  INFO     [METRIC]   Final global model: AUROC=0.7216  AP=0.4717
2026-07-04T16:40:51  INFO     All strategies complete in 47.0s
2026-07-04T16:40:51  INFO     Run 6ab1b40c finished in 47.0s
