2026-07-18T13:09:09  INFO     ============================================================
2026-07-18T13:09:09  INFO     Run 759156b3 started
2026-07-18T13:09:09  INFO     ============================================================
2026-07-18T13:09:09  INFO     Loading eICU tables…
2026-07-18T13:09:10  INFO     Loaded 2,119 patients | 358 readmissions (16.9%)
2026-07-18T13:09:10  INFO     Splitting global held-out test set (20% of data)…
2026-07-18T13:09:10  INFO     Train: 1,695 | Test: 424 (shared across all strategies)
2026-07-18T13:09:10  INFO     Running Strategy 1 — Centralized (oracle baseline)…
2026-07-18T13:09:11  INFO     [METRIC]   Strategy 1 (Centralized): global_AUROC=0.7540  CV_AUROC=0.7596±0.0398
2026-07-18T13:09:11  INFO       Centralized AUROC=0.7540  (warm-start weights captured for FL strategies)
2026-07-18T13:09:11  INFO     Running Strategy 2 — FedAvg by Region…
2026-07-18T13:09:11  INFO         Clients: ['Region: Midwest', 'Region: Northeast', 'Region: South', 'Region: Unknown', 'Region: West']
2026-07-18T13:09:11  INFO       FL server warm-started from Centralized weights
2026-07-18T13:09:11  INFO       ── Round 1/10 ──
2026-07-18T13:09:11  INFO     [METRIC]     Round 1: global_AUROC=0.7401  local_wt_AUROC(in-sample)=0.8197  participants=5  (0.55s)
2026-07-18T13:09:11  INFO       ── Round 2/10 ──
2026-07-18T13:09:12  INFO     [METRIC]     Round 2: global_AUROC=0.7400  local_wt_AUROC(in-sample)=0.8196  participants=5  (1.04s)
2026-07-18T13:09:12  INFO       ── Round 3/10 ──
2026-07-18T13:09:13  INFO     [METRIC]     Round 3: global_AUROC=0.7400  local_wt_AUROC(in-sample)=0.8196  participants=5  (0.59s)
2026-07-18T13:09:13  INFO       ── Round 4/10 ──
2026-07-18T13:09:14  INFO     [METRIC]     Round 4: global_AUROC=0.7400  local_wt_AUROC(in-sample)=0.8196  participants=5  (0.87s)
2026-07-18T13:09:14  INFO       ── Round 5/10 ──
2026-07-18T13:09:14  INFO     [METRIC]     Round 5: global_AUROC=0.7400  local_wt_AUROC(in-sample)=0.8196  participants=5  (0.66s)
2026-07-18T13:09:14  INFO       ── Round 6/10 ──
2026-07-18T13:09:15  INFO     [METRIC]     Round 6: global_AUROC=0.7400  local_wt_AUROC(in-sample)=0.8196  participants=5  (0.6s)
2026-07-18T13:09:15  INFO       ── Round 7/10 ──
2026-07-18T13:09:16  INFO     [METRIC]     Round 7: global_AUROC=0.7400  local_wt_AUROC(in-sample)=0.8196  participants=5  (0.7s)
2026-07-18T13:09:16  INFO       ── Round 8/10 ──
2026-07-18T13:09:16  INFO     [METRIC]     Round 8: global_AUROC=0.7400  local_wt_AUROC(in-sample)=0.8196  participants=5  (0.6s)
2026-07-18T13:09:16  INFO       ── Round 9/10 ──
2026-07-18T13:09:17  INFO     [METRIC]     Round 9: global_AUROC=0.7400  local_wt_AUROC(in-sample)=0.8196  participants=5  (0.6s)
2026-07-18T13:09:17  INFO       ── Round 10/10 ──
2026-07-18T13:09:17  INFO     [METRIC]     Round 10: global_AUROC=0.7400  local_wt_AUROC(in-sample)=0.8196  participants=5  (0.44s)
2026-07-18T13:09:18  INFO     [METRIC]   Final global model: AUROC=0.7400  AP=0.3611  F1=0.4195
2026-07-18T13:09:18  INFO     Running Strategy 3 — FedAvg by Hospital Cluster…
2026-07-18T13:09:18  INFO         Clients: ['Cluster 1 (rate 13.6%)', 'Cluster 2 (rate 15.3%)', 'Cluster 3 (rate 23.0%)']
2026-07-18T13:09:18  INFO       FL server warm-started from Centralized weights
2026-07-18T13:09:18  INFO       ── Round 1/10 ──
2026-07-18T13:09:18  INFO     [METRIC]     Round 1: global_AUROC=0.7360  local_wt_AUROC(in-sample)=0.7963  participants=3  (0.47s)
2026-07-18T13:09:18  INFO       ── Round 2/10 ──
2026-07-18T13:09:19  INFO     [METRIC]     Round 2: global_AUROC=0.7359  local_wt_AUROC(in-sample)=0.7963  participants=3  (0.44s)
2026-07-18T13:09:19  INFO       ── Round 3/10 ──
2026-07-18T13:09:19  INFO     [METRIC]     Round 3: global_AUROC=0.7359  local_wt_AUROC(in-sample)=0.7963  participants=3  (0.54s)
2026-07-18T13:09:19  INFO       ── Round 4/10 ──
2026-07-18T13:09:20  INFO     [METRIC]     Round 4: global_AUROC=0.7359  local_wt_AUROC(in-sample)=0.7963  participants=3  (0.46s)
2026-07-18T13:09:20  INFO       ── Round 5/10 ──
2026-07-18T13:09:20  INFO     [METRIC]     Round 5: global_AUROC=0.7359  local_wt_AUROC(in-sample)=0.7963  participants=3  (0.71s)
2026-07-18T13:09:20  INFO       ── Round 6/10 ──
2026-07-18T13:09:21  INFO     [METRIC]     Round 6: global_AUROC=0.7359  local_wt_AUROC(in-sample)=0.7963  participants=3  (0.66s)
2026-07-18T13:09:21  INFO       ── Round 7/10 ──
2026-07-18T13:09:22  INFO     [METRIC]     Round 7: global_AUROC=0.7359  local_wt_AUROC(in-sample)=0.7963  participants=3  (0.52s)
2026-07-18T13:09:22  INFO       ── Round 8/10 ──
2026-07-18T13:09:22  INFO     [METRIC]     Round 8: global_AUROC=0.7359  local_wt_AUROC(in-sample)=0.7963  participants=3  (0.57s)
2026-07-18T13:09:22  INFO       ── Round 9/10 ──
2026-07-18T13:09:23  INFO     [METRIC]     Round 9: global_AUROC=0.7359  local_wt_AUROC(in-sample)=0.7963  participants=3  (0.45s)
2026-07-18T13:09:23  INFO       ── Round 10/10 ──
2026-07-18T13:09:23  INFO     [METRIC]     Round 10: global_AUROC=0.7359  local_wt_AUROC(in-sample)=0.7963  participants=3  (0.46s)
2026-07-18T13:09:24  INFO     [METRIC]   Final global model: AUROC=0.7359  AP=0.3769  F1=0.4388
2026-07-18T13:09:24  INFO     Running Strategy 4 — Quality-Gated Hospital FL (gate=0.55)…
2026-07-18T13:09:24  INFO       Strategy 4: screening 31 candidate hospitals (gate AUROC≥0.55)
2026-07-18T13:09:24  INFO       FL server warm-started from Centralized weights
2026-07-18T13:09:24  INFO       ── Round 1/1 ──
2026-07-18T13:09:25  INFO     [METRIC]     Round 1: global_AUROC=0.6867  local_wt_AUROC(in-sample)=0.9402  participants=31  (1.28s)
2026-07-18T13:09:25  INFO     [METRIC]   Final global model: AUROC=0.6867  AP=0.2880  F1=0.0000
2026-07-18T13:09:25  INFO       Strategy 4: 31 hospitals passed gate, 0 filtered
2026-07-18T13:09:25  INFO         Clients: ['Hospital 56 (n=11)', 'Hospital 59 (n=10)', 'Hospital 63 (n=10)', 'Hospital 67 (n=10)', 'Hospital 69 (n=13)', 'Hospital 108 (n=10)', 'Hospital 122 (n=10)', 'Hospital 123 (n=18)', 'Hospital 125 (n=10)', 'Hospital 142 (n=10)', 'Hospital 144 (n=11)', 'Hospital 146 (n=18)', 'Hospital 154 (n=10)', 'Hospital 164 (n=10)', 'Hospital 171 (n=11)', 'Hospital 174 (n=11)', 'Hospital 175 (n=11)', 'Hospital 179 (n=10)', 'Hospital 181 (n=11)', 'Hospital 224 (n=12)', 'Hospital 243 (n=18)', 'Hospital 283 (n=13)', 'Hospital 312 (n=13)', 'Hospital 328 (n=12)', 'Hospital 404 (n=12)', 'Hospital 420 (n=11)', 'Hospital 433 (n=10)', 'Hospital 437 (n=11)', 'Hospital 444 (n=10)', 'Hospital 458 (n=12)', 'Hospital 459 (n=10)']
2026-07-18T13:09:25  INFO       FL server warm-started from Centralized weights
2026-07-18T13:09:25  INFO       ── Round 1/10 ──
2026-07-18T13:09:26  INFO     [METRIC]     Round 1: global_AUROC=0.6867  local_wt_AUROC(in-sample)=0.9402  participants=31  (1.09s)
2026-07-18T13:09:26  INFO       ── Round 2/10 ──
2026-07-18T13:09:28  INFO     [METRIC]     Round 2: global_AUROC=0.6868  local_wt_AUROC(in-sample)=0.9402  participants=31  (1.12s)
2026-07-18T13:09:28  INFO       ── Round 3/10 ──
2026-07-18T13:09:29  INFO     [METRIC]     Round 3: global_AUROC=0.6867  local_wt_AUROC(in-sample)=0.9402  participants=31  (1.23s)
2026-07-18T13:09:29  INFO       ── Round 4/10 ──
2026-07-18T13:09:30  INFO     [METRIC]     Round 4: global_AUROC=0.6867  local_wt_AUROC(in-sample)=0.9402  participants=31  (1.17s)
2026-07-18T13:09:30  INFO       ── Round 5/10 ──
2026-07-18T13:09:31  INFO     [METRIC]     Round 5: global_AUROC=0.6867  local_wt_AUROC(in-sample)=0.9402  participants=31  (1.19s)
2026-07-18T13:09:31  INFO       ── Round 6/10 ──
2026-07-18T13:09:32  INFO     [METRIC]     Round 6: global_AUROC=0.6867  local_wt_AUROC(in-sample)=0.9402  participants=31  (1.18s)
2026-07-18T13:09:32  INFO       ── Round 7/10 ──
2026-07-18T13:09:33  INFO     [METRIC]     Round 7: global_AUROC=0.6867  local_wt_AUROC(in-sample)=0.9402  participants=31  (1.14s)
2026-07-18T13:09:33  INFO       ── Round 8/10 ──
2026-07-18T13:09:35  INFO     [METRIC]     Round 8: global_AUROC=0.6867  local_wt_AUROC(in-sample)=0.9402  participants=31  (1.24s)
2026-07-18T13:09:35  INFO       ── Round 9/10 ──
2026-07-18T13:09:36  INFO     [METRIC]     Round 9: global_AUROC=0.6867  local_wt_AUROC(in-sample)=0.9402  participants=31  (1.06s)
2026-07-18T13:09:36  INFO       ── Round 10/10 ──
2026-07-18T13:09:37  INFO     [METRIC]     Round 10: global_AUROC=0.6867  local_wt_AUROC(in-sample)=0.9402  participants=31  (1.19s)
2026-07-18T13:09:37  INFO     [METRIC]   Final global model: AUROC=0.6867  AP=0.2880  F1=0.0000
2026-07-18T13:09:37  INFO     All strategies complete in 27.8s
2026-07-18T13:09:37  INFO     Run 759156b3 finished in 27.84s
