2026-07-26T13:12:25  INFO     ============================================================
2026-07-26T13:12:25  INFO     Run 7683eca2 started
2026-07-26T13:12:25  INFO     ============================================================
2026-07-26T13:12:25  INFO     Loading eICU tables…
2026-07-26T13:12:26  INFO     Loaded 2,119 patients | 358 readmissions (16.9%)
2026-07-26T13:12:26  INFO     Splitting global held-out test set from real data only (20% of 2,119 real patients)…
2026-07-26T13:12:26  INFO     Real data split — Train: 1,695 | Test: 424 real patients (no synthetic records in test set)
2026-07-26T13:12:26  INFO     Augmenting training data to ≥10860 patients/hospital via Gaussian-noise perturbation (train only)…
2026-07-26T13:12:51  INFO     After augmentation — Train: 2,019,960 patients (2,018,265 synthetic, 1,695 real) | Test: 424 real patients only
2026-07-26T13:12:51  INFO     Running Strategy 1 — Centralized (oracle baseline)…
2026-07-26T13:13:37  INFO     [METRIC]   Strategy 1 (Centralized): global_AUROC=0.7516  CV_AUROC=0.7952±0.0010
2026-07-26T13:13:37  INFO       Centralized AUROC=0.7516  (warm-start weights captured for FL strategies)
2026-07-26T13:13:37  INFO     Running Strategy 2 — FedAvg by Region…
2026-07-26T13:13:45  INFO         Clients: ['Region: Midwest', 'Region: Northeast', 'Region: South', 'Region: Unknown', 'Region: West']
2026-07-26T13:13:45  INFO       FL server warm-started from Centralized weights
2026-07-26T13:13:45  INFO       ── Round 1/3 ──
2026-07-26T13:13:58  INFO     [METRIC]     Round 1: global_AUROC=0.6867  local_wt_AUROC(in-sample)=0.8654  participants=5  (12.83s)
2026-07-26T13:13:58  INFO       ── Round 2/3 ──
2026-07-26T13:14:12  INFO     [METRIC]     Round 2: global_AUROC=0.6862  local_wt_AUROC(in-sample)=0.8654  participants=5  (13.41s)
2026-07-26T13:14:12  INFO       ── Round 3/3 ──
2026-07-26T13:14:24  INFO     [METRIC]     Round 3: global_AUROC=0.6862  local_wt_AUROC(in-sample)=0.8654  participants=5  (12.08s)
2026-07-26T13:14:24  INFO     [METRIC]   Final global model: AUROC=0.6862  AP=0.2726  F1=0.3256
2026-07-26T13:14:25  INFO     Running Strategy 3 — Quality-Gated Hospital FL (gate=0.55)…
2026-07-26T13:14:29  INFO       Strategy 3: screening 100 candidate hospitals (gate AUROC≥0.55)
2026-07-26T13:14:29  INFO       FL server warm-started from Centralized weights
2026-07-26T13:14:29  INFO       ── Round 1/1 ──
2026-07-26T13:14:36  INFO     [METRIC]     Round 1: global_AUROC=0.6524  local_wt_AUROC(in-sample)=0.9996  participants=100  (7.16s)
2026-07-26T13:14:37  INFO     [METRIC]   Final global model: AUROC=0.6524  AP=0.2808  F1=0.0000
2026-07-26T13:14:37  INFO       Strategy 3: 100 hospitals passed gate, 0 filtered
2026-07-26T13:14:37  INFO         Clients: ['Hospital 56 (n=10860)', 'Hospital 58 (n=10860)', 'Hospital 59 (n=10860)', 'Hospital 60 (n=10860)', 'Hospital 61 (n=10860)', 'Hospital 63 (n=10860)', 'Hospital 67 (n=10860)', 'Hospital 68 (n=10860)', 'Hospital 69 (n=10860)', 'Hospital 71 (n=10860)', 'Hospital 73 (n=10860)', 'Hospital 95 (n=10860)', 'Hospital 108 (n=10860)', 'Hospital 115 (n=10860)', 'Hospital 120 (n=10860)', 'Hospital 122 (n=10860)', 'Hospital 123 (n=10860)', 'Hospital 125 (n=10860)', 'Hospital 131 (n=10860)', 'Hospital 141 (n=10860)', 'Hospital 142 (n=10860)', 'Hospital 144 (n=10860)', 'Hospital 146 (n=10860)', 'Hospital 148 (n=10860)', 'Hospital 152 (n=10860)', 'Hospital 154 (n=10860)', 'Hospital 155 (n=10860)', 'Hospital 157 (n=10860)', 'Hospital 158 (n=10860)', 'Hospital 164 (n=10860)', 'Hospital 165 (n=10860)', 'Hospital 167 (n=10860)', 'Hospital 171 (n=10860)', 'Hospital 174 (n=10860)', 'Hospital 175 (n=10860)', 'Hospital 179 (n=10860)', 'Hospital 181 (n=10860)', 'Hospital 182 (n=10860)', 'Hospital 183 (n=10860)', 'Hospital 188 (n=10860)', 'Hospital 195 (n=10860)', 'Hospital 196 (n=10860)', 'Hospital 197 (n=10860)', 'Hospital 198 (n=10860)', 'Hospital 199 (n=10860)', 'Hospital 202 (n=10860)', 'Hospital 205 (n=10860)', 'Hospital 206 (n=10860)', 'Hospital 207 (n=10860)', 'Hospital 208 (n=10860)', 'Hospital 209 (n=10860)', 'Hospital 210 (n=10860)', 'Hospital 220 (n=10860)', 'Hospital 224 (n=10860)', 'Hospital 243 (n=10860)', 'Hospital 248 (n=10860)', 'Hospital 254 (n=10860)', 'Hospital 258 (n=10860)', 'Hospital 262 (n=10860)', 'Hospital 269 (n=10860)', 'Hospital 272 (n=10860)', 'Hospital 273 (n=10860)', 'Hospital 275 (n=10860)', 'Hospital 281 (n=10860)', 'Hospital 283 (n=10860)', 'Hospital 300 (n=10860)', 'Hospital 301 (n=10860)', 'Hospital 307 (n=10860)', 'Hospital 312 (n=10860)', 'Hospital 328 (n=10860)', 'Hospital 338 (n=10860)', 'Hospital 342 (n=10860)', 'Hospital 352 (n=10860)', 'Hospital 353 (n=10860)', 'Hospital 365 (n=10860)', 'Hospital 386 (n=10860)', 'Hospital 387 (n=10860)', 'Hospital 388 (n=10860)', 'Hospital 389 (n=10860)', 'Hospital 390 (n=10860)', 'Hospital 392 (n=10860)', 'Hospital 403 (n=10860)', 'Hospital 404 (n=10860)', 'Hospital 407 (n=10860)', 'Hospital 411 (n=10860)', 'Hospital 413 (n=10860)', 'Hospital 417 (n=10860)', 'Hospital 420 (n=10860)', 'Hospital 422 (n=10860)', 'Hospital 433 (n=10860)', 'Hospital 435 (n=10860)', 'Hospital 436 (n=10860)', 'Hospital 437 (n=10860)', 'Hospital 439 (n=10860)', 'Hospital 440 (n=10860)', 'Hospital 443 (n=10860)', 'Hospital 444 (n=10860)', 'Hospital 445 (n=10860)', 'Hospital 458 (n=10860)', 'Hospital 459 (n=10860)']
2026-07-26T13:14:37  INFO       FL server warm-started from Centralized weights
2026-07-26T13:14:37  INFO       ── Round 1/3 ──
2026-07-26T13:14:44  INFO     [METRIC]     Round 1: global_AUROC=0.6524  local_wt_AUROC(in-sample)=0.9996  participants=100  (7.05s)
2026-07-26T13:14:44  INFO       ── Round 2/3 ──
2026-07-26T13:14:50  INFO     [METRIC]     Round 2: global_AUROC=0.6526  local_wt_AUROC(in-sample)=0.9996  participants=100  (6.56s)
2026-07-26T13:14:50  INFO       ── Round 3/3 ──
2026-07-26T13:14:57  INFO     [METRIC]     Round 3: global_AUROC=0.6526  local_wt_AUROC(in-sample)=0.9996  participants=100  (6.82s)
2026-07-26T13:14:58  INFO     [METRIC]   Final global model: AUROC=0.6526  AP=0.2826  F1=0.0000
2026-07-26T13:14:58  INFO     Running Strategy 4 — FedProx (μ=0.01)…
2026-07-26T13:15:05  INFO         Clients: ['Region: Midwest', 'Region: Northeast', 'Region: South', 'Region: Unknown', 'Region: West']
2026-07-26T13:15:05  INFO       FL server warm-started from Centralized weights
2026-07-26T13:15:05  INFO       ── Round 1/3 ──
2026-07-26T13:15:18  INFO     [METRIC]     Round 1: global_AUROC=0.6880  local_wt_AUROC(in-sample)=0.8654  participants=5  (12.95s)
2026-07-26T13:15:18  INFO       ── Round 2/3 ──
2026-07-26T13:15:31  INFO     [METRIC]     Round 2: global_AUROC=0.6863  local_wt_AUROC(in-sample)=0.8655  participants=5  (12.62s)
2026-07-26T13:15:31  INFO       ── Round 3/3 ──
2026-07-26T13:15:46  INFO     [METRIC]     Round 3: global_AUROC=0.6864  local_wt_AUROC(in-sample)=0.8655  participants=5  (15.48s)
2026-07-26T13:15:47  INFO     [METRIC]   Final global model: AUROC=0.6864  AP=0.2728  F1=0.3256
2026-07-26T13:15:48  INFO     Running Strategy 5 — Non-IID Simulation (α=0.5)…
2026-07-26T13:15:57  INFO         Clients: ['Synth-Hospital 1 (rate 0.0%)', 'Synth-Hospital 2 (rate 0.1%)', 'Synth-Hospital 3 (rate 55.7%)', 'Synth-Hospital 4 (rate 2.6%)', 'Synth-Hospital 5 (rate 46.7%)']
2026-07-26T13:15:58  INFO       FL server warm-started from Centralized weights
2026-07-26T13:15:58  INFO       ── Round 1/3 ──
2026-07-26T13:16:07  INFO     [METRIC]     Round 1: global_AUROC=0.7199  local_wt_AUROC(in-sample)=0.8357  participants=5  (9.41s)
2026-07-26T13:16:07  INFO       ── Round 2/3 ──
2026-07-26T13:16:19  INFO     [METRIC]     Round 2: global_AUROC=0.7197  local_wt_AUROC(in-sample)=0.8357  participants=5  (11.96s)
2026-07-26T13:16:19  INFO       ── Round 3/3 ──
2026-07-26T13:16:30  INFO     [METRIC]     Round 3: global_AUROC=0.7195  local_wt_AUROC(in-sample)=0.8357  participants=5  (11.08s)
2026-07-26T13:16:31  INFO     [METRIC]   Final global model: AUROC=0.7195  AP=0.3303  F1=0.2903
2026-07-26T13:16:31  INFO     All strategies complete in 245.7s
2026-07-26T13:16:31  INFO     Run 7683eca2 finished in 245.74s
