2026-07-18T12:35:05  INFO     ============================================================
2026-07-18T12:35:05  INFO     Run 782ed4b9 started
2026-07-18T12:35:05  INFO     ============================================================
2026-07-18T12:35:05  INFO     Loading eICU tables…
2026-07-18T12:35:06  INFO     Loaded 2,119 patients | 358 readmissions (16.9%)
2026-07-18T12:35:06  INFO     Splitting global held-out test set (20% of data)…
2026-07-18T12:35:06  INFO     Train: 1,695 | Test: 424 (shared across all strategies)
2026-07-18T12:35:06  INFO     Running Strategy 1 — Centralized (oracle baseline)…
2026-07-18T12:35:06  INFO     [METRIC]   Strategy 1 (Centralized): global_AUROC=0.8026  CV_AUROC=0.7497±0.0510
2026-07-18T12:35:06  INFO       Centralized AUROC=0.8026  (warm-start weights captured for FL strategies)
2026-07-18T12:35:06  INFO     Running Strategy 2 — FedAvg by Region…
2026-07-18T12:35:06  INFO         Clients: ['Region: Midwest', 'Region: Northeast', 'Region: South', 'Region: Unknown', 'Region: West']
2026-07-18T12:35:06  INFO       FL server warm-started from Centralized weights
2026-07-18T12:35:06  INFO       ── Round 1/3 ──
2026-07-18T12:35:06  INFO     [METRIC]     Round 1: global_AUROC=0.8031  local_wt_AUROC(in-sample)=0.8088  participants=5  (0.14s)
2026-07-18T12:35:06  INFO       ── Round 2/3 ──
2026-07-18T12:35:06  INFO     [METRIC]     Round 2: global_AUROC=0.8031  local_wt_AUROC(in-sample)=0.8089  participants=5  (0.14s)
2026-07-18T12:35:06  INFO       ── Round 3/3 ──
2026-07-18T12:35:06  INFO     [METRIC]     Round 3: global_AUROC=0.8031  local_wt_AUROC(in-sample)=0.8089  participants=5  (0.14s)
2026-07-18T12:35:06  INFO     [METRIC]   Final global model: AUROC=0.8031  AP=0.4359  F1=0.4813
2026-07-18T12:35:06  INFO     Running Strategy 3 — FedAvg by Hospital Cluster…
2026-07-18T12:35:09  INFO         Clients: ['Cluster 1 (rate 13.1%)', 'Cluster 2 (rate 16.8%)', 'Cluster 3 (rate 22.8%)']
2026-07-18T12:35:09  INFO       FL server warm-started from Centralized weights
2026-07-18T12:35:09  INFO       ── Round 1/3 ──
2026-07-18T12:35:09  INFO     [METRIC]     Round 1: global_AUROC=0.7820  local_wt_AUROC(in-sample)=0.7830  participants=3  (0.09s)
2026-07-18T12:35:09  INFO       ── Round 2/3 ──
2026-07-18T12:35:10  INFO     [METRIC]     Round 2: global_AUROC=0.7818  local_wt_AUROC(in-sample)=0.7830  participants=3  (0.08s)
2026-07-18T12:35:10  INFO       ── Round 3/3 ──
2026-07-18T12:35:10  INFO     [METRIC]     Round 3: global_AUROC=0.7818  local_wt_AUROC(in-sample)=0.7830  participants=3  (0.12s)
2026-07-18T12:35:10  INFO     [METRIC]   Final global model: AUROC=0.7818  AP=0.4470  F1=0.4607
2026-07-18T12:35:10  INFO     Running Strategy 4 — Quality-Gated Hospital FL (gate=0.55)…
2026-07-18T12:35:10  INFO       Strategy 4: screening 31 candidate hospitals (gate AUROC≥0.55)
2026-07-18T12:35:10  INFO       FL server warm-started from Centralized weights
2026-07-18T12:35:10  INFO       ── Round 1/1 ──
2026-07-18T12:35:11  INFO     [METRIC]     Round 1: global_AUROC=0.7763  local_wt_AUROC(in-sample)=0.9353  participants=31  (0.87s)
2026-07-18T12:35:11  INFO     [METRIC]   Final global model: AUROC=0.7763  AP=0.3934  F1=0.0000
2026-07-18T12:35:11  INFO       Strategy 4: 31 hospitals passed gate, 0 filtered
2026-07-18T12:35:11  INFO         Clients: ['Hospital 59 (n=11)', 'Hospital 60 (n=10)', 'Hospital 68 (n=11)', 'Hospital 69 (n=11)', 'Hospital 71 (n=10)', 'Hospital 122 (n=11)', 'Hospital 123 (n=18)', 'Hospital 146 (n=21)', 'Hospital 164 (n=10)', 'Hospital 167 (n=10)', 'Hospital 174 (n=10)', 'Hospital 175 (n=12)', 'Hospital 179 (n=11)', 'Hospital 183 (n=10)', 'Hospital 197 (n=11)', 'Hospital 205 (n=10)', 'Hospital 209 (n=11)', 'Hospital 224 (n=12)', 'Hospital 243 (n=12)', 'Hospital 248 (n=12)', 'Hospital 312 (n=12)', 'Hospital 328 (n=15)', 'Hospital 353 (n=12)', 'Hospital 392 (n=10)', 'Hospital 404 (n=13)', 'Hospital 435 (n=10)', 'Hospital 439 (n=10)', 'Hospital 440 (n=12)', 'Hospital 443 (n=13)', 'Hospital 458 (n=13)', 'Hospital 459 (n=10)']
2026-07-18T12:35:11  INFO       FL server warm-started from Centralized weights
2026-07-18T12:35:11  INFO       ── Round 1/3 ──
2026-07-18T12:35:12  INFO     [METRIC]     Round 1: global_AUROC=0.7763  local_wt_AUROC(in-sample)=0.9353  participants=31  (0.87s)
2026-07-18T12:35:12  INFO       ── Round 2/3 ──
2026-07-18T12:35:12  INFO     [METRIC]     Round 2: global_AUROC=0.7763  local_wt_AUROC(in-sample)=0.9353  participants=31  (0.83s)
2026-07-18T12:35:12  INFO       ── Round 3/3 ──
2026-07-18T12:35:13  INFO     [METRIC]     Round 3: global_AUROC=0.7763  local_wt_AUROC(in-sample)=0.9353  participants=31  (0.88s)
2026-07-18T12:35:13  INFO     [METRIC]   Final global model: AUROC=0.7763  AP=0.3934  F1=0.0000
2026-07-18T12:35:13  INFO     All strategies complete in 8.0s
2026-07-18T12:35:13  INFO     Run 782ed4b9 finished in 8.02s
