2026-07-18T23:53:18  INFO     ============================================================
2026-07-18T23:53:18  INFO     Run 83d5f7fb started
2026-07-18T23:53:18  INFO     ============================================================
2026-07-18T23:53:18  INFO     Loading eICU tables…
2026-07-18T23:53:20  INFO     Loaded 2,119 patients | 358 readmissions (16.9%)
2026-07-18T23:53:20  INFO     Splitting global held-out test set (20% of data)…
2026-07-18T23:53:20  INFO     Train: 1,695 | Test: 424 (shared across all strategies)
2026-07-18T23:53:20  INFO     Running Strategy 1 — Centralized (oracle baseline)…
2026-07-18T23:53:21  INFO     [METRIC]   Strategy 1 (Centralized): global_AUROC=0.7540  CV_AUROC=0.7596±0.0398
2026-07-18T23:53:21  INFO       Centralized AUROC=0.7540  (warm-start weights captured for FL strategies)
2026-07-18T23:53:21  INFO     Running Strategy 2 — FedAvg by Region…
2026-07-18T23:53:21  INFO         Clients: ['Region: Midwest', 'Region: Northeast', 'Region: South', 'Region: Unknown', 'Region: West']
2026-07-18T23:53:21  INFO       FL server warm-started from Centralized weights
2026-07-18T23:53:21  INFO       ── Round 1/3 ──
2026-07-18T23:53:22  INFO     [METRIC]     Round 1: global_AUROC=0.7401  local_wt_AUROC(in-sample)=0.8197  participants=5  (1.14s)
2026-07-18T23:53:22  INFO       ── Round 2/3 ──
2026-07-18T23:53:23  INFO     [METRIC]     Round 2: global_AUROC=0.7400  local_wt_AUROC(in-sample)=0.8196  participants=5  (1.14s)
2026-07-18T23:53:23  INFO       ── Round 3/3 ──
2026-07-18T23:53:24  INFO     [METRIC]     Round 3: global_AUROC=0.7400  local_wt_AUROC(in-sample)=0.8196  participants=5  (1.13s)
2026-07-18T23:53:25  INFO     [METRIC]   Final global model: AUROC=0.7400  AP=0.3611  F1=0.4195
2026-07-18T23:53:25  INFO     Running Strategy 3 — Quality-Gated Hospital FL (gate=0.55)…
2026-07-18T23:53:26  INFO       Strategy 3: screening 31 candidate hospitals (gate AUROC≥0.55)
2026-07-18T23:53:26  INFO       FL server warm-started from Centralized weights
2026-07-18T23:53:26  INFO       ── Round 1/1 ──
2026-07-18T23:53:28  INFO     [METRIC]     Round 1: global_AUROC=0.6867  local_wt_AUROC(in-sample)=0.9402  participants=31  (2.12s)
2026-07-18T23:53:28  INFO     [METRIC]   Final global model: AUROC=0.6867  AP=0.2880  F1=0.0000
2026-07-18T23:53:28  INFO       Strategy 3: 31 hospitals passed gate, 0 filtered
2026-07-18T23:53:28  INFO         Clients: ['Hospital 56 (n=11)', 'Hospital 59 (n=10)', 'Hospital 63 (n=10)', 'Hospital 67 (n=10)', 'Hospital 69 (n=13)', 'Hospital 108 (n=10)', 'Hospital 122 (n=10)', 'Hospital 123 (n=18)', 'Hospital 125 (n=10)', 'Hospital 142 (n=10)', 'Hospital 144 (n=11)', 'Hospital 146 (n=18)', 'Hospital 154 (n=10)', 'Hospital 164 (n=10)', 'Hospital 171 (n=11)', 'Hospital 174 (n=11)', 'Hospital 175 (n=11)', 'Hospital 179 (n=10)', 'Hospital 181 (n=11)', 'Hospital 224 (n=12)', 'Hospital 243 (n=18)', 'Hospital 283 (n=13)', 'Hospital 312 (n=13)', 'Hospital 328 (n=12)', 'Hospital 404 (n=12)', 'Hospital 420 (n=11)', 'Hospital 433 (n=10)', 'Hospital 437 (n=11)', 'Hospital 444 (n=10)', 'Hospital 458 (n=12)', 'Hospital 459 (n=10)']
2026-07-18T23:53:28  INFO       FL server warm-started from Centralized weights
2026-07-18T23:53:28  INFO       ── Round 1/3 ──
2026-07-18T23:53:31  INFO     [METRIC]     Round 1: global_AUROC=0.6867  local_wt_AUROC(in-sample)=0.9402  participants=31  (2.11s)
2026-07-18T23:53:31  INFO       ── Round 2/3 ──
2026-07-18T23:53:33  INFO     [METRIC]     Round 2: global_AUROC=0.6868  local_wt_AUROC(in-sample)=0.9402  participants=31  (2.22s)
2026-07-18T23:53:33  INFO       ── Round 3/3 ──
2026-07-18T23:53:35  INFO     [METRIC]     Round 3: global_AUROC=0.6867  local_wt_AUROC(in-sample)=0.9402  participants=31  (2.17s)
2026-07-18T23:53:36  INFO     [METRIC]   Final global model: AUROC=0.6867  AP=0.2880  F1=0.0000
2026-07-18T23:53:36  INFO     Running Strategy 4 — FedProx (μ=0.01)…
2026-07-18T23:53:36  INFO         Clients: ['Region: Midwest', 'Region: Northeast', 'Region: South', 'Region: Unknown', 'Region: West']
2026-07-18T23:53:36  INFO       FL server warm-started from Centralized weights
2026-07-18T23:53:36  INFO       ── Round 1/3 ──
2026-07-18T23:53:37  INFO     [METRIC]     Round 1: global_AUROC=0.7405  local_wt_AUROC(in-sample)=0.8192  participants=5  (1.04s)
2026-07-18T23:53:37  INFO       ── Round 2/3 ──
2026-07-18T23:53:38  INFO     [METRIC]     Round 2: global_AUROC=0.7400  local_wt_AUROC(in-sample)=0.8193  participants=5  (1.05s)
2026-07-18T23:53:38  INFO       ── Round 3/3 ──
2026-07-18T23:53:39  INFO     [METRIC]     Round 3: global_AUROC=0.7400  local_wt_AUROC(in-sample)=0.8193  participants=5  (1.03s)
2026-07-18T23:53:40  INFO     [METRIC]   Final global model: AUROC=0.7400  AP=0.3611  F1=0.4195
2026-07-18T23:53:40  INFO     Running Strategy 5 — Non-IID Simulation (α=0.5, 5 clients)…
2026-07-18T23:53:40  INFO         Clients: ['Synth-Hospital 1 (rate 0.2%)', 'Synth-Hospital 2 (rate 0.0%)', 'Synth-Hospital 3 (rate 2.8%)', 'Synth-Hospital 4 (rate 92.8%)', 'Synth-Hospital 5 (rate 80.0%)']
2026-07-18T23:53:40  INFO       ── Round 1/3 ──
2026-07-18T23:53:41  INFO     [METRIC]     Round 1: global_AUROC=0.7112  local_wt_AUROC(in-sample)=0.9462  participants=4  (1.05s)
2026-07-18T23:53:41  INFO       ── Round 2/3 ──
2026-07-18T23:53:42  INFO     [METRIC]     Round 2: global_AUROC=0.7112  local_wt_AUROC(in-sample)=0.9461  participants=4  (1.01s)
2026-07-18T23:53:42  INFO       ── Round 3/3 ──
2026-07-18T23:53:43  INFO     [METRIC]     Round 3: global_AUROC=0.7112  local_wt_AUROC(in-sample)=0.9461  participants=4  (1.0s)
2026-07-18T23:53:44  INFO     [METRIC]   Final global model: AUROC=0.7112  AP=0.3322  F1=0.1149
2026-07-18T23:53:44  INFO     All strategies complete in 25.7s
2026-07-18T23:53:44  INFO     Run 83d5f7fb finished in 25.72s
