2026-07-26T12:31:27  INFO     ============================================================
2026-07-26T12:31:27  INFO     Run 8eb26056 started
2026-07-26T12:31:27  INFO     ============================================================
2026-07-26T12:31:27  INFO     Loading eICU tables…
2026-07-26T12:31:27  INFO     Loaded 2,119 patients | 358 readmissions (16.9%)
2026-07-26T12:31:27  INFO     Augmenting demo data to ≥30 patients/hospital via Gaussian-noise perturbation…
2026-07-26T12:31:33  INFO     After augmentation: 5,580 patients (3,461 synthetic) | 186 hospitals | readmit rate 16.0%
2026-07-26T12:31:33  INFO     Splitting global held-out test set (20% of data)…
2026-07-26T12:31:33  INFO     Train: 4,464 | Test: 1,116 (shared across all strategies)
2026-07-26T12:31:33  INFO     Running Strategy 1 — Centralized (oracle baseline)…
2026-07-26T12:31:34  INFO     [METRIC]   Strategy 1 (Centralized): global_AUROC=0.7758  CV_AUROC=0.7884±0.0222
2026-07-26T12:31:34  INFO       Centralized AUROC=0.7758  (warm-start weights captured for FL strategies)
2026-07-26T12:31:34  INFO     Running Strategy 2 — FedAvg by Region…
2026-07-26T12:31:34  INFO         Clients: ['Region: Midwest', 'Region: Northeast', 'Region: South', 'Region: Unknown', 'Region: West']
2026-07-26T12:31:34  INFO       FL server warm-started from Centralized weights
2026-07-26T12:31:34  INFO       ── Round 1/3 ──
2026-07-26T12:31:35  INFO     [METRIC]     Round 1: global_AUROC=0.7683  local_wt_AUROC(in-sample)=0.8177  participants=5  (0.73s)
2026-07-26T12:31:35  INFO       ── Round 2/3 ──
2026-07-26T12:31:35  INFO     [METRIC]     Round 2: global_AUROC=0.7682  local_wt_AUROC(in-sample)=0.8177  participants=5  (0.61s)
2026-07-26T12:31:35  INFO       ── Round 3/3 ──
2026-07-26T12:31:36  INFO     [METRIC]     Round 3: global_AUROC=0.7682  local_wt_AUROC(in-sample)=0.8177  participants=5  (0.53s)
2026-07-26T12:31:36  INFO     [METRIC]   Final global model: AUROC=0.7682  AP=0.4232  F1=0.4396
2026-07-26T12:31:36  INFO     Running Strategy 3 — Quality-Gated Hospital FL (gate=0.55)…
2026-07-26T12:31:37  INFO       Strategy 3: screening 99 candidate hospitals (gate AUROC≥0.55)
2026-07-26T12:31:37  INFO       FL server warm-started from Centralized weights
2026-07-26T12:31:37  INFO       ── Round 1/1 ──
2026-07-26T12:31:40  INFO     [METRIC]     Round 1: global_AUROC=0.7154  local_wt_AUROC(in-sample)=0.9768  participants=99  (3.28s)
2026-07-26T12:31:41  INFO     [METRIC]   Final global model: AUROC=0.7154  AP=0.3388  F1=0.0111
2026-07-26T12:31:41  INFO       Strategy 3: 99 hospitals passed gate, 0 filtered
2026-07-26T12:31:41  INFO         Clients: ['Hospital 56 (n=24)', 'Hospital 58 (n=25)', 'Hospital 59 (n=24)', 'Hospital 60 (n=24)', 'Hospital 61 (n=22)', 'Hospital 63 (n=24)', 'Hospital 66 (n=22)', 'Hospital 67 (n=22)', 'Hospital 68 (n=23)', 'Hospital 69 (n=29)', 'Hospital 71 (n=24)', 'Hospital 73 (n=26)', 'Hospital 95 (n=25)', 'Hospital 108 (n=25)', 'Hospital 120 (n=26)', 'Hospital 122 (n=25)', 'Hospital 123 (n=25)', 'Hospital 125 (n=20)', 'Hospital 131 (n=21)', 'Hospital 141 (n=25)', 'Hospital 142 (n=26)', 'Hospital 144 (n=25)', 'Hospital 146 (n=24)', 'Hospital 148 (n=28)', 'Hospital 152 (n=25)', 'Hospital 154 (n=19)', 'Hospital 155 (n=27)', 'Hospital 157 (n=26)', 'Hospital 158 (n=23)', 'Hospital 164 (n=23)', 'Hospital 167 (n=26)', 'Hospital 171 (n=22)', 'Hospital 174 (n=29)', 'Hospital 175 (n=23)', 'Hospital 176 (n=24)', 'Hospital 179 (n=22)', 'Hospital 181 (n=24)', 'Hospital 182 (n=24)', 'Hospital 183 (n=23)', 'Hospital 188 (n=24)', 'Hospital 195 (n=22)', 'Hospital 196 (n=26)', 'Hospital 197 (n=27)', 'Hospital 199 (n=17)', 'Hospital 202 (n=25)', 'Hospital 205 (n=22)', 'Hospital 206 (n=27)', 'Hospital 207 (n=26)', 'Hospital 208 (n=25)', 'Hospital 209 (n=25)', 'Hospital 210 (n=26)', 'Hospital 220 (n=28)', 'Hospital 224 (n=23)', 'Hospital 226 (n=25)', 'Hospital 243 (n=25)', 'Hospital 248 (n=20)', 'Hospital 253 (n=22)', 'Hospital 254 (n=23)', 'Hospital 258 (n=23)', 'Hospital 269 (n=24)', 'Hospital 272 (n=27)', 'Hospital 273 (n=23)', 'Hospital 275 (n=23)', 'Hospital 281 (n=23)', 'Hospital 283 (n=23)', 'Hospital 300 (n=19)', 'Hospital 301 (n=18)', 'Hospital 307 (n=25)', 'Hospital 312 (n=26)', 'Hospital 328 (n=26)', 'Hospital 331 (n=24)', 'Hospital 338 (n=26)', 'Hospital 342 (n=20)', 'Hospital 345 (n=27)', 'Hospital 352 (n=23)', 'Hospital 353 (n=22)', 'Hospital 355 (n=26)', 'Hospital 365 (n=28)', 'Hospital 386 (n=25)', 'Hospital 387 (n=26)', 'Hospital 388 (n=26)', 'Hospital 392 (n=25)', 'Hospital 403 (n=24)', 'Hospital 404 (n=28)', 'Hospital 407 (n=24)', 'Hospital 411 (n=26)', 'Hospital 412 (n=24)', 'Hospital 420 (n=26)', 'Hospital 433 (n=23)', 'Hospital 435 (n=24)', 'Hospital 436 (n=25)', 'Hospital 437 (n=26)', 'Hospital 439 (n=25)', 'Hospital 440 (n=23)', 'Hospital 443 (n=20)', 'Hospital 444 (n=23)', 'Hospital 445 (n=27)', 'Hospital 458 (n=23)', 'Hospital 459 (n=23)']
2026-07-26T12:31:41  INFO       FL server warm-started from Centralized weights
2026-07-26T12:31:41  INFO       ── Round 1/3 ──
2026-07-26T12:31:44  INFO     [METRIC]     Round 1: global_AUROC=0.7154  local_wt_AUROC(in-sample)=0.9768  participants=99  (3.37s)
2026-07-26T12:31:44  INFO       ── Round 2/3 ──
2026-07-26T12:31:47  INFO     [METRIC]     Round 2: global_AUROC=0.7154  local_wt_AUROC(in-sample)=0.9768  participants=99  (3.24s)
2026-07-26T12:31:47  INFO       ── Round 3/3 ──
2026-07-26T12:31:50  INFO     [METRIC]     Round 3: global_AUROC=0.7154  local_wt_AUROC(in-sample)=0.9768  participants=99  (3.16s)
2026-07-26T12:31:51  INFO     [METRIC]   Final global model: AUROC=0.7154  AP=0.3388  F1=0.0111
2026-07-26T12:31:51  INFO     Running Strategy 4 — FedProx (μ=0.01)…
2026-07-26T12:31:51  INFO         Clients: ['Region: Midwest', 'Region: Northeast', 'Region: South', 'Region: Unknown', 'Region: West']
2026-07-26T12:31:51  INFO       FL server warm-started from Centralized weights
2026-07-26T12:31:51  INFO       ── Round 1/3 ──
2026-07-26T12:31:52  INFO     [METRIC]     Round 1: global_AUROC=0.7684  local_wt_AUROC(in-sample)=0.8177  participants=5  (0.57s)
2026-07-26T12:31:52  INFO       ── Round 2/3 ──
2026-07-26T12:31:52  INFO     [METRIC]     Round 2: global_AUROC=0.7683  local_wt_AUROC(in-sample)=0.8177  participants=5  (0.6s)
2026-07-26T12:31:52  INFO       ── Round 3/3 ──
2026-07-26T12:31:53  INFO     [METRIC]     Round 3: global_AUROC=0.7682  local_wt_AUROC(in-sample)=0.8177  participants=5  (0.59s)
2026-07-26T12:31:53  INFO     [METRIC]   Final global model: AUROC=0.7682  AP=0.4232  F1=0.4396
2026-07-26T12:31:53  INFO     Running Strategy 5 — Non-IID Simulation (α=0.5)…
2026-07-26T12:31:53  INFO         Clients: ['Synth-Hospital 1 (rate 27.2%)', 'Synth-Hospital 2 (rate 15.5%)', 'Synth-Hospital 3 (rate 2.8%)', 'Synth-Hospital 4 (rate 90.6%)', 'Synth-Hospital 5 (rate 18.6%)']
2026-07-26T12:31:53  INFO       FL server warm-started from Centralized weights
2026-07-26T12:31:53  INFO       ── Round 1/3 ──
2026-07-26T12:31:54  INFO     [METRIC]     Round 1: global_AUROC=0.7695  local_wt_AUROC(in-sample)=0.8108  participants=5  (0.59s)
2026-07-26T12:31:54  INFO       ── Round 2/3 ──
2026-07-26T12:31:54  INFO     [METRIC]     Round 2: global_AUROC=0.7694  local_wt_AUROC(in-sample)=0.8108  participants=5  (0.57s)
2026-07-26T12:31:54  INFO       ── Round 3/3 ──
2026-07-26T12:31:55  INFO     [METRIC]     Round 3: global_AUROC=0.7694  local_wt_AUROC(in-sample)=0.8108  participants=5  (0.55s)
2026-07-26T12:31:55  INFO     [METRIC]   Final global model: AUROC=0.7694  AP=0.4170  F1=0.4458
2026-07-26T12:31:55  INFO     All strategies complete in 28.8s
2026-07-26T12:31:55  INFO     Run 8eb26056 finished in 28.78s
