2026-08-08T23:11:04  INFO     ============================================================
2026-08-08T23:11:04  INFO     Run b2b5e184 started
2026-08-08T23:11:04  INFO     ============================================================
2026-08-08T23:11:04  INFO     Loading dataset: eICU — ICU Readmission (5 US regions)…
2026-08-08T23:11:05  INFO     Loaded 2,119 records | 358 positives (16.9%)  [Healthcare]
2026-08-08T23:11:05  INFO     Splitting global held-out test set from real data only (20% of 2,119 real patients)…
2026-08-08T23:11:05  INFO     Real data split — Train: 1,695 | Test: 424 real patients (no synthetic records in test set)
2026-08-08T23:11:05  INFO     Running Strategy 1 — Centralized (oracle baseline)…
2026-08-08T23:11:24  INFO     [METRIC]   Strategy 1 (Centralized): global_AUROC=0.7627  CV_AUROC=0.7408±0.0400
2026-08-08T23:11:24  INFO       Centralized AUROC=0.7627  (warm-start weights captured for FL strategies)
2026-08-08T23:11:24  INFO     Running Strategy 2 — FedAvg by Region…
2026-08-08T23:11:24  INFO         Clients: ['Region: Midwest', 'Region: Northeast', 'Region: South', 'Region: Unknown', 'Region: West']
2026-08-08T23:11:24  INFO       FL server warm-started from Centralized weights
2026-08-08T23:11:24  INFO       ── Round 1/3 ──
2026-08-08T23:11:25  INFO     [METRIC]     Round 1: global_AUROC=0.7637  local_wt_AUROC(in-sample)=1.0000  participants=5  (0.94s)
2026-08-08T23:11:25  INFO       ── Round 2/3 ──
2026-08-08T23:11:26  INFO     [METRIC]     Round 2: global_AUROC=0.7618  local_wt_AUROC(in-sample)=1.0000  participants=5  (0.91s)
2026-08-08T23:11:26  INFO       ── Round 3/3 ──
2026-08-08T23:11:27  INFO     [METRIC]     Round 3: global_AUROC=0.7613  local_wt_AUROC(in-sample)=1.0000  participants=5  (0.95s)
2026-08-08T23:11:27  INFO     [METRIC]   Final global model: AUROC=0.7613  AP=0.4638  F1=0.4409
2026-08-08T23:11:27  INFO     Running Strategy 3 — Quality-Gated Hospital FL (gate=0.55)…
2026-08-08T23:11:27  INFO       Strategy 3: screening 31 candidate hospitals (gate AUROC≥0.55)
2026-08-08T23:11:27  INFO       FL server warm-started from Centralized weights
2026-08-08T23:11:27  INFO       ── Round 1/1 ──
2026-08-08T23:11:31  INFO     [METRIC]     Round 1: global_AUROC=0.7542  local_wt_AUROC(in-sample)=1.0000  participants=31  (3.26s)
2026-08-08T23:11:31  INFO     [METRIC]   Final global model: AUROC=0.7542  AP=0.4714  F1=0.4559
2026-08-08T23:11:31  INFO       Strategy 3: 31 hospitals passed gate, 0 filtered
2026-08-08T23:11:31  INFO         Clients: ['Hospital 56 (n=11)', 'Hospital 59 (n=10)', 'Hospital 63 (n=10)', 'Hospital 67 (n=10)', 'Hospital 69 (n=13)', 'Hospital 108 (n=10)', 'Hospital 122 (n=10)', 'Hospital 123 (n=18)', 'Hospital 125 (n=10)', 'Hospital 142 (n=10)', 'Hospital 144 (n=11)', 'Hospital 146 (n=18)', 'Hospital 154 (n=10)', 'Hospital 164 (n=10)', 'Hospital 171 (n=11)', 'Hospital 174 (n=11)', 'Hospital 175 (n=11)', 'Hospital 179 (n=10)', 'Hospital 181 (n=11)', 'Hospital 224 (n=12)', 'Hospital 243 (n=18)', 'Hospital 283 (n=13)', 'Hospital 312 (n=13)', 'Hospital 328 (n=12)', 'Hospital 404 (n=12)', 'Hospital 420 (n=11)', 'Hospital 433 (n=10)', 'Hospital 437 (n=11)', 'Hospital 444 (n=10)', 'Hospital 458 (n=12)', 'Hospital 459 (n=10)']
2026-08-08T23:11:31  INFO       FL server warm-started from Centralized weights
2026-08-08T23:11:31  INFO       ── Round 1/3 ──
2026-08-08T23:11:34  INFO     [METRIC]     Round 1: global_AUROC=0.7542  local_wt_AUROC(in-sample)=1.0000  participants=31  (3.23s)
2026-08-08T23:11:34  INFO       ── Round 2/3 ──
2026-08-08T23:11:38  INFO     [METRIC]     Round 2: global_AUROC=0.7363  local_wt_AUROC(in-sample)=1.0000  participants=31  (4.08s)
2026-08-08T23:11:38  INFO       ── Round 3/3 ──
2026-08-08T23:11:43  INFO     [METRIC]     Round 3: global_AUROC=0.7146  local_wt_AUROC(in-sample)=1.0000  participants=31  (4.31s)
2026-08-08T23:11:43  INFO     [METRIC]   Final global model: AUROC=0.7146  AP=0.3974  F1=0.3511
2026-08-08T23:11:43  INFO     Running Strategy 4 — FedProx (μ=0.01)…
2026-08-08T23:11:43  INFO         Clients: ['Region: Midwest', 'Region: Northeast', 'Region: South', 'Region: Unknown', 'Region: West']
2026-08-08T23:11:44  INFO       FL server warm-started from Centralized weights
2026-08-08T23:11:44  INFO       ── Round 1/3 ──
2026-08-08T23:11:48  INFO     [METRIC]     Round 1: global_AUROC=0.7637  local_wt_AUROC(in-sample)=1.0000  participants=5  (3.95s)
2026-08-08T23:11:48  INFO       ── Round 2/3 ──
2026-08-08T23:11:49  INFO     [METRIC]     Round 2: global_AUROC=0.7618  local_wt_AUROC(in-sample)=1.0000  participants=5  (1.0s)
2026-08-08T23:11:49  INFO       ── Round 3/3 ──
2026-08-08T23:11:50  INFO     [METRIC]     Round 3: global_AUROC=0.7613  local_wt_AUROC(in-sample)=1.0000  participants=5  (0.95s)
2026-08-08T23:11:50  INFO     [METRIC]   Final global model: AUROC=0.7613  AP=0.4638  F1=0.4409
2026-08-08T23:11:50  INFO     All strategies complete in 46.2s
2026-08-08T23:11:50  INFO     Run b2b5e184 finished in 46.14s
