2026-07-26T13:33:54  INFO     ============================================================
2026-07-26T13:33:54  INFO     Run b7444f2e started
2026-07-26T13:33:54  INFO     ============================================================
2026-07-26T13:33:54  INFO     Loading eICU tables…
2026-07-26T13:33:54  INFO     Loaded 2,119 patients | 358 readmissions (16.9%)
2026-07-26T13:33:54  INFO     Splitting global held-out test set from real data only (20% of 2,119 real patients)…
2026-07-26T13:33:54  INFO     Real data split — Train: 1,695 | Test: 424 real patients (no synthetic records in test set)
2026-07-26T13:33:54  INFO     Augmenting training data to ≥2000 patients/hospital via Gaussian-noise perturbation (train only)…
2026-07-26T13:34:02  INFO     After augmentation — Train: 372,000 patients (370,305 synthetic, 1,695 real) | Test: 424 real patients only
2026-07-26T13:34:02  INFO     Running Strategy 1 — Centralized (oracle baseline)…
2026-07-26T13:34:11  INFO     [METRIC]   Strategy 1 (Centralized): global_AUROC=0.7501  CV_AUROC=0.7946±0.0023
2026-07-26T13:34:11  INFO       Centralized AUROC=0.7501  (warm-start weights captured for FL strategies)
2026-07-26T13:34:11  INFO     Running Strategy 2 — FedAvg by Region…
2026-07-26T13:34:12  INFO         Clients: ['Region: Midwest', 'Region: Northeast', 'Region: South', 'Region: Unknown', 'Region: West']
2026-07-26T13:34:12  INFO       FL server warm-started from Centralized weights
2026-07-26T13:34:12  INFO       ── Round 1/3 ──
2026-07-26T13:34:15  INFO     [METRIC]     Round 1: global_AUROC=0.7188  local_wt_AUROC(in-sample)=0.8637  participants=5  (2.33s)
2026-07-26T13:34:15  INFO       ── Round 2/3 ──
2026-07-26T13:34:17  INFO     [METRIC]     Round 2: global_AUROC=0.7188  local_wt_AUROC(in-sample)=0.8637  participants=5  (2.29s)
2026-07-26T13:34:17  INFO       ── Round 3/3 ──
2026-07-26T13:34:19  INFO     [METRIC]     Round 3: global_AUROC=0.7188  local_wt_AUROC(in-sample)=0.8637  participants=5  (2.16s)
2026-07-26T13:34:19  INFO     [METRIC]   Final global model: AUROC=0.7188  AP=0.3003  F1=0.4348
2026-07-26T13:34:20  INFO     Running Strategy 3 — Quality-Gated Hospital FL (gate=0.55)…
2026-07-26T13:34:20  INFO       Strategy 3: screening 100 candidate hospitals (gate AUROC≥0.55)
2026-07-26T13:34:20  INFO       FL server warm-started from Centralized weights
2026-07-26T13:34:20  INFO       ── Round 1/1 ──
2026-07-26T13:34:24  INFO     [METRIC]     Round 1: global_AUROC=0.6656  local_wt_AUROC(in-sample)=0.9969  participants=100  (3.89s)
2026-07-26T13:34:24  INFO     [METRIC]   Final global model: AUROC=0.6656  AP=0.2907  F1=0.0000
2026-07-26T13:34:24  INFO       Strategy 3: 100 hospitals passed gate, 0 filtered
2026-07-26T13:34:24  INFO         Clients: ['Hospital 56 (n=2000)', 'Hospital 58 (n=2000)', 'Hospital 59 (n=2000)', 'Hospital 60 (n=2000)', 'Hospital 61 (n=2000)', 'Hospital 63 (n=2000)', 'Hospital 67 (n=2000)', 'Hospital 68 (n=2000)', 'Hospital 69 (n=2000)', 'Hospital 71 (n=2000)', 'Hospital 73 (n=2000)', 'Hospital 95 (n=2000)', 'Hospital 108 (n=2000)', 'Hospital 115 (n=2000)', 'Hospital 120 (n=2000)', 'Hospital 122 (n=2000)', 'Hospital 123 (n=2000)', 'Hospital 125 (n=2000)', 'Hospital 131 (n=2000)', 'Hospital 141 (n=2000)', 'Hospital 142 (n=2000)', 'Hospital 144 (n=2000)', 'Hospital 146 (n=2000)', 'Hospital 148 (n=2000)', 'Hospital 152 (n=2000)', 'Hospital 154 (n=2000)', 'Hospital 155 (n=2000)', 'Hospital 157 (n=2000)', 'Hospital 158 (n=2000)', 'Hospital 164 (n=2000)', 'Hospital 165 (n=2000)', 'Hospital 167 (n=2000)', 'Hospital 171 (n=2000)', 'Hospital 174 (n=2000)', 'Hospital 175 (n=2000)', 'Hospital 179 (n=2000)', 'Hospital 181 (n=2000)', 'Hospital 182 (n=2000)', 'Hospital 183 (n=2000)', 'Hospital 188 (n=2000)', 'Hospital 195 (n=2000)', 'Hospital 196 (n=2000)', 'Hospital 197 (n=2000)', 'Hospital 198 (n=2000)', 'Hospital 199 (n=2000)', 'Hospital 202 (n=2000)', 'Hospital 205 (n=2000)', 'Hospital 206 (n=2000)', 'Hospital 207 (n=2000)', 'Hospital 208 (n=2000)', 'Hospital 209 (n=2000)', 'Hospital 210 (n=2000)', 'Hospital 220 (n=2000)', 'Hospital 224 (n=2000)', 'Hospital 243 (n=2000)', 'Hospital 248 (n=2000)', 'Hospital 254 (n=2000)', 'Hospital 258 (n=2000)', 'Hospital 262 (n=2000)', 'Hospital 269 (n=2000)', 'Hospital 272 (n=2000)', 'Hospital 273 (n=2000)', 'Hospital 275 (n=2000)', 'Hospital 281 (n=2000)', 'Hospital 283 (n=2000)', 'Hospital 300 (n=2000)', 'Hospital 301 (n=2000)', 'Hospital 307 (n=2000)', 'Hospital 312 (n=2000)', 'Hospital 328 (n=2000)', 'Hospital 338 (n=2000)', 'Hospital 342 (n=2000)', 'Hospital 352 (n=2000)', 'Hospital 353 (n=2000)', 'Hospital 365 (n=2000)', 'Hospital 386 (n=2000)', 'Hospital 387 (n=2000)', 'Hospital 388 (n=2000)', 'Hospital 389 (n=2000)', 'Hospital 390 (n=2000)', 'Hospital 392 (n=2000)', 'Hospital 403 (n=2000)', 'Hospital 404 (n=2000)', 'Hospital 407 (n=2000)', 'Hospital 411 (n=2000)', 'Hospital 413 (n=2000)', 'Hospital 417 (n=2000)', 'Hospital 420 (n=2000)', 'Hospital 422 (n=2000)', 'Hospital 433 (n=2000)', 'Hospital 435 (n=2000)', 'Hospital 436 (n=2000)', 'Hospital 437 (n=2000)', 'Hospital 439 (n=2000)', 'Hospital 440 (n=2000)', 'Hospital 443 (n=2000)', 'Hospital 444 (n=2000)', 'Hospital 445 (n=2000)', 'Hospital 458 (n=2000)', 'Hospital 459 (n=2000)']
2026-07-26T13:34:24  INFO       FL server warm-started from Centralized weights
2026-07-26T13:34:24  INFO       ── Round 1/3 ──
2026-07-26T13:34:28  INFO     [METRIC]     Round 1: global_AUROC=0.6656  local_wt_AUROC(in-sample)=0.9969  participants=100  (4.01s)
2026-07-26T13:34:28  INFO       ── Round 2/3 ──
2026-07-26T13:34:32  INFO     [METRIC]     Round 2: global_AUROC=0.6655  local_wt_AUROC(in-sample)=0.9969  participants=100  (3.9s)
2026-07-26T13:34:32  INFO       ── Round 3/3 ──
2026-07-26T13:34:36  INFO     [METRIC]     Round 3: global_AUROC=0.6655  local_wt_AUROC(in-sample)=0.9969  participants=100  (3.9s)
2026-07-26T13:34:37  INFO     [METRIC]   Final global model: AUROC=0.6655  AP=0.2906  F1=0.0000
2026-07-26T13:34:37  INFO     Running Strategy 4 — FedProx (μ=0.01)…
2026-07-26T13:34:38  INFO         Clients: ['Region: Midwest', 'Region: Northeast', 'Region: South', 'Region: Unknown', 'Region: West']
2026-07-26T13:34:38  INFO       FL server warm-started from Centralized weights
2026-07-26T13:34:38  INFO       ── Round 1/3 ──
2026-07-26T13:34:40  INFO     [METRIC]     Round 1: global_AUROC=0.7194  local_wt_AUROC(in-sample)=0.8637  participants=5  (2.46s)
2026-07-26T13:34:40  INFO       ── Round 2/3 ──
2026-07-26T13:34:43  INFO     [METRIC]     Round 2: global_AUROC=0.7189  local_wt_AUROC(in-sample)=0.8637  participants=5  (2.19s)
2026-07-26T13:34:43  INFO       ── Round 3/3 ──
2026-07-26T13:34:45  INFO     [METRIC]     Round 3: global_AUROC=0.7187  local_wt_AUROC(in-sample)=0.8637  participants=5  (2.08s)
2026-07-26T13:34:45  INFO     [METRIC]   Final global model: AUROC=0.7187  AP=0.3002  F1=0.4348
2026-07-26T13:34:45  INFO     Running Strategy 5 — Non-IID Simulation (α=0.5)…
2026-07-26T13:34:46  INFO         Clients: ['Synth-Hospital 1 (rate 27.2%)', 'Synth-Hospital 2 (rate 16.3%)', 'Synth-Hospital 3 (rate 25.4%)', 'Synth-Hospital 4 (rate 10.6%)', 'Synth-Hospital 5 (rate 8.2%)']
2026-07-26T13:34:46  INFO       FL server warm-started from Centralized weights
2026-07-26T13:34:46  INFO       ── Round 1/3 ──
2026-07-26T13:34:48  INFO     [METRIC]     Round 1: global_AUROC=0.7495  local_wt_AUROC(in-sample)=0.7939  participants=5  (1.53s)
2026-07-26T13:34:48  INFO       ── Round 2/3 ──
2026-07-26T13:34:49  INFO     [METRIC]     Round 2: global_AUROC=0.7494  local_wt_AUROC(in-sample)=0.7939  participants=5  (1.44s)
2026-07-26T13:34:49  INFO       ── Round 3/3 ──
2026-07-26T13:34:51  INFO     [METRIC]     Round 3: global_AUROC=0.7493  local_wt_AUROC(in-sample)=0.7939  participants=5  (1.57s)
2026-07-26T13:34:51  INFO     [METRIC]   Final global model: AUROC=0.7493  AP=0.3433  F1=0.4583
2026-07-26T13:34:51  INFO     All strategies complete in 57.7s
2026-07-26T13:34:51  INFO     Run b7444f2e finished in 57.71s
