2026-07-18T21:46:43  INFO     ============================================================
2026-07-18T21:46:43  INFO     Run c30d2309 started
2026-07-18T21:46:43  INFO     ============================================================
2026-07-18T21:46:43  INFO     Loading eICU tables…
2026-07-18T21:46:44  INFO     Loaded 2,119 patients | 358 readmissions (16.9%)
2026-07-18T21:46:44  INFO     Splitting global held-out test set (20% of data)…
2026-07-18T21:46:44  INFO     Train: 1,695 | Test: 424 (shared across all strategies)
2026-07-18T21:46:44  INFO     Running Strategy 1 — Centralized (oracle baseline)…
2026-07-18T21:46:45  INFO     [METRIC]   Strategy 1 (Centralized): global_AUROC=0.7540  CV_AUROC=0.7596±0.0398
2026-07-18T21:46:45  INFO       Centralized AUROC=0.7540  (warm-start weights captured for FL strategies)
2026-07-18T21:46:45  INFO     Running Strategy 2 — FedAvg by Region…
2026-07-18T21:46:45  INFO         Clients: ['Region: Midwest', 'Region: Northeast', 'Region: South', 'Region: Unknown', 'Region: West']
2026-07-18T21:46:45  INFO       FL server warm-started from Centralized weights
2026-07-18T21:46:45  INFO       ── Round 1/3 ──
2026-07-18T21:46:45  INFO     [METRIC]     Round 1: global_AUROC=0.7401  local_wt_AUROC(in-sample)=0.8197  participants=5  (0.55s)
2026-07-18T21:46:45  INFO       ── Round 2/3 ──
2026-07-18T21:46:46  INFO     [METRIC]     Round 2: global_AUROC=0.7400  local_wt_AUROC(in-sample)=0.8196  participants=5  (0.46s)
2026-07-18T21:46:46  INFO       ── Round 3/3 ──
2026-07-18T21:46:46  INFO     [METRIC]     Round 3: global_AUROC=0.7400  local_wt_AUROC(in-sample)=0.8196  participants=5  (0.43s)
2026-07-18T21:46:47  INFO     [METRIC]   Final global model: AUROC=0.7400  AP=0.3611  F1=0.4195
2026-07-18T21:46:47  INFO     Running Strategy 4 — Quality-Gated Hospital FL (gate=0.55)…
2026-07-18T21:46:47  INFO       Strategy 4: screening 31 candidate hospitals (gate AUROC≥0.55)
2026-07-18T21:46:47  INFO       FL server warm-started from Centralized weights
2026-07-18T21:46:47  INFO       ── Round 1/1 ──
2026-07-18T21:46:48  INFO     [METRIC]     Round 1: global_AUROC=0.6867  local_wt_AUROC(in-sample)=0.9402  participants=31  (1.15s)
2026-07-18T21:46:48  INFO     [METRIC]   Final global model: AUROC=0.6867  AP=0.2880  F1=0.0000
2026-07-18T21:46:48  INFO       Strategy 4: 31 hospitals passed gate, 0 filtered
2026-07-18T21:46:48  INFO         Clients: ['Hospital 56 (n=11)', 'Hospital 59 (n=10)', 'Hospital 63 (n=10)', 'Hospital 67 (n=10)', 'Hospital 69 (n=13)', 'Hospital 108 (n=10)', 'Hospital 122 (n=10)', 'Hospital 123 (n=18)', 'Hospital 125 (n=10)', 'Hospital 142 (n=10)', 'Hospital 144 (n=11)', 'Hospital 146 (n=18)', 'Hospital 154 (n=10)', 'Hospital 164 (n=10)', 'Hospital 171 (n=11)', 'Hospital 174 (n=11)', 'Hospital 175 (n=11)', 'Hospital 179 (n=10)', 'Hospital 181 (n=11)', 'Hospital 224 (n=12)', 'Hospital 243 (n=18)', 'Hospital 283 (n=13)', 'Hospital 312 (n=13)', 'Hospital 328 (n=12)', 'Hospital 404 (n=12)', 'Hospital 420 (n=11)', 'Hospital 433 (n=10)', 'Hospital 437 (n=11)', 'Hospital 444 (n=10)', 'Hospital 458 (n=12)', 'Hospital 459 (n=10)']
2026-07-18T21:46:48  INFO       FL server warm-started from Centralized weights
2026-07-18T21:46:48  INFO       ── Round 1/3 ──
2026-07-18T21:46:49  INFO     [METRIC]     Round 1: global_AUROC=0.6867  local_wt_AUROC(in-sample)=0.9402  participants=31  (1.13s)
2026-07-18T21:46:49  INFO       ── Round 2/3 ──
2026-07-18T21:46:50  INFO     [METRIC]     Round 2: global_AUROC=0.6868  local_wt_AUROC(in-sample)=0.9402  participants=31  (1.13s)
2026-07-18T21:46:50  INFO       ── Round 3/3 ──
2026-07-18T21:46:52  INFO     [METRIC]     Round 3: global_AUROC=0.6867  local_wt_AUROC(in-sample)=0.9402  participants=31  (1.06s)
2026-07-18T21:46:52  INFO     [METRIC]   Final global model: AUROC=0.6867  AP=0.2880  F1=0.0000
2026-07-18T21:46:52  INFO     All strategies complete in 8.6s
2026-07-18T21:46:52  INFO     Run c30d2309 finished in 8.56s
