2026-07-18T13:38:18  INFO     ============================================================
2026-07-18T13:38:18  INFO     Run cfa16ad5 started
2026-07-18T13:38:18  INFO     ============================================================
2026-07-18T13:38:18  INFO     Loading eICU tables…
2026-07-18T13:38:19  INFO     Loaded 2,119 patients | 358 readmissions (16.9%)
2026-07-18T13:38:19  INFO     Splitting global held-out test set (20% of data)…
2026-07-18T13:38:19  INFO     Train: 1,695 | Test: 424 (shared across all strategies)
2026-07-18T13:38:19  INFO     Running Strategy 1 — Centralized (oracle baseline)…
2026-07-18T13:38:37  INFO     [METRIC]   Strategy 1 (Centralized): global_AUROC=0.7627  CV_AUROC=0.7408±0.0400
2026-07-18T13:38:37  INFO       Centralized AUROC=0.7627  (warm-start weights captured for FL strategies)
2026-07-18T13:38:37  INFO     Running Strategy 2 — FedAvg by Region…
2026-07-18T13:38:37  INFO         Clients: ['Region: Midwest', 'Region: Northeast', 'Region: South', 'Region: Unknown', 'Region: West']
2026-07-18T13:38:37  INFO       FL server warm-started from Centralized weights
2026-07-18T13:38:37  INFO       ── Round 1/3 ──
2026-07-18T13:38:38  INFO     [METRIC]     Round 1: global_AUROC=0.7637  local_wt_AUROC(in-sample)=1.0000  participants=5  (0.94s)
2026-07-18T13:38:38  INFO       ── Round 2/3 ──
2026-07-18T13:38:39  INFO     [METRIC]     Round 2: global_AUROC=0.7618  local_wt_AUROC(in-sample)=1.0000  participants=5  (0.89s)
2026-07-18T13:38:39  INFO       ── Round 3/3 ──
2026-07-18T13:38:40  INFO     [METRIC]     Round 3: global_AUROC=0.7613  local_wt_AUROC(in-sample)=1.0000  participants=5  (1.16s)
2026-07-18T13:38:40  INFO     [METRIC]   Final global model: AUROC=0.7613  AP=0.4638  F1=0.4409
2026-07-18T13:38:40  INFO     Running Strategy 4 — Quality-Gated Hospital FL (gate=0.55)…
2026-07-18T13:38:41  INFO       Strategy 4: screening 31 candidate hospitals (gate AUROC≥0.55)
2026-07-18T13:38:41  INFO       FL server warm-started from Centralized weights
2026-07-18T13:38:41  INFO       ── Round 1/1 ──
2026-07-18T13:38:44  INFO     [METRIC]     Round 1: global_AUROC=0.7542  local_wt_AUROC(in-sample)=1.0000  participants=31  (3.16s)
2026-07-18T13:38:44  INFO     [METRIC]   Final global model: AUROC=0.7542  AP=0.4714  F1=0.4559
2026-07-18T13:38:44  INFO       Strategy 4: 31 hospitals passed gate, 0 filtered
2026-07-18T13:38:44  INFO         Clients: ['Hospital 56 (n=11)', 'Hospital 59 (n=10)', 'Hospital 63 (n=10)', 'Hospital 67 (n=10)', 'Hospital 69 (n=13)', 'Hospital 108 (n=10)', 'Hospital 122 (n=10)', 'Hospital 123 (n=18)', 'Hospital 125 (n=10)', 'Hospital 142 (n=10)', 'Hospital 144 (n=11)', 'Hospital 146 (n=18)', 'Hospital 154 (n=10)', 'Hospital 164 (n=10)', 'Hospital 171 (n=11)', 'Hospital 174 (n=11)', 'Hospital 175 (n=11)', 'Hospital 179 (n=10)', 'Hospital 181 (n=11)', 'Hospital 224 (n=12)', 'Hospital 243 (n=18)', 'Hospital 283 (n=13)', 'Hospital 312 (n=13)', 'Hospital 328 (n=12)', 'Hospital 404 (n=12)', 'Hospital 420 (n=11)', 'Hospital 433 (n=10)', 'Hospital 437 (n=11)', 'Hospital 444 (n=10)', 'Hospital 458 (n=12)', 'Hospital 459 (n=10)']
2026-07-18T13:38:44  INFO       FL server warm-started from Centralized weights
2026-07-18T13:38:44  INFO       ── Round 1/3 ──
2026-07-18T13:38:47  INFO     [METRIC]     Round 1: global_AUROC=0.7542  local_wt_AUROC(in-sample)=1.0000  participants=31  (2.88s)
2026-07-18T13:38:47  INFO       ── Round 2/3 ──
2026-07-18T13:38:51  INFO     [METRIC]     Round 2: global_AUROC=0.7363  local_wt_AUROC(in-sample)=1.0000  participants=31  (3.58s)
2026-07-18T13:38:51  INFO       ── Round 3/3 ──
2026-07-18T13:38:55  INFO     [METRIC]     Round 3: global_AUROC=0.7146  local_wt_AUROC(in-sample)=1.0000  participants=31  (3.76s)
2026-07-18T13:38:55  INFO     [METRIC]   Final global model: AUROC=0.7146  AP=0.3974  F1=0.3511
2026-07-18T13:38:55  INFO     All strategies complete in 36.9s
2026-07-18T13:38:55  INFO     Run cfa16ad5 finished in 36.89s
