2026-08-08T23:13:05  INFO     ============================================================
2026-08-08T23:13:05  INFO     Run d5e90eb5 started
2026-08-08T23:13:05  INFO     ============================================================
2026-08-08T23:13:05  INFO     Loading dataset: UCI Heart Disease (4 hospital sites)…
2026-08-08T23:13:06  INFO     Loaded 920 records | 509 positives (55.3%)  [Healthcare]
2026-08-08T23:13:06  INFO     Splitting global held-out test set from real data only (20% of 920 real patients)…
2026-08-08T23:13:06  INFO     Real data split — Train: 736 | Test: 184 real patients (no synthetic records in test set)
2026-08-08T23:13:06  INFO     Heart Disease dataset: enforcing S1 (Centralized) + S2 (FedAvg Region only)
2026-08-08T23:13:06  INFO     Running Strategy 1 — Centralized (oracle baseline)…
2026-08-08T23:13:07  INFO     [METRIC]   Strategy 1 (Centralized): global_AUROC=0.8902  CV_AUROC=0.8708±0.0268
2026-08-08T23:13:07  INFO       Centralized AUROC=0.8902  (warm-start weights captured for FL strategies)
2026-08-08T23:13:07  INFO     Running Strategy 2 — FedAvg by Region…
2026-08-08T23:13:07  INFO         Clients: ['Region: Cleveland', 'Region: Hungarian', 'Region: Switzerland', 'Region: VA']
2026-08-08T23:13:07  INFO       FL server warm-started from Centralized weights
2026-08-08T23:13:07  INFO       ── Round 1/3 ──
2026-08-08T23:13:07  INFO     [METRIC]     Round 1: global_AUROC=0.8894  local_wt_AUROC(in-sample)=0.8656  participants=4  (0.55s)
2026-08-08T23:13:07  INFO       ── Round 2/3 ──
2026-08-08T23:13:08  INFO     [METRIC]     Round 2: global_AUROC=0.8894  local_wt_AUROC(in-sample)=0.8656  participants=4  (0.44s)
2026-08-08T23:13:08  INFO       ── Round 3/3 ──
2026-08-08T23:13:08  INFO     [METRIC]     Round 3: global_AUROC=0.8894  local_wt_AUROC(in-sample)=0.8656  participants=4  (0.44s)
2026-08-08T23:13:09  INFO     [METRIC]   Final global model: AUROC=0.8894  AP=0.9123  F1=0.7735
2026-08-08T23:13:09  INFO     All strategies complete in 3.4s
2026-08-08T23:13:09  INFO     Run d5e90eb5 finished in 3.39s
