2026-07-05T15:33:49  INFO     ============================================================
2026-07-05T15:33:49  INFO     Run f4eb9d83 started
2026-07-05T15:33:49  INFO     ============================================================
2026-07-05T15:33:49  INFO     Loading eICU tables…
2026-07-05T15:33:50  INFO     Loaded 2,119 patients | 358 readmissions (16.9%)
2026-07-05T15:33:50  INFO     Splitting global held-out test set (20% of data)…
2026-07-05T15:33:50  INFO     Train: 1,695 | Test: 424 (shared across all strategies)
2026-07-05T15:33:50  INFO     Running Strategy 1 — Centralized (oracle baseline)…
2026-07-05T15:34:32  INFO     [METRIC]   Strategy 1 (Centralized): global_AUROC=0.7319  CV_AUROC=0.7180±0.0531
2026-07-05T15:34:32  INFO     Running Strategy 2 — FedAvg by Region…
2026-07-05T15:34:32  INFO         Clients: ['Region: Midwest', 'Region: Northeast', 'Region: South', 'Region: West']
2026-07-05T15:34:32  INFO       ── Round 1/3 ──
2026-07-05T15:34:39  INFO     [METRIC]     Round 1: global_AUROC=0.7616  local_wt_AUROC=0.8050  participants=4  (7.19s)
2026-07-05T15:34:39  INFO       ── Round 2/3 ──
2026-07-05T15:34:47  INFO     [METRIC]     Round 2: global_AUROC=0.7274  local_wt_AUROC=0.7113  participants=4  (7.93s)
2026-07-05T15:34:47  INFO       ── Round 3/3 ──
2026-07-05T15:34:54  INFO     [METRIC]     Round 3: global_AUROC=0.7456  local_wt_AUROC=0.7984  participants=4  (7.16s)
2026-07-05T15:34:54  INFO     [METRIC]   Final global model: AUROC=0.7456  AP=0.3738
2026-07-05T15:34:54  INFO     Running Strategy 3 — FedAvg by Hospital Cluster…
2026-07-05T15:34:58  INFO         Clients: ['Cluster 1 (rate 13.1%)', 'Cluster 2 (rate 16.8%)', 'Cluster 3 (rate 22.8%)']
2026-07-05T15:34:58  INFO       ── Round 1/3 ──
2026-07-05T15:35:06  INFO     [METRIC]     Round 1: global_AUROC=0.6860  local_wt_AUROC=0.7505  participants=3  (8.41s)
2026-07-05T15:35:06  INFO       ── Round 2/3 ──
2026-07-05T15:35:16  INFO     [METRIC]     Round 2: global_AUROC=0.6833  local_wt_AUROC=0.8084  participants=3  (9.67s)
2026-07-05T15:35:16  INFO       ── Round 3/3 ──
2026-07-05T15:35:25  INFO     [METRIC]     Round 3: global_AUROC=0.6665  local_wt_AUROC=0.7356  participants=3  (8.54s)
2026-07-05T15:35:25  INFO     [METRIC]   Final global model: AUROC=0.6665  AP=0.3766
2026-07-05T15:35:25  INFO     Running Strategy 4 — Quality-Gated Hospital FL (gate=0.55)…
2026-07-05T15:35:25  INFO       Strategy 4: screening 31 candidate hospitals (gate AUROC≥0.55)
2026-07-05T15:35:25  INFO       ── Round 1/1 ──
2026-07-05T15:35:42  INFO     [METRIC]     Round 1: global_AUROC=0.6899  local_wt_AUROC=0.5103  participants=31  (17.35s)
2026-07-05T15:35:42  INFO     [METRIC]   Final global model: AUROC=0.6899  AP=0.2969
2026-07-05T15:35:42  INFO       Strategy 4: 14 hospitals passed gate, 17 filtered
2026-07-05T15:35:42  INFO         Clients: ['Hospital 59 (n=11)', 'Hospital 60 (n=10)', 'Hospital 68 (n=11)', 'Hospital 69 (n=11)', 'Hospital 122 (n=11)', 'Hospital 123 (n=18)', 'Hospital 146 (n=21)', 'Hospital 175 (n=12)', 'Hospital 179 (n=11)', 'Hospital 183 (n=10)', 'Hospital 209 (n=11)', 'Hospital 443 (n=13)', 'Hospital 458 (n=13)', 'Hospital 459 (n=10)']
2026-07-05T15:35:43  INFO       ── Round 1/3 ──
2026-07-05T15:35:50  INFO     [METRIC]     Round 1: global_AUROC=0.6872  local_wt_AUROC=0.9697  participants=14  (7.37s)
2026-07-05T15:35:50  INFO       ── Round 2/3 ──
2026-07-05T15:35:57  INFO     [METRIC]     Round 2: global_AUROC=0.7002  local_wt_AUROC=0.9046  participants=14  (7.31s)
2026-07-05T15:35:57  INFO       ── Round 3/3 ──
2026-07-05T15:36:04  INFO     [METRIC]     Round 3: global_AUROC=0.7182  local_wt_AUROC=0.8396  participants=14  (7.04s)
2026-07-05T15:36:04  INFO     [METRIC]   Final global model: AUROC=0.7182  AP=0.3572
2026-07-05T15:36:04  INFO     Running Strategy 5 — FedProx (μ=0.01)…
2026-07-05T15:36:04  INFO         Clients: ['Region: Midwest', 'Region: Northeast', 'Region: South', 'Region: West']
2026-07-05T15:36:05  INFO       ── Round 1/3 ──
2026-07-05T15:36:12  INFO     [METRIC]     Round 1: global_AUROC=0.7616  local_wt_AUROC=0.8050  participants=4  (7.8s)
2026-07-05T15:36:12  INFO       ── Round 2/3 ──
2026-07-05T15:36:20  INFO     [METRIC]     Round 2: global_AUROC=0.7274  local_wt_AUROC=0.7113  participants=4  (7.55s)
2026-07-05T15:36:20  INFO       ── Round 3/3 ──
2026-07-05T15:36:27  INFO     [METRIC]     Round 3: global_AUROC=0.7456  local_wt_AUROC=0.7984  participants=4  (6.94s)
2026-07-05T15:36:27  INFO     [METRIC]   Final global model: AUROC=0.7456  AP=0.3738
2026-07-05T15:36:27  INFO     Running Strategy 6 — Non-IID Simulation (α=0.5)…
2026-07-05T15:36:27  INFO         Clients: ['Synth-Hospital 1 (rate 1.4%)', 'Synth-Hospital 2 (rate 8.3%)', 'Synth-Hospital 3 (rate 0.0%)', 'Synth-Hospital 4 (rate 60.9%)', 'Synth-Hospital 5 (rate 3.7%)']
2026-07-05T15:36:27  INFO       ── Round 1/3 ──
2026-07-05T15:36:32  INFO     [METRIC]     Round 1: global_AUROC=0.7245  local_wt_AUROC=0.5905  participants=4  (4.66s)
2026-07-05T15:36:32  INFO       ── Round 2/3 ──
2026-07-05T15:36:37  INFO     [METRIC]     Round 2: global_AUROC=0.7659  local_wt_AUROC=0.7476  participants=4  (4.71s)
2026-07-05T15:36:37  INFO       ── Round 3/3 ──
2026-07-05T15:36:41  INFO     [METRIC]     Round 3: global_AUROC=0.7594  local_wt_AUROC=0.6761  participants=4  (4.77s)
2026-07-05T15:36:41  INFO     [METRIC]   Final global model: AUROC=0.7594  AP=0.4844
2026-07-05T15:36:41  INFO     All strategies complete in 171.9s
2026-07-05T15:36:41  INFO     Run f4eb9d83 finished in 171.92s
